Archive member included to satisfy reference by file (symbol)

C:/ST/STM32CubeIDE_1.18.0/STM32CubeIDE/plugins/com.st.stm32cube.ide.mcu.externaltools.gnu-tools-for-stm32.13.3.rel1.win32_1.0.0.202411081344/tools/bin/../lib/gcc/arm-none-eabi/13.3.1/../../../../arm-none-eabi/lib/thumb/v7-m/nofp\libc_nano.a(libc_a-exit.o)
                              C:/ST/STM32CubeIDE_1.18.0/STM32CubeIDE/plugins/com.st.stm32cube.ide.mcu.externaltools.gnu-tools-for-stm32.13.3.rel1.win32_1.0.0.202411081344/tools/bin/../lib/gcc/arm-none-eabi/13.3.1/../../../../arm-none-eabi/lib/thumb/v7-m/nofp/crt0.o (exit)
C:/ST/STM32CubeIDE_1.18.0/STM32CubeIDE/plugins/com.st.stm32cube.ide.mcu.externaltools.gnu-tools-for-stm32.13.3.rel1.win32_1.0.0.202411081344/tools/bin/../lib/gcc/arm-none-eabi/13.3.1/../../../../arm-none-eabi/lib/thumb/v7-m/nofp\libc_nano.a(libc_a-findfp.o)
                              C:/ST/STM32CubeIDE_1.18.0/STM32CubeIDE/plugins/com.st.stm32cube.ide.mcu.externaltools.gnu-tools-for-stm32.13.3.rel1.win32_1.0.0.202411081344/tools/bin/../lib/gcc/arm-none-eabi/13.3.1/../../../../arm-none-eabi/lib/thumb/v7-m/nofp\libc_nano.a(libc_a-exit.o) (__stdio_exit_handler)
C:/ST/STM32CubeIDE_1.18.0/STM32CubeIDE/plugins/com.st.stm32cube.ide.mcu.externaltools.gnu-tools-for-stm32.13.3.rel1.win32_1.0.0.202411081344/tools/bin/../lib/gcc/arm-none-eabi/13.3.1/../../../../arm-none-eabi/lib/thumb/v7-m/nofp\libc_nano.a(libc_a-fwalk.o)
                              C:/ST/STM32CubeIDE_1.18.0/STM32CubeIDE/plugins/com.st.stm32cube.ide.mcu.externaltools.gnu-tools-for-stm32.13.3.rel1.win32_1.0.0.202411081344/tools/bin/../lib/gcc/arm-none-eabi/13.3.1/../../../../arm-none-eabi/lib/thumb/v7-m/nofp\libc_nano.a(libc_a-findfp.o) (_fwalk_sglue)
C:/ST/STM32CubeIDE_1.18.0/STM32CubeIDE/plugins/com.st.stm32cube.ide.mcu.externaltools.gnu-tools-for-stm32.13.3.rel1.win32_1.0.0.202411081344/tools/bin/../lib/gcc/arm-none-eabi/13.3.1/../../../../arm-none-eabi/lib/thumb/v7-m/nofp\libc_nano.a(libc_a-stdio.o)
                              C:/ST/STM32CubeIDE_1.18.0/STM32CubeIDE/plugins/com.st.stm32cube.ide.mcu.externaltools.gnu-tools-for-stm32.13.3.rel1.win32_1.0.0.202411081344/tools/bin/../lib/gcc/arm-none-eabi/13.3.1/../../../../arm-none-eabi/lib/thumb/v7-m/nofp\libc_nano.a(libc_a-findfp.o) (__sread)
C:/ST/STM32CubeIDE_1.18.0/STM32CubeIDE/plugins/com.st.stm32cube.ide.mcu.externaltools.gnu-tools-for-stm32.13.3.rel1.win32_1.0.0.202411081344/tools/bin/../lib/gcc/arm-none-eabi/13.3.1/../../../../arm-none-eabi/lib/thumb/v7-m/nofp\libc_nano.a(libc_a-memcmp.o)
                              ./Core/App/uwb.o (memcmp)
C:/ST/STM32CubeIDE_1.18.0/STM32CubeIDE/plugins/com.st.stm32cube.ide.mcu.externaltools.gnu-tools-for-stm32.13.3.rel1.win32_1.0.0.202411081344/tools/bin/../lib/gcc/arm-none-eabi/13.3.1/../../../../arm-none-eabi/lib/thumb/v7-m/nofp\libc_nano.a(libc_a-memset.o)
                              C:/ST/STM32CubeIDE_1.18.0/STM32CubeIDE/plugins/com.st.stm32cube.ide.mcu.externaltools.gnu-tools-for-stm32.13.3.rel1.win32_1.0.0.202411081344/tools/bin/../lib/gcc/arm-none-eabi/13.3.1/../../../../arm-none-eabi/lib/thumb/v7-m/nofp/crt0.o (memset)
C:/ST/STM32CubeIDE_1.18.0/STM32CubeIDE/plugins/com.st.stm32cube.ide.mcu.externaltools.gnu-tools-for-stm32.13.3.rel1.win32_1.0.0.202411081344/tools/bin/../lib/gcc/arm-none-eabi/13.3.1/../../../../arm-none-eabi/lib/thumb/v7-m/nofp\libc_nano.a(libc_a-closer.o)
                              C:/ST/STM32CubeIDE_1.18.0/STM32CubeIDE/plugins/com.st.stm32cube.ide.mcu.externaltools.gnu-tools-for-stm32.13.3.rel1.win32_1.0.0.202411081344/tools/bin/../lib/gcc/arm-none-eabi/13.3.1/../../../../arm-none-eabi/lib/thumb/v7-m/nofp\libc_nano.a(libc_a-stdio.o) (_close_r)
C:/ST/STM32CubeIDE_1.18.0/STM32CubeIDE/plugins/com.st.stm32cube.ide.mcu.externaltools.gnu-tools-for-stm32.13.3.rel1.win32_1.0.0.202411081344/tools/bin/../lib/gcc/arm-none-eabi/13.3.1/../../../../arm-none-eabi/lib/thumb/v7-m/nofp\libc_nano.a(libc_a-reent.o)
                              C:/ST/STM32CubeIDE_1.18.0/STM32CubeIDE/plugins/com.st.stm32cube.ide.mcu.externaltools.gnu-tools-for-stm32.13.3.rel1.win32_1.0.0.202411081344/tools/bin/../lib/gcc/arm-none-eabi/13.3.1/../../../../arm-none-eabi/lib/thumb/v7-m/nofp\libc_nano.a(libc_a-closer.o) (errno)
C:/ST/STM32CubeIDE_1.18.0/STM32CubeIDE/plugins/com.st.stm32cube.ide.mcu.externaltools.gnu-tools-for-stm32.13.3.rel1.win32_1.0.0.202411081344/tools/bin/../lib/gcc/arm-none-eabi/13.3.1/../../../../arm-none-eabi/lib/thumb/v7-m/nofp\libc_nano.a(libc_a-impure.o)
                              C:/ST/STM32CubeIDE_1.18.0/STM32CubeIDE/plugins/com.st.stm32cube.ide.mcu.externaltools.gnu-tools-for-stm32.13.3.rel1.win32_1.0.0.202411081344/tools/bin/../lib/gcc/arm-none-eabi/13.3.1/../../../../arm-none-eabi/lib/thumb/v7-m/nofp\libc_nano.a(libc_a-reent.o) (_impure_ptr)
[...]
Memory Configuration

Name             Origin             Length             Attributes
RAM              0x20000000         0x00005000         xrw
FLASH            0x08000000         0x00010000         xr
*default*        0x00000000         0xffffffff

Linker script and memory map

LOAD C:/ST/STM32CubeIDE_1.18.0/STM32CubeIDE/plugins/com.st.stm32cube.ide.mcu.externaltools.gnu-tools-for-stm32.13.3.rel1.win32_1.0.0.202411081344/tools/bin/../lib/gcc/arm-none-eabi/13.3.1/thumb/v7-m/nofp/crti.o
LOAD C:/ST/STM32CubeIDE_1.18.0/STM32CubeIDE/plugins/com.st.stm32cube.ide.mcu.externaltools.gnu-tools-for-stm32.13.3.rel1.win32_1.0.0.202411081344/tools/bin/../lib/gcc/arm-none-eabi/13.3.1/thumb/v7-m/nofp/crtbegin.o
LOAD C:/ST/STM32CubeIDE_1.18.0/STM32CubeIDE/plugins/com.st.stm32cube.ide.mcu.externaltools.gnu-tools-for-stm32.13.3.rel1.win32_1.0.0.202411081344/tools/bin/../lib/gcc/arm-none-eabi/13.3.1/../../../../arm-none-eabi/lib/thumb/v7-m/nofp/crt0.o
LOAD ./Core/App/app_init.o
LOAD ./Core/App/uwb.o
LOAD ./Core/Lib/decadriver/deca_device.o
LOAD ./Core/Lib/decadriver/deca_params_init.o
LOAD ./Core/Lib/platform/deca_mutex.o
LOAD ./Core/Lib/platform/deca_range_tables.o
LOAD ./Core/Lib/platform/deca_sleep.o
LOAD ./Core/Lib/platform/deca_spi.o
LOAD ./Core/Lib/platform/port.o
LOAD ./Core/Src/main.o
LOAD ./Core/Src/stm32f1xx_hal_msp.o
LOAD ./Core/Src/stm32f1xx_it.o
LOAD ./Core/Src/syscalls.o
LOAD ./Core/Src/sysmem.o
LOAD ./Core/Src/system_stm32f1xx.o
LOAD ./Core/Startup/startup_stm32f103c8tx.o
LOAD ./Drivers/STM32F1xx_HAL_Driver/Src/stm32f1xx_hal.o
LOAD ./Drivers/STM32F1xx_HAL_Driver/Src/stm32f1xx_hal_cortex.o
LOAD ./Drivers/STM32F1xx_HAL_Driver/Src/stm32f1xx_hal_dma.o
LOAD ./Drivers/STM32F1xx_HAL_Driver/Src/stm32f1xx_hal_exti.o
LOAD ./Drivers/STM32F1xx_HAL_Driver/Src/stm32f1xx_hal_flash.o
LOAD ./Drivers/STM32F1xx_HAL_Driver/Src/stm32f1xx_hal_flash_ex.o
LOAD ./Drivers/STM32F1xx_HAL_Driver/Src/stm32f1xx_hal_gpio.o
LOAD ./Drivers/STM32F1xx_HAL_Driver/Src/stm32f1xx_hal_gpio_ex.o
LOAD ./Drivers/STM32F1xx_HAL_Driver/Src/stm32f1xx_hal_pwr.o
LOAD ./Drivers/STM32F1xx_HAL_Driver/Src/stm32f1xx_hal_rcc.o
LOAD ./Drivers/STM32F1xx_HAL_Driver/Src/stm32f1xx_hal_rcc_ex.o
LOAD ./Drivers/STM32F1xx_HAL_Driver/Src/stm32f1xx_hal_spi.o
LOAD ./Drivers/STM32F1xx_HAL_Driver/Src/stm32f1xx_hal_tim.o
LOAD ./Drivers/STM32F1xx_HAL_Driver/Src/stm32f1xx_hal_tim_ex.o
START GROUP
LOAD C:/ST/STM32CubeIDE_1.18.0/STM32CubeIDE/plugins/com.st.stm32cube.ide.mcu.externaltools.gnu-tools-for-stm32.13.3.rel1.win32_1.0.0.202411081344/tools/bin/../lib/gcc/arm-none-eabi/13.3.1/../../../../arm-none-eabi/lib/thumb/v7-m/nofp\libc_nano.a
LOAD C:/ST/STM32CubeIDE_1.18.0/STM32CubeIDE/plugins/com.st.stm32cube.ide.mcu.externaltools.gnu-tools-for-stm32.13.3.rel1.win32_1.0.0.202411081344/tools/bin/../lib/gcc/arm-none-eabi/13.3.1/../../../../arm-none-eabi/lib/thumb/v7-m/nofp\libm.a
END GROUP
START GROUP
LOAD C:/ST/STM32CubeIDE_1.18.0/STM32CubeIDE/plugins/com.st.stm32cube.ide.mcu.externaltools.gnu-tools-for-stm32.13.3.rel1.win32_1.0.0.202411081344/tools/bin/../lib/gcc/arm-none-eabi/13.3.1/thumb/v7-m/nofp\libgcc.a
LOAD C:/ST/STM32CubeIDE_1.18.0/STM32CubeIDE/plugins/com.st.stm32cube.ide.mcu.externaltools.gnu-tools-for-stm32.13.3.rel1.win32_1.0.0.202411081344/tools/bin/../lib/gcc/arm-none-eabi/13.3.1/../../../../arm-none-eabi/lib/thumb/v7-m/nofp\libc_nano.a
END GROUP
START GROUP
LOAD C:/ST/STM32CubeIDE_1.18.0/STM32CubeIDE/plugins/com.st.stm32cube.ide.mcu.externaltools.gnu-tools-for-stm32.13.3.rel1.win32_1.0.0.202411081344/tools/bin/../lib/gcc/arm-none-eabi/13.3.1/thumb/v7-m/nofp\libgcc.a
LOAD C:/ST/STM32CubeIDE_1.18.0/STM32CubeIDE/plugins/com.st.stm32cube.ide.mcu.externaltools.gnu-tools-for-stm32.13.3.rel1.win32_1.0.0.202411081344/tools/bin/../lib/gcc/arm-none-eabi/13.3.1/../../../../arm-none-eabi/lib/thumb/v7-m/nofp\libc_nano.a
LOAD C:/ST/STM32CubeIDE_1.18.0/STM32CubeIDE/plugins/com.st.stm32cube.ide.mcu.externaltools.gnu-tools-for-stm32.13.3.rel1.win32_1.0.0.202411081344/tools/bin/../lib/gcc/arm-none-eabi/13.3.1/../../../../arm-none-eabi/lib/thumb/v7-m/nofp\libnosys.a
END GROUP
START GROUP
LOAD C:/ST/STM32CubeIDE_1.18.0/STM32CubeIDE/plugins/com.st.stm32cube.ide.mcu.externaltools.gnu-tools-for-stm32.13.3.rel1.win32_1.0.0.202411081344/tools/bin/../lib/gcc/arm-none-eabi/13.3.1/thumb/v7-m/nofp\libgcc.a
LOAD C:/ST/STM32CubeIDE_1.18.0/STM32CubeIDE/plugins/com.st.stm32cube.ide.mcu.externaltools.gnu-tools-for-stm32.13.3.rel1.win32_1.0.0.202411081344/tools/bin/../lib/gcc/arm-none-eabi/13.3.1/../../../../arm-none-eabi/lib/thumb/v7-m/nofp\libc_nano.a
LOAD C:/ST/STM32CubeIDE_1.18.0/STM32CubeIDE/plugins/com.st.stm32cube.ide.mcu.externaltools.gnu-tools-for-stm32.13.3.rel1.win32_1.0.0.202411081344/tools/bin/../lib/gcc/arm-none-eabi/13.3.1/../../../../arm-none-eabi/lib/thumb/v7-m/nofp\libnosys.a
END GROUP
LOAD C:/ST/STM32CubeIDE_1.18.0/STM32CubeIDE/plugins/com.st.stm32cube.ide.mcu.externaltools.gnu-tools-for-stm32.13.3.rel1.win32_1.0.0.202411081344/tools/bin/../lib/gcc/arm-none-eabi/13.3.1/thumb/v7-m/nofp/crtend.o
LOAD C:/ST/STM32CubeIDE_1.18.0/STM32CubeIDE/plugins/com.st.stm32cube.ide.mcu.externaltools.gnu-tools-for-stm32.13.3.rel1.win32_1.0.0.202411081344/tools/bin/../lib/gcc/arm-none-eabi/13.3.1/thumb/v7-m/nofp/crtn.o
                0x20005000                        _estack = (ORIGIN (RAM) + LENGTH (RAM))
                0x00000200                        _Min_Heap_Size = 0x200
                0x00000400                        _Min_Stack_Size = 0x400

.isr_vector     0x08000000      0x10c
                0x08000000                        . = ALIGN (0x4)
 *(.isr_vector)
 .isr_vector    0x08000000      0x10c ./Core/Startup/startup_stm32f103c8tx.o
                0x08000000                g_pfnVectors
                0x0800010c                        . = ALIGN (0x4)

.text           0x08000110     0x3854
                0x08000110                        . = ALIGN (0x4)
 *(.text)
 .text          0x08000110       0x40 C:/ST/STM32CubeIDE_1.18.0/STM32CubeIDE/plugins/com.st.stm32cube.ide.mcu.externaltools.gnu-tools-for-stm32.13.3.rel1.win32_1.0.0.202411081344/tools/bin/../lib/gcc/arm-none-eabi/13.3.1/thumb/v7-m/nofp/crtbegin.o
 .text          0x08000150      0x378 C:/ST/STM32CubeIDE_1.18.0/STM32CubeIDE/plugins/com.st.stm32cube.ide.mcu.externaltools.gnu-tools-for-stm32.13.3.rel1.win32_1.0.0.202411081344/tools/bin/../lib/gcc/arm-none-eabi/13.3.1/thumb/v7-m/nofp\libgcc.a(_arm_addsubdf3.o)
                0x08000150                __aeabi_drsub
                0x08000158                __aeabi_dsub
                0x08000158                __subdf3
                0x0800015c                __aeabi_dadd
                0x0800015c                __adddf3
                0x080003d4                __floatunsidf
                0x080003d4                __aeabi_ui2d
                0x080003f4                __floatsidf
                0x080003f4                __aeabi_i2d
                0x08000418                __aeabi_f2d
                0x08000418                __extendsfdf2
                0x0800045c                __floatundidf
                0x0800045c                __aeabi_ul2d
                0x0800046c                __floatdidf
                0x0800046c                __aeabi_l2d
 .text          0x080004c8      0x424 C:/ST/STM32CubeIDE_1.18.0/STM32CubeIDE/plugins/com.st.stm32cube.ide.mcu.externaltools.gnu-tools-for-stm32.13.3.rel1.win32_1.0.0.202411081344/tools/bin/../lib/gcc/arm-none-eabi/13.3.1/thumb/v7-m/nofp\libgcc.a(_arm_muldivdf3.o)
                0x080004c8                __aeabi_dmul
                0x080004c8                __muldf3
                0x0800071c                __divdf3
                0x0800071c                __aeabi_ddiv
 *(.text*)
 .text.UWB_Init
                0x080008ec       0x3c ./Core/App/app_init.o
                0x080008ec                UWB_Init
 .text.send_poll_get_tx_timestamp
                0x08000928       0x5a ./Core/App/uwb.o
                0x08000928                send_poll_get_tx_timestamp
 .text.resp_msg_get_ts
                0x08000982       0x3c ./Core/App/uwb.o
                0x08000982                resp_msg_get_ts
 *fill*         0x080009be        0x2 
 .text.receive_response
                0x080009c0      0x100 ./Core/App/uwb.o
                0x080009c0                receive_response
 .text.calculate_tof
                0x08000ac0       0x70 ./Core/App/uwb.o
                0x08000ac0                calculate_tof
 .text.calculate_distance
                0x08000b30       0x30 ./Core/App/uwb.o
                0x08000b30                calculate_distance
 .text.dwt_initialise
                0x08000b60      0x298 ./Core/Lib/decadriver/deca_device.o
                0x08000b60                dwt_initialise
 .text.dwt_readdevid
                0x08000df8       0x12 ./Core/Lib/decadriver/deca_device.o
                0x08000df8                dwt_readdevid
 *fill*         0x08000e0a        0x2 
 .text.dwt_configure
                0x08000e0c      0x2d4 ./Core/Lib/decadriver/deca_device.o
                0x08000e0c                dwt_configure
 .text.dwt_setrxantennadelay
                0x080010e0       0x20 ./Core/Lib/decadriver/deca_device.o
                0x080010e0                dwt_setrxantennadelay
 .text.dwt_settxantennadelay
                0x08001100       0x1e ./Core/Lib/decadriver/deca_device.o
                0x08001100                dwt_settxantennadelay
 .text.dwt_writetxdata
                0x0800111e       0x3c ./Core/Lib/decadriver/deca_device.o
                0x0800111e                dwt_writetxdata
 *fill*         0x0800115a        0x2 
 .text.dwt_writetxfctrl
                0x0800115c       0x40 ./Core/Lib/decadriver/deca_device.o
                0x0800115c                dwt_writetxfctrl
 .text.dwt_readrxdata
                0x0800119c       0x24 ./Core/Lib/decadriver/deca_device.o
                0x0800119c                dwt_readrxdata
 .text.dwt_readtxtimestamplo32
                0x080011c0       0x12 ./Core/Lib/decadriver/deca_device.o
                0x080011c0                dwt_readtxtimestamplo32
 .text.dwt_readrxtimestamplo32
                0x080011d2       0x12 ./Core/Lib/decadriver/deca_device.o
                0x080011d2                dwt_readrxtimestamplo32
 .text.dwt_writetodevice
                0x080011e4       0xae ./Core/Lib/decadriver/deca_device.o
                0x080011e4                dwt_writetodevice
 .text.dwt_readfromdevice
                0x08001292       0xa8 ./Core/Lib/decadriver/deca_device.o
                0x08001292                dwt_readfromdevice
 .text.dwt_read32bitoffsetreg
                0x0800133a       0x4e ./Core/Lib/decadriver/deca_device.o
                0x0800133a                dwt_read32bitoffsetreg
 .text.dwt_read16bitoffsetreg
                0x08001388       0x36 ./Core/Lib/decadriver/deca_device.o
                0x08001388                dwt_read16bitoffsetreg
 .text.dwt_read8bitoffsetreg
                0x080013be       0x26 ./Core/Lib/decadriver/deca_device.o
                0x080013be                dwt_read8bitoffsetreg
 .text.dwt_write8bitoffsetreg
                0x080013e4       0x26 ./Core/Lib/decadriver/deca_device.o
                0x080013e4                dwt_write8bitoffsetreg
 .text.dwt_write16bitoffsetreg
                0x0800140a       0x38 ./Core/Lib/decadriver/deca_device.o
                0x0800140a                dwt_write16bitoffsetreg
 .text.dwt_write32bitoffsetreg
                0x08001442       0x4e ./Core/Lib/decadriver/deca_device.o
                0x08001442                dwt_write32bitoffsetreg
 .text._dwt_otpread
                0x08001490       0x3e ./Core/Lib/decadriver/deca_device.o
                0x08001490                _dwt_otpread
 .text._dwt_aonarrayupload
                0x080014ce       0x1c ./Core/Lib/decadriver/deca_device.o
                0x080014ce                _dwt_aonarrayupload
 .text._dwt_configlde
                0x080014ea       0x40 ./Core/Lib/decadriver/deca_device.o
                0x080014ea                _dwt_configlde
 .text._dwt_loaducodefromrom
                0x0800152a       0x26 ./Core/Lib/decadriver/deca_device.o
                0x0800152a                _dwt_loaducodefromrom
 .text._dwt_enableclocks
                0x08001550      0x134 ./Core/Lib/decadriver/deca_device.o
                0x08001550                _dwt_enableclocks
 .text._dwt_disablesequencing
                0x08001684       0x18 ./Core/Lib/decadriver/deca_device.o
                0x08001684                _dwt_disablesequencing
 .text.dwt_starttx
                0x0800169c       0x9c ./Core/Lib/decadriver/deca_device.o
                0x0800169c                dwt_starttx
 .text.dwt_forcetrxoff
                0x08001738       0x60 ./Core/Lib/decadriver/deca_device.o
                0x08001738                dwt_forcetrxoff
 .text.dwt_syncrxbufptrs
                0x08001798       0x34 ./Core/Lib/decadriver/deca_device.o
                0x08001798                dwt_syncrxbufptrs
 .text.dwt_rxenable
                0x080017cc       0x84 ./Core/Lib/decadriver/deca_device.o
                0x080017cc                dwt_rxenable
 .text.dwt_setrxtimeout
                0x08001850       0x80 ./Core/Lib/decadriver/deca_device.o
                0x08001850                dwt_setrxtimeout
 .text.dwt_rxreset
                0x080018d0       0x1c ./Core/Lib/decadriver/deca_device.o
                0x080018d0                dwt_rxreset
 .text.dwt_softreset
                0x080018ec       0x4c ./Core/Lib/decadriver/deca_device.o
                0x080018ec                dwt_softreset
 .text.dwt_setxtaltrim
                0x08001938       0x30 ./Core/Lib/decadriver/deca_device.o
                0x08001938                dwt_setxtaltrim
 .text.decamutexon
                0x08001968       0x22 ./Core/Lib/platform/deca_mutex.o
                0x08001968                decamutexon
 .text.decamutexoff
                0x0800198a       0x1a ./Core/Lib/platform/deca_mutex.o
                0x0800198a                decamutexoff
 .text.deca_sleep
                0x080019a4       0x16 ./Core/Lib/platform/deca_sleep.o
                0x080019a4                deca_sleep
 *fill*         0x080019ba        0x2 
 .text.writetospi
                0x080019bc       0x68 ./Core/Lib/platform/deca_spi.o
                0x080019bc                writetospi
 .text.readfromspi
                0x08001a24       0x94 ./Core/Lib/platform/deca_spi.o
                0x08001a24                readfromspi
 .text.__NVIC_EnableIRQ
                0x08001ab8       0x38 ./Core/Lib/platform/port.o
 .text.__NVIC_DisableIRQ
                0x08001af0       0x48 ./Core/Lib/platform/port.o
 .text.Sleep    0x08001b38       0x16 ./Core/Lib/platform/port.o
                0x08001b38                Sleep
 *fill*         0x08001b4e        0x2 
 .text.EXTI_GetITEnStatus
                0x08001b50       0x38 ./Core/Lib/platform/port.o
                0x08001b50                EXTI_GetITEnStatus
 .text.port_set_dw1000_slowrate
                0x08001b88       0x18 ./Core/Lib/platform/port.o
                0x08001b88                port_set_dw1000_slowrate
 .text.port_set_dw1000_fastrate
                0x08001ba0       0x18 ./Core/Lib/platform/port.o
                0x08001ba0                port_set_dw1000_fastrate
 .text.port_DisableEXT_IRQ
                0x08001bb8        0xe ./Core/Lib/platform/port.o
                0x08001bb8                port_DisableEXT_IRQ
 .text.port_EnableEXT_IRQ
                0x08001bc6        0xe ./Core/Lib/platform/port.o
                0x08001bc6                port_EnableEXT_IRQ
 .text.port_GetEXT_IRQStatus
                0x08001bd4       0x10 ./Core/Lib/platform/port.o
                0x08001bd4                port_GetEXT_IRQStatus
 .text.main     0x08001be4       0x84 ./Core/Src/main.o
                0x08001be4                main
 .text.SystemClock_Config
                0x08001c68       0x8a ./Core/Src/main.o
                0x08001c68                SystemClock_Config
 *fill*         0x08001cf2        0x2 
 .text.MX_SPI1_Init
                0x08001cf4       0x6c ./Core/Src/main.o
 .text.MX_TIM1_Init
                0x08001d60       0xa0 ./Core/Src/main.o
 .text.MX_GPIO_Init
                0x08001e00      0x10c ./Core/Src/main.o
 .text.Error_Handler
                0x08001f0c        0xc ./Core/Src/main.o
                0x08001f0c                Error_Handler
 .text.HAL_MspInit
                0x08001f18       0x64 ./Core/Src/stm32f1xx_hal_msp.o
                0x08001f18                HAL_MspInit
 .text.HAL_SPI_MspInit
                0x08001f7c       0x94 ./Core/Src/stm32f1xx_hal_msp.o
                0x08001f7c                HAL_SPI_MspInit
 .text.HAL_TIM_Base_MspInit
                0x08002010       0x3c ./Core/Src/stm32f1xx_hal_msp.o
                0x08002010                HAL_TIM_Base_MspInit
 .text.NMI_Handler
                0x0800204c        0x8 ./Core/Src/stm32f1xx_it.o
                0x0800204c                NMI_Handler
 .text.HardFault_Handler
                0x08002054        0x8 ./Core/Src/stm32f1xx_it.o
                0x08002054                HardFault_Handler
 .text.MemManage_Handler
                0x0800205c        0x8 ./Core/Src/stm32f1xx_it.o
                0x0800205c                MemManage_Handler
 .text.BusFault_Handler
                0x08002064        0x8 ./Core/Src/stm32f1xx_it.o
                0x08002064                BusFault_Handler
 .text.UsageFault_Handler
                0x0800206c        0x8 ./Core/Src/stm32f1xx_it.o
                0x0800206c                UsageFault_Handler
 .text.SVC_Handler
                0x08002074        0xc ./Core/Src/stm32f1xx_it.o
                0x08002074                SVC_Handler
 .text.DebugMon_Handler
                0x08002080        0xc ./Core/Src/stm32f1xx_it.o
                0x08002080                DebugMon_Handler
 .text.PendSV_Handler
                0x0800208c        0xc ./Core/Src/stm32f1xx_it.o
                0x0800208c                PendSV_Handler
 .text.SysTick_Handler
                0x08002098        0xc ./Core/Src/stm32f1xx_it.o
                0x08002098                SysTick_Handler
 .text.SystemInit
                0x080020a4        0xc ./Core/Src/system_stm32f1xx.o
                0x080020a4                SystemInit
 .text.Reset_Handler
                0x080020b0       0x48 ./Core/Startup/startup_stm32f103c8tx.o
                0x080020b0                Reset_Handler
 .text.Default_Handler
                0x080020f8        0x2 ./Core/Startup/startup_stm32f103c8tx.o
                0x080020f8                RTC_Alarm_IRQHandler
                0x080020f8                EXTI2_IRQHandler
                0x080020f8                TIM1_CC_IRQHandler
                0x080020f8                PVD_IRQHandler
                0x080020f8                EXTI3_IRQHandler
                0x080020f8                EXTI0_IRQHandler
                0x080020f8                I2C2_EV_IRQHandler
                0x080020f8                ADC1_2_IRQHandler
                0x080020f8                SPI1_IRQHandler
                0x080020f8                TAMPER_IRQHandler
                0x080020f8                DMA1_Channel4_IRQHandler
                0x080020f8                USART3_IRQHandler
                0x080020f8                RTC_IRQHandler
                0x080020f8                DMA1_Channel7_IRQHandler
                0x080020f8                CAN1_RX1_IRQHandler
                0x080020f8                TIM4_IRQHandler
                0x080020f8                I2C1_EV_IRQHandler
                0x080020f8                DMA1_Channel6_IRQHandler
                0x080020f8                TIM3_IRQHandler
                0x080020f8                RCC_IRQHandler
                0x080020f8                TIM1_TRG_COM_IRQHandler
                0x080020f8                DMA1_Channel1_IRQHandler
                0x080020f8                Default_Handler
                0x080020f8                EXTI15_10_IRQHandler
                0x080020f8                EXTI9_5_IRQHandler
                0x080020f8                SPI2_IRQHandler
                0x080020f8                DMA1_Channel5_IRQHandler
                0x080020f8                EXTI4_IRQHandler
                0x080020f8                USB_LP_CAN1_RX0_IRQHandler
                0x080020f8                USB_HP_CAN1_TX_IRQHandler
                0x080020f8                DMA1_Channel3_IRQHandler
                0x080020f8                TIM1_UP_IRQHandler
                0x080020f8                WWDG_IRQHandler
                0x080020f8                TIM2_IRQHandler
                0x080020f8                TIM1_BRK_IRQHandler
                0x080020f8                EXTI1_IRQHandler
                0x080020f8                USART2_IRQHandler
                0x080020f8                I2C2_ER_IRQHandler
                0x080020f8                DMA1_Channel2_IRQHandler
                0x080020f8                CAN1_SCE_IRQHandler
                0x080020f8                FLASH_IRQHandler
                0x080020f8                USART1_IRQHandler
                0x080020f8                I2C1_ER_IRQHandler
                0x080020f8                USBWakeUp_IRQHandler
 *fill*         0x080020fa        0x2 
 .text.HAL_Init
                0x080020fc       0x2c ./Drivers/STM32F1xx_HAL_Driver/Src/stm32f1xx_hal.o
                0x080020fc                HAL_Init
 .text.HAL_InitTick
                0x08002128       0x60 ./Drivers/STM32F1xx_HAL_Driver/Src/stm32f1xx_hal.o
                0x08002128                HAL_InitTick
 .text.HAL_IncTick
                0x08002188       0x24 ./Drivers/STM32F1xx_HAL_Driver/Src/stm32f1xx_hal.o
                0x08002188                HAL_IncTick
 .text.HAL_GetTick
                0x080021ac       0x14 ./Drivers/STM32F1xx_HAL_Driver/Src/stm32f1xx_hal.o
                0x080021ac                HAL_GetTick
 .text.HAL_Delay
                0x080021c0       0x48 ./Drivers/STM32F1xx_HAL_Driver/Src/stm32f1xx_hal.o
                0x080021c0                HAL_Delay
 .text.__NVIC_SetPriorityGrouping
                0x08002208       0x48 ./Drivers/STM32F1xx_HAL_Driver/Src/stm32f1xx_hal_cortex.o
 .text.__NVIC_GetPriorityGrouping
                0x08002250       0x1c ./Drivers/STM32F1xx_HAL_Driver/Src/stm32f1xx_hal_cortex.o
 .text.__NVIC_SetPriority
                0x0800226c       0x54 ./Drivers/STM32F1xx_HAL_Driver/Src/stm32f1xx_hal_cortex.o
 .text.NVIC_EncodePriority
                0x080022c0       0x64 ./Drivers/STM32F1xx_HAL_Driver/Src/stm32f1xx_hal_cortex.o
 .text.SysTick_Config
                0x08002324       0x44 ./Drivers/STM32F1xx_HAL_Driver/Src/stm32f1xx_hal_cortex.o
 .text.HAL_NVIC_SetPriorityGrouping
                0x08002368       0x16 ./Drivers/STM32F1xx_HAL_Driver/Src/stm32f1xx_hal_cortex.o
                0x08002368                HAL_NVIC_SetPriorityGrouping
 .text.HAL_NVIC_SetPriority
                0x0800237e       0x38 ./Drivers/STM32F1xx_HAL_Driver/Src/stm32f1xx_hal_cortex.o
                0x0800237e                HAL_NVIC_SetPriority
 .text.HAL_SYSTICK_Config
                0x080023b6       0x18 ./Drivers/STM32F1xx_HAL_Driver/Src/stm32f1xx_hal_cortex.o
                0x080023b6                HAL_SYSTICK_Config
 *fill*         0x080023ce        0x2 
 .text.HAL_GPIO_Init
                0x080023d0      0x308 ./Drivers/STM32F1xx_HAL_Driver/Src/stm32f1xx_hal_gpio.o
                0x080023d0                HAL_GPIO_Init
 .text.HAL_GPIO_WritePin
                0x080026d8       0x30 ./Drivers/STM32F1xx_HAL_Driver/Src/stm32f1xx_hal_gpio.o
                0x080026d8                HAL_GPIO_WritePin
 .text.HAL_RCC_OscConfig
                0x08002708      0x504 ./Drivers/STM32F1xx_HAL_Driver/Src/stm32f1xx_hal_rcc.o
                0x08002708                HAL_RCC_OscConfig
 .text.HAL_RCC_ClockConfig
                0x08002c0c      0x1d4 ./Drivers/STM32F1xx_HAL_Driver/Src/stm32f1xx_hal_rcc.o
                0x08002c0c                HAL_RCC_ClockConfig
 .text.HAL_RCC_GetSysClockFreq
                0x08002de0       0xa8 ./Drivers/STM32F1xx_HAL_Driver/Src/stm32f1xx_hal_rcc.o
                0x08002de0                HAL_RCC_GetSysClockFreq
 .text.RCC_Delay
                0x08002e88       0x3c ./Drivers/STM32F1xx_HAL_Driver/Src/stm32f1xx_hal_rcc.o
 .text.HAL_SPI_Init
                0x08002ec4      0x108 ./Drivers/STM32F1xx_HAL_Driver/Src/stm32f1xx_hal_spi.o
                0x08002ec4                HAL_SPI_Init
 .text.HAL_SPI_Transmit
                0x08002fcc      0x288 ./Drivers/STM32F1xx_HAL_Driver/Src/stm32f1xx_hal_spi.o
                0x08002fcc                HAL_SPI_Transmit
 .text.HAL_SPI_GetState
                0x08003254       0x1a ./Drivers/STM32F1xx_HAL_Driver/Src/stm32f1xx_hal_spi.o
                0x08003254                HAL_SPI_GetState
 *fill*         0x0800326e        0x2 
 .text.SPI_WaitFlagStateUntilTimeout
                0x08003270      0x110 ./Drivers/STM32F1xx_HAL_Driver/Src/stm32f1xx_hal_spi.o
 .text.SPI_EndRxTxTransaction
                0x08003380       0x62 ./Drivers/STM32F1xx_HAL_Driver/Src/stm32f1xx_hal_spi.o
 .text.HAL_TIM_Base_Init
                0x080033e2       0x9e ./Drivers/STM32F1xx_HAL_Driver/Src/stm32f1xx_hal_tim.o
                0x080033e2                HAL_TIM_Base_Init
 .text.HAL_TIM_ConfigClockSource
                0x08003480      0x18e ./Drivers/STM32F1xx_HAL_Driver/Src/stm32f1xx_hal_tim.o
                0x08003480                HAL_TIM_ConfigClockSource
 *fill*         0x0800360e        0x2 
 .text.TIM_Base_SetConfig
                0x08003610       0xdc ./Drivers/STM32F1xx_HAL_Driver/Src/stm32f1xx_hal_tim.o
                0x08003610                TIM_Base_SetConfig
 .text.TIM_TI1_ConfigInputStage
                0x080036ec       0x5c ./Drivers/STM32F1xx_HAL_Driver/Src/stm32f1xx_hal_tim.o
 .text.TIM_TI2_ConfigInputStage
                0x08003748       0x5e ./Drivers/STM32F1xx_HAL_Driver/Src/stm32f1xx_hal_tim.o
 .text.TIM_ITRx_SetConfig
                0x080037a6       0x34 ./Drivers/STM32F1xx_HAL_Driver/Src/stm32f1xx_hal_tim.o
 .text.TIM_ETR_SetConfig
                0x080037da       0x3e ./Drivers/STM32F1xx_HAL_Driver/Src/stm32f1xx_hal_tim.o
                0x080037da                TIM_ETR_SetConfig
 .text.HAL_TIMEx_MasterConfigSynchronization
                0x08003818       0xbc ./Drivers/STM32F1xx_HAL_Driver/Src/stm32f1xx_hal_tim_ex.o
                0x08003818                HAL_TIMEx_MasterConfigSynchronization
 .text.memcmp   0x080038d4       0x20 C:/ST/STM32CubeIDE_1.18.0/STM32CubeIDE/plugins/com.st.stm32cube.ide.mcu.externaltools.gnu-tools-for-stm32.13.3.rel1.win32_1.0.0.202411081344/tools/bin/../lib/gcc/arm-none-eabi/13.3.1/../../../../arm-none-eabi/lib/thumb/v7-m/nofp\libc_nano.a(libc_a-memcmp.o)
                0x080038d4                memcmp
 .text.memset   0x080038f4       0x10 C:/ST/STM32CubeIDE_1.18.0/STM32CubeIDE/plugins/com.st.stm32cube.ide.mcu.externaltools.gnu-tools-for-stm32.13.3.rel1.win32_1.0.0.202411081344/tools/bin/../lib/gcc/arm-none-eabi/13.3.1/../../../../arm-none-eabi/lib/thumb/v7-m/nofp\libc_nano.a(libc_a-memset.o)
                0x080038f4                memset
 .text.__libc_init_array
                0x08003904       0x48 C:/ST/STM32CubeIDE_1.18.0/STM32CubeIDE/plugins/com.st.stm32cube.ide.mcu.externaltools.gnu-tools-for-stm32.13.3.rel1.win32_1.0.0.202411081344/tools/bin/../lib/gcc/arm-none-eabi/13.3.1/../../../../arm-none-eabi/lib/thumb/v7-m/nofp\libc_nano.a(libc_a-init.o)
                0x08003904                __libc_init_array
 *(.glue_7)
 .glue_7        0x0800394c        0x0 linker stubs
 *(.glue_7t)
 .glue_7t       0x0800394c        0x0 linker stubs
 *(.eh_frame)
 .eh_frame      0x0800394c        0x0 C:/ST/STM32CubeIDE_1.18.0/STM32CubeIDE/plugins/com.st.stm32cube.ide.mcu.externaltools.gnu-tools-for-stm32.13.3.rel1.win32_1.0.0.202411081344/tools/bin/../lib/gcc/arm-none-eabi/13.3.1/thumb/v7-m/nofp/crtbegin.o
 *(.init)
 .init          0x0800394c        0x4 C:/ST/STM32CubeIDE_1.18.0/STM32CubeIDE/plugins/com.st.stm32cube.ide.mcu.externaltools.gnu-tools-for-stm32.13.3.rel1.win32_1.0.0.202411081344/tools/bin/../lib/gcc/arm-none-eabi/13.3.1/thumb/v7-m/nofp/crti.o
                0x0800394c                _init
 .init          0x08003950        0x8 C:/ST/STM32CubeIDE_1.18.0/STM32CubeIDE/plugins/com.st.stm32cube.ide.mcu.externaltools.gnu-tools-for-stm32.13.3.rel1.win32_1.0.0.202411081344/tools/bin/../lib/gcc/arm-none-eabi/13.3.1/thumb/v7-m/nofp/crtn.o
 *(.fini)
 .fini          0x08003958        0x4 C:/ST/STM32CubeIDE_1.18.0/STM32CubeIDE/plugins/com.st.stm32cube.ide.mcu.externaltools.gnu-tools-for-stm32.13.3.rel1.win32_1.0.0.202411081344/tools/bin/../lib/gcc/arm-none-eabi/13.3.1/thumb/v7-m/nofp/crti.o
                0x08003958                _fini
 .fini          0x0800395c        0x8 C:/ST/STM32CubeIDE_1.18.0/STM32CubeIDE/plugins/com.st.stm32cube.ide.mcu.externaltools.gnu-tools-for-stm32.13.3.rel1.win32_1.0.0.202411081344/tools/bin/../lib/gcc/arm-none-eabi/13.3.1/thumb/v7-m/nofp/crtn.o
                0x08003964                        . = ALIGN (0x4)
                0x08003964                        _etext = .

.vfp11_veneer   0x08003964        0x0
 .vfp11_veneer  0x08003964        0x0 linker stubs

.v4_bx          0x08003964        0x0
 .v4_bx         0x08003964        0x0 linker stubs

.iplt           0x08003964        0x0
 .iplt          0x08003964        0x0 C:/ST/STM32CubeIDE_1.18.0/STM32CubeIDE/plugins/com.st.stm32cube.ide.mcu.externaltools.gnu-tools-for-stm32.13.3.rel1.win32_1.0.0.202411081344/tools/bin/../lib/gcc/arm-none-eabi/13.3.1/thumb/v7-m/nofp/crtbegin.o

.rodata         0x08003964       0xd8
                0x08003964                        . = ALIGN (0x4)
 *(.rodata)
 *(.rodata*)
 .rodata.chan_idx
                0x08003964        0x8 ./Core/Lib/decadriver/deca_params_init.o
                0x08003964                chan_idx
 .rodata.tx_config
                0x0800396c       0x18 ./Core/Lib/decadriver/deca_params_init.o
                0x0800396c                tx_config
 .rodata.fs_pll_cfg
                0x08003984       0x18 ./Core/Lib/decadriver/deca_params_init.o
                0x08003984                fs_pll_cfg
 .rodata.fs_pll_tune
                0x0800399c        0x6 ./Core/Lib/decadriver/deca_params_init.o
                0x0800399c                fs_pll_tune
 *fill*         0x080039a2        0x2 
 .rodata.rx_config
                0x080039a4        0x2 ./Core/Lib/decadriver/deca_params_init.o
                0x080039a4                rx_config
 *fill*         0x080039a6        0x2 
 .rodata.agc_config
                0x080039a8        0x8 ./Core/Lib/decadriver/deca_params_init.o
                0x080039a8                agc_config
 .rodata.dwnsSFDlen
                0x080039b0        0x3 ./Core/Lib/decadriver/deca_params_init.o
                0x080039b0                dwnsSFDlen
 *fill*         0x080039b3        0x1 
 .rodata.sftsh  0x080039b4        0xc ./Core/Lib/decadriver/deca_params_init.o
                0x080039b4                sftsh
 .rodata.dtune1
                0x080039c0        0x4 ./Core/Lib/decadriver/deca_params_init.o
                0x080039c0                dtune1
 .rodata.digital_bb_config
                0x080039c4       0x20 ./Core/Lib/decadriver/deca_params_init.o
                0x080039c4                digital_bb_config
 .rodata.lde_replicaCoeff
                0x080039e4       0x32 ./Core/Lib/decadriver/deca_params_init.o
                0x080039e4                lde_replicaCoeff
 *fill*         0x08003a16        0x2 
 .rodata.AHBPrescTable
                0x08003a18       0x10 ./Core/Src/system_stm32f1xx.o
                0x08003a18                AHBPrescTable
 .rodata.aPLLMULFactorTable.1
                0x08003a28       0x10 ./Drivers/STM32F1xx_HAL_Driver/Src/stm32f1xx_hal_rcc.o
 .rodata.aPredivFactorTable.0
                0x08003a38        0x2 ./Drivers/STM32F1xx_HAL_Driver/Src/stm32f1xx_hal_rcc.o
                0x08003a3c                        . = ALIGN (0x4)
 *fill*         0x08003a3a        0x2 

.ARM.extab      0x08003a3c        0x0
                0x08003a3c                        . = ALIGN (0x4)
 *(.ARM.extab* .gnu.linkonce.armextab.*)
                0x08003a3c                        . = ALIGN (0x4)

.ARM            0x08003a3c        0x0
                0x08003a3c                        . = ALIGN (0x4)
                0x08003a3c                        __exidx_start = .
 *(.ARM.exidx*)
                0x08003a3c                        __exidx_end = .
                0x08003a3c                        . = ALIGN (0x4)

.preinit_array  0x08003a3c        0x0
                0x08003a3c                        . = ALIGN (0x4)
                0x08003a3c                        PROVIDE (__preinit_array_start = .)
 *(.preinit_array*)
                0x08003a3c                        PROVIDE (__preinit_array_end = .)
                0x08003a3c                        . = ALIGN (0x4)

.init_array     0x08003a3c        0x4
                0x08003a3c                        . = ALIGN (0x4)
                0x08003a3c                        PROVIDE (__init_array_start = .)
 *(SORT_BY_NAME(.init_array.*))
 *(.init_array*)
 .init_array    0x08003a3c        0x4 C:/ST/STM32CubeIDE_1.18.0/STM32CubeIDE/plugins/com.st.stm32cube.ide.mcu.externaltools.gnu-tools-for-stm32.13.3.rel1.win32_1.0.0.202411081344/tools/bin/../lib/gcc/arm-none-eabi/13.3.1/thumb/v7-m/nofp/crtbegin.o
                0x08003a40                        PROVIDE (__init_array_end = .)
                0x08003a40                        . = ALIGN (0x4)

.fini_array     0x08003a40        0x4
                0x08003a40                        . = ALIGN (0x4)
                [!provide]                        PROVIDE (__fini_array_start = .)
 *(SORT_BY_NAME(.fini_array.*))
 *(.fini_array*)
 .fini_array    0x08003a40        0x4 C:/ST/STM32CubeIDE_1.18.0/STM32CubeIDE/plugins/com.st.stm32cube.ide.mcu.externaltools.gnu-tools-for-stm32.13.3.rel1.win32_1.0.0.202411081344/tools/bin/../lib/gcc/arm-none-eabi/13.3.1/thumb/v7-m/nofp/crtbegin.o
                [!provide]                        PROVIDE (__fini_array_end = .)
                0x08003a44                        . = ALIGN (0x4)
                0x08003a44                        _sidata = LOADADDR (.data)

.rel.dyn        0x08003a44        0x0
 .rel.iplt      0x08003a44        0x0 C:/ST/STM32CubeIDE_1.18.0/STM32CubeIDE/plugins/com.st.stm32cube.ide.mcu.externaltools.gnu-tools-for-stm32.13.3.rel1.win32_1.0.0.202411081344/tools/bin/../lib/gcc/arm-none-eabi/13.3.1/thumb/v7-m/nofp/crtbegin.o

.data           0x20000000       0x3c load address 0x08003a44
                0x20000000                        . = ALIGN (0x4)
                0x20000000                        _sdata = .
 *(.data)
 *(.data*)
 .data.config   0x20000000        0xc ./Core/App/app_init.o
 .data.tx_poll_msg
                0x2000000c        0xb ./Core/App/uwb.o
                0x2000000c                tx_poll_msg
 *fill*         0x20000017        0x1 
 .data.rx_resp_msg
                0x20000018       0x14 ./Core/App/uwb.o
                0x20000018                rx_resp_msg
 .data.pdw1000local
                0x2000002c        0x4 ./Core/Lib/decadriver/deca_device.o
 .data.SystemCoreClock
                0x20000030        0x4 ./Core/Src/system_stm32f1xx.o
                0x20000030                SystemCoreClock
 .data.uwTickPrio
                0x20000034        0x4 ./Drivers/STM32F1xx_HAL_Driver/Src/stm32f1xx_hal.o
                0x20000034                uwTickPrio
 .data.uwTickFreq
                0x20000038        0x1 ./Drivers/STM32F1xx_HAL_Driver/Src/stm32f1xx_hal.o
                0x20000038                uwTickFreq
 *(.RamFunc)
 *(.RamFunc*)
                0x2000003c                        . = ALIGN (0x4)
 *fill*         0x20000039        0x3 
                0x2000003c                        _edata = .

.igot.plt       0x2000003c        0x0 load address 0x08003a80
 .igot.plt      0x2000003c        0x0 C:/ST/STM32CubeIDE_1.18.0/STM32CubeIDE/plugins/com.st.stm32cube.ide.mcu.externaltools.gnu-tools-for-stm32.13.3.rel1.win32_1.0.0.202411081344/tools/bin/../lib/gcc/arm-none-eabi/13.3.1/thumb/v7-m/nofp/crtbegin.o
                0x2000003c                        . = ALIGN (0x4)

.bss            0x20000040      0x130 load address 0x08003a80
                0x20000040                        _sbss = .
                0x20000040                        __bss_start__ = _sbss
 *(.bss)
 .bss           0x20000040       0x1c C:/ST/STM32CubeIDE_1.18.0/STM32CubeIDE/plugins/com.st.stm32cube.ide.mcu.externaltools.gnu-tools-for-stm32.13.3.rel1.win32_1.0.0.202411081344/tools/bin/../lib/gcc/arm-none-eabi/13.3.1/thumb/v7-m/nofp/crtbegin.o
 *(.bss*)
 .bss.rx_buffer
                0x2000005c       0x14 ./Core/App/uwb.o
 .bss.dw1000local
                0x20000070       0x38 ./Core/Lib/decadriver/deca_device.o
 .bss.hspi1     0x200000a8       0x58 ./Core/Src/main.o
                0x200000a8                hspi1
 .bss.htim1     0x20000100       0x48 ./Core/Src/main.o
                0x20000100                htim1
 .bss.ts        0x20000148       0x10 ./Core/Src/main.o
                0x20000148                ts
 .bss.tof       0x20000158        0x8 ./Core/Src/main.o
                0x20000158                tof
 .bss.distance  0x20000160        0x8 ./Core/Src/main.o
                0x20000160                distance
 .bss.frame_seq_nb
                0x20000168        0x4 ./Core/Src/main.o
                0x20000168                frame_seq_nb
 .bss.uwTick    0x2000016c        0x4 ./Drivers/STM32F1xx_HAL_Driver/Src/stm32f1xx_hal.o
                0x2000016c                uwTick
 *(COMMON)
                0x20000170                        . = ALIGN (0x4)
                0x20000170                        _ebss = .
                0x20000170                        __bss_end__ = _ebss

._user_heap_stack
                0x20000170      0x600 load address 0x08003a80
                0x20000170                        . = ALIGN (0x8)
                [!provide]                        PROVIDE (end = .)
                0x20000170                        PROVIDE (_end = .)
                0x20000370                        . = (. + _Min_Heap_Size)
 *fill*         0x20000170      0x200 
                0x20000770                        . = (. + _Min_Stack_Size)
 *fill*         0x20000370      0x400 
                0x20000770                        . = ALIGN (0x8)

/DISCARD/
 libc.a(*)
 libm.a(*)
 libgcc.a(*)

.ARM.attributes
                0x00000000       0x29
 *(.ARM.attributes)
 .ARM.attributes
                0x00000000       0x1d C:/ST/STM32CubeIDE_1.18.0/STM32CubeIDE/plugins/com.st.stm32cube.ide.mcu.externaltools.gnu-tools-for-stm32.13.3.rel1.win32_1.0.0.202411081344/tools/bin/../lib/gcc/arm-none-eabi/13.3.1/thumb/v7-m/nofp/crti.o
 .ARM.attributes
                0x0000001d       0x2d C:/ST/STM32CubeIDE_1.18.0/STM32CubeIDE/plugins/com.st.stm32cube.ide.mcu.externaltools.gnu-tools-for-stm32.13.3.rel1.win32_1.0.0.202411081344/tools/bin/../lib/gcc/arm-none-eabi/13.3.1/thumb/v7-m/nofp/crtbegin.o
 .ARM.attributes
                0x0000004a       0x2d ./Core/App/app_init.o
 .ARM.attributes
                0x00000077       0x2d ./Core/App/uwb.o
 .ARM.attributes
                0x000000a4       0x2d ./Core/Lib/decadriver/deca_device.o
 .ARM.attributes
                0x000000d1       0x2d ./Core/Lib/decadriver/deca_params_init.o
 .ARM.attributes
                0x000000fe       0x2d ./Core/Lib/platform/deca_mutex.o
 .ARM.attributes
                0x0000012b       0x2d ./Core/Lib/platform/deca_sleep.o
 .ARM.attributes
                0x00000158       0x2d ./Core/Lib/platform/deca_spi.o
 .ARM.attributes
                0x00000185       0x2d ./Core/Lib/platform/port.o
 .ARM.attributes
                0x000001b2       0x2d ./Core/Src/main.o
 .ARM.attributes
                0x000001df       0x2d ./Core/Src/stm32f1xx_hal_msp.o
 .ARM.attributes
                0x0000020c       0x2d ./Core/Src/stm32f1xx_it.o
 .ARM.attributes
                0x00000239       0x2d ./Core/Src/system_stm32f1xx.o
 .ARM.attributes
                0x00000266       0x21 ./Core/Startup/startup_stm32f103c8tx.o
 .ARM.attributes
                0x00000287       0x2d ./Drivers/STM32F1xx_HAL_Driver/Src/stm32f1xx_hal.o
 .ARM.attributes
                0x000002b4       0x2d ./Drivers/STM32F1xx_HAL_Driver/Src/stm32f1xx_hal_cortex.o
 .ARM.attributes
                0x000002e1       0x2d ./Drivers/STM32F1xx_HAL_Driver/Src/stm32f1xx_hal_gpio.o
 .ARM.attributes
                0x0000030e       0x2d ./Drivers/STM32F1xx_HAL_Driver/Src/stm32f1xx_hal_rcc.o
 .ARM.attributes
                0x0000033b       0x2d ./Drivers/STM32F1xx_HAL_Driver/Src/stm32f1xx_hal_spi.o
 .ARM.attributes
                0x00000368       0x2d ./Drivers/STM32F1xx_HAL_Driver/Src/stm32f1xx_hal_tim.o
 .ARM.attributes
                0x00000395       0x2d ./Drivers/STM32F1xx_HAL_Driver/Src/stm32f1xx_hal_tim_ex.o
 .ARM.attributes
                0x000003c2       0x2d C:/ST/STM32CubeIDE_1.18.0/STM32CubeIDE/plugins/com.st.stm32cube.ide.mcu.externaltools.gnu-tools-for-stm32.13.3.rel1.win32_1.0.0.202411081344/tools/bin/../lib/gcc/arm-none-eabi/13.3.1/../../../../arm-none-eabi/lib/thumb/v7-m/nofp\libc_nano.a(libc_a-memcmp.o)
 .ARM.attributes
                0x000003ef       0x2d C:/ST/STM32CubeIDE_1.18.0/STM32CubeIDE/plugins/com.st.stm32cube.ide.mcu.externaltools.gnu-tools-for-stm32.13.3.rel1.win32_1.0.0.202411081344/tools/bin/../lib/gcc/arm-none-eabi/13.3.1/../../../../arm-none-eabi/lib/thumb/v7-m/nofp\libc_nano.a(libc_a-memset.o)
 .ARM.attributes
                0x0000041c       0x2d C:/ST/STM32CubeIDE_1.18.0/STM32CubeIDE/plugins/com.st.stm32cube.ide.mcu.externaltools.gnu-tools-for-stm32.13.3.rel1.win32_1.0.0.202411081344/tools/bin/../lib/gcc/arm-none-eabi/13.3.1/../../../../arm-none-eabi/lib/thumb/v7-m/nofp\libc_nano.a(libc_a-init.o)
 .ARM.attributes
                0x00000449       0x1d C:/ST/STM32CubeIDE_1.18.0/STM32CubeIDE/plugins/com.st.stm32cube.ide.mcu.externaltools.gnu-tools-for-stm32.13.3.rel1.win32_1.0.0.202411081344/tools/bin/../lib/gcc/arm-none-eabi/13.3.1/thumb/v7-m/nofp\libgcc.a(_arm_addsubdf3.o)
 .ARM.attributes
                0x00000466       0x1d C:/ST/STM32CubeIDE_1.18.0/STM32CubeIDE/plugins/com.st.stm32cube.ide.mcu.externaltools.gnu-tools-for-stm32.13.3.rel1.win32_1.0.0.202411081344/tools/bin/../lib/gcc/arm-none-eabi/13.3.1/thumb/v7-m/nofp\libgcc.a(_arm_muldivdf3.o)
 .ARM.attributes
                0x00000483       0x1d C:/ST/STM32CubeIDE_1.18.0/STM32CubeIDE/plugins/com.st.stm32cube.ide.mcu.externaltools.gnu-tools-for-stm32.13.3.rel1.win32_1.0.0.202411081344/tools/bin/../lib/gcc/arm-none-eabi/13.3.1/thumb/v7-m/nofp/crtn.o
OUTPUT(single_twr.elf elf32-littlearm)
LOAD linker stubs
LOAD C:/ST/STM32CubeIDE_1.18.0/STM32CubeIDE/plugins/com.st.stm32cube.ide.mcu.externaltools.gnu-tools-for-stm32.13.3.rel1.win32_1.0.0.202411081344/tools/bin/../lib/gcc/arm-none-eabi/13.3.1/../../../../arm-none-eabi/lib/thumb/v7-m/nofp\libc.a
LOAD C:/ST/STM32CubeIDE_1.18.0/STM32CubeIDE/plugins/com.st.stm32cube.ide.mcu.externaltools.gnu-tools-for-stm32.13.3.rel1.win32_1.0.0.202411081344/tools/bin/../lib/gcc/arm-none-eabi/13.3.1/../../../../arm-none-eabi/lib/thumb/v7-m/nofp\libm.a
LOAD C:/ST/STM32CubeIDE_1.18.0/STM32CubeIDE/plugins/com.st.stm32cube.ide.mcu.externaltools.gnu-tools-for-stm32.13.3.rel1.win32_1.0.0.202411081344/tools/bin/../lib/gcc/arm-none-eabi/13.3.1/thumb/v7-m/nofp\libgcc.a

.debug_info     0x00000000     0xcea6
 .debug_info    0x00000000      0x1b1 ./Core/App/app_init.o
 .debug_info    0x000001b1      0x472 ./Core/App/uwb.o
 .debug_info    0x00000623     0x1d2b ./Core/Lib/decadriver/deca_device.o
 .debug_info    0x0000234e      0x2bc ./Core/Lib/decadriver/deca_params_init.o
 .debug_info    0x0000260a      0x112 ./Core/Lib/platform/deca_mutex.o
 .debug_info    0x0000271c       0xd9 ./Core/Lib/platform/deca_sleep.o
 .debug_info    0x000027f5      0x927 ./Core/Lib/platform/deca_spi.o
 .debug_info    0x0000311c      0xdd9 ./Core/Lib/platform/port.o
 .debug_info    0x00003ef5      0xf5a ./Core/Src/main.o
 .debug_info    0x00004e4f      0xbc6 ./Core/Src/stm32f1xx_hal_msp.o
 .debug_info    0x00005a15      0x113 ./Core/Src/stm32f1xx_it.o
 .debug_info    0x00005b28      0x222 ./Core/Src/system_stm32f1xx.o
 .debug_info    0x00005d4a       0x30 ./Core/Startup/startup_stm32f103c8tx.o
 .debug_info    0x00005d7a      0x704 ./Drivers/STM32F1xx_HAL_Driver/Src/stm32f1xx_hal.o
 .debug_info    0x0000647e      0xa87 ./Drivers/STM32F1xx_HAL_Driver/Src/stm32f1xx_hal_cortex.o
 .debug_info    0x00006f05      0x5ab ./Drivers/STM32F1xx_HAL_Driver/Src/stm32f1xx_hal_gpio.o
 .debug_info    0x000074b0      0x7d5 ./Drivers/STM32F1xx_HAL_Driver/Src/stm32f1xx_hal_rcc.o
 .debug_info    0x00007c85     0x142d ./Drivers/STM32F1xx_HAL_Driver/Src/stm32f1xx_hal_spi.o
 .debug_info    0x000090b2     0x2959 ./Drivers/STM32F1xx_HAL_Driver/Src/stm32f1xx_hal_tim.o
 .debug_info    0x0000ba0b     0x149b ./Drivers/STM32F1xx_HAL_Driver/Src/stm32f1xx_hal_tim_ex.o

.debug_abbrev   0x00000000     0x24c9
 .debug_abbrev  0x00000000       0xeb ./Core/App/app_init.o
 .debug_abbrev  0x000000eb      0x1e3 ./Core/App/uwb.o
 .debug_abbrev  0x000002ce      0x2d0 ./Core/Lib/decadriver/deca_device.o
 .debug_abbrev  0x0000059e       0x96 ./Core/Lib/decadriver/deca_params_init.o
 .debug_abbrev  0x00000634       0xcc ./Core/Lib/platform/deca_mutex.o
 .debug_abbrev  0x00000700       0x81 ./Core/Lib/platform/deca_sleep.o
 .debug_abbrev  0x00000781      0x21e ./Core/Lib/platform/deca_spi.o
 .debug_abbrev  0x0000099f      0x3a0 ./Core/Lib/platform/port.o
 .debug_abbrev  0x00000d3f      0x2ef ./Core/Src/main.o
 .debug_abbrev  0x0000102e      0x1dc ./Core/Src/stm32f1xx_hal_msp.o
 .debug_abbrev  0x0000120a       0x73 ./Core/Src/stm32f1xx_it.o
 .debug_abbrev  0x0000127d      0x13f ./Core/Src/system_stm32f1xx.o
 .debug_abbrev  0x000013bc       0x24 ./Core/Startup/startup_stm32f103c8tx.o
 .debug_abbrev  0x000013e0      0x201 ./Drivers/STM32F1xx_HAL_Driver/Src/stm32f1xx_hal.o
 .debug_abbrev  0x000015e1      0x2f8 ./Drivers/STM32F1xx_HAL_Driver/Src/stm32f1xx_hal_cortex.o
 .debug_abbrev  0x000018d9      0x1ca ./Drivers/STM32F1xx_HAL_Driver/Src/stm32f1xx_hal_gpio.o
 .debug_abbrev  0x00001aa3      0x2b3 ./Drivers/STM32F1xx_HAL_Driver/Src/stm32f1xx_hal_rcc.o
 .debug_abbrev  0x00001d56      0x27a ./Drivers/STM32F1xx_HAL_Driver/Src/stm32f1xx_hal_spi.o
 .debug_abbrev  0x00001fd0      0x277 ./Drivers/STM32F1xx_HAL_Driver/Src/stm32f1xx_hal_tim.o
 .debug_abbrev  0x00002247      0x282 ./Drivers/STM32F1xx_HAL_Driver/Src/stm32f1xx_hal_tim_ex.o

.debug_aranges  0x00000000     0x1030
 .debug_aranges
                0x00000000       0x20 ./Core/App/app_init.o
 .debug_aranges
                0x00000020       0x48 ./Core/App/uwb.o
 .debug_aranges
                0x00000068      0x358 ./Core/Lib/decadriver/deca_device.o
 .debug_aranges
                0x000003c0       0x18 ./Core/Lib/decadriver/deca_params_init.o
 .debug_aranges
                0x000003d8       0x28 ./Core/Lib/platform/deca_mutex.o
 .debug_aranges
                0x00000400       0x20 ./Core/Lib/platform/deca_sleep.o
 .debug_aranges
                0x00000420       0x38 ./Core/Lib/platform/deca_spi.o
 .debug_aranges
                0x00000458       0xd0 ./Core/Lib/platform/port.o
 .debug_aranges
                0x00000528       0x48 ./Core/Src/main.o
 .debug_aranges
                0x00000570       0x40 ./Core/Src/stm32f1xx_hal_msp.o
 .debug_aranges
                0x000005b0       0x60 ./Core/Src/stm32f1xx_it.o
 .debug_aranges
                0x00000610       0x28 ./Core/Src/system_stm32f1xx.o
 .debug_aranges
                0x00000638       0x28 ./Core/Startup/startup_stm32f103c8tx.o
 .debug_aranges
                0x00000660       0xe0 ./Drivers/STM32F1xx_HAL_Driver/Src/stm32f1xx_hal.o
 .debug_aranges
                0x00000740      0x100 ./Drivers/STM32F1xx_HAL_Driver/Src/stm32f1xx_hal_cortex.o
 .debug_aranges
                0x00000840       0x58 ./Drivers/STM32F1xx_HAL_Driver/Src/stm32f1xx_hal_gpio.o
 .debug_aranges
                0x00000898       0x90 ./Drivers/STM32F1xx_HAL_Driver/Src/stm32f1xx_hal_rcc.o
 .debug_aranges
                0x00000928      0x1d0 ./Drivers/STM32F1xx_HAL_Driver/Src/stm32f1xx_hal_spi.o
 .debug_aranges
                0x00000af8      0x3d0 ./Drivers/STM32F1xx_HAL_Driver/Src/stm32f1xx_hal_tim.o
 .debug_aranges
                0x00000ec8      0x168 ./Drivers/STM32F1xx_HAL_Driver/Src/stm32f1xx_hal_tim_ex.o

.debug_rnglists
                0x00000000      0xc4e
 .debug_rnglists
                0x00000000       0x13 ./Core/App/app_init.o
 .debug_rnglists
                0x00000013       0x32 ./Core/App/uwb.o
 .debug_rnglists
                0x00000045      0x293 ./Core/Lib/decadriver/deca_device.o
 .debug_rnglists
                0x000002d8       0x19 ./Core/Lib/platform/deca_mutex.o
 .debug_rnglists
                0x000002f1       0x13 ./Core/Lib/platform/deca_sleep.o
 .debug_rnglists
                0x00000304       0x26 ./Core/Lib/platform/deca_spi.o
 .debug_rnglists
                0x0000032a       0x97 ./Core/Lib/platform/port.o
 .debug_rnglists
                0x000003c1       0x35 ./Core/Src/main.o
 .debug_rnglists
                0x000003f6       0x2c ./Core/Src/stm32f1xx_hal_msp.o
 .debug_rnglists
                0x00000422       0x43 ./Core/Src/stm32f1xx_it.o
 .debug_rnglists
                0x00000465       0x1a ./Core/Src/system_stm32f1xx.o
 .debug_rnglists
                0x0000047f       0x19 ./Core/Startup/startup_stm32f103c8tx.o
 .debug_rnglists
                0x00000498       0xa3 ./Drivers/STM32F1xx_HAL_Driver/Src/stm32f1xx_hal.o
 .debug_rnglists
                0x0000053b       0xbb ./Drivers/STM32F1xx_HAL_Driver/Src/stm32f1xx_hal_cortex.o
 .debug_rnglists
                0x000005f6       0x3f ./Drivers/STM32F1xx_HAL_Driver/Src/stm32f1xx_hal_gpio.o
 .debug_rnglists
                0x00000635       0x6c ./Drivers/STM32F1xx_HAL_Driver/Src/stm32f1xx_hal_rcc.o
 .debug_rnglists
                0x000006a1      0x16e ./Drivers/STM32F1xx_HAL_Driver/Src/stm32f1xx_hal_spi.o
 .debug_rnglists
                0x0000080f      0x31a ./Drivers/STM32F1xx_HAL_Driver/Src/stm32f1xx_hal_tim.o
 .debug_rnglists
                0x00000b29      0x125 ./Drivers/STM32F1xx_HAL_Driver/Src/stm32f1xx_hal_tim_ex.o

.debug_macro    0x00000000    0x1b274
 .debug_macro   0x00000000      0x364 ./Core/App/app_init.o
 .debug_macro   0x00000364      0xacc ./Core/App/app_init.o
 .debug_macro   0x00000e30      0x21b ./Core/App/app_init.o
 .debug_macro   0x0000104b       0x2e ./Core/App/app_init.o
 .debug_macro   0x00001079       0x22 ./Core/App/app_init.o
 .debug_macro   0x0000109b       0x22 ./Core/App/app_init.o
 .debug_macro   0x000010bd       0x8e ./Core/App/app_init.o
 .debug_macro   0x0000114b       0x51 ./Core/App/app_init.o
 .debug_macro   0x0000119c      0x103 ./Core/App/app_init.o
 .debug_macro   0x0000129f       0x6a ./Core/App/app_init.o
 .debug_macro   0x00001309      0x1df ./Core/App/app_init.o
 .debug_macro   0x000014e8       0x1c ./Core/App/app_init.o
 .debug_macro   0x00001504       0x22 ./Core/App/app_init.o
 .debug_macro   0x00001526       0xbd ./Core/App/app_init.o
 .debug_macro   0x000015e3      0xd23 ./Core/App/app_init.o
 .debug_macro   0x00002306     0xe09e ./Core/App/app_init.o
 .debug_macro   0x000103a4       0x6d ./Core/App/app_init.o
 .debug_macro   0x00010411     0x34a2 ./Core/App/app_init.o
 .debug_macro   0x000138b3      0x190 ./Core/App/app_init.o
 .debug_macro   0x00013a43       0x5c ./Core/App/app_init.o
 .debug_macro   0x00013a9f      0x5bc ./Core/App/app_init.o
 .debug_macro   0x0001405b      0x289 ./Core/App/app_init.o
 .debug_macro   0x000142e4      0x1cb ./Core/App/app_init.o
 .debug_macro   0x000144af      0x114 ./Core/App/app_init.o
 .debug_macro   0x000145c3      0x1b2 ./Core/App/app_init.o
 .debug_macro   0x00014775       0x27 ./Core/App/app_init.o
 .debug_macro   0x0001479c      0x136 ./Core/App/app_init.o
 .debug_macro   0x000148d2      0x1bc ./Core/App/app_init.o
 .debug_macro   0x00014a8e       0x34 ./Core/App/app_init.o
 .debug_macro   0x00014ac2       0x3c ./Core/App/app_init.o
 .debug_macro   0x00014afe       0x57 ./Core/App/app_init.o
 .debug_macro   0x00014b55       0x87 ./Core/App/app_init.o
 .debug_macro   0x00014bdc      0x240 ./Core/App/app_init.o
 .debug_macro   0x00014e1c      0x140 ./Core/App/app_init.o
 .debug_macro   0x00014f5c      0x217 ./Core/App/app_init.o
 .debug_macro   0x00015173      0x8ed ./Core/App/app_init.o
 .debug_macro   0x00015a60       0x83 ./Core/App/app_init.o
 .debug_macro   0x00015ae3       0x34 ./Core/App/app_init.o
 .debug_macro   0x00015b17      0x2f6 ./Core/App/app_init.o
 .debug_macro   0x00015e0d       0x16 ./Core/App/app_init.o
 .debug_macro   0x00015e23     0x1863 ./Core/App/app_init.o
 .debug_macro   0x00017686       0x61 ./Core/App/app_init.o
 .debug_macro   0x000176e7       0x24 ./Core/App/app_init.o
 .debug_macro   0x0001770b       0x43 ./Core/App/app_init.o
 .debug_macro   0x0001774e       0x34 ./Core/App/app_init.o
 .debug_macro   0x00017782      0x370 ./Core/App/app_init.o
 .debug_macro   0x00017af2       0x16 ./Core/App/app_init.o
 .debug_macro   0x00017b08       0x4a ./Core/App/app_init.o
 .debug_macro   0x00017b52       0x34 ./Core/App/app_init.o
 .debug_macro   0x00017b86       0x10 ./Core/App/app_init.o
 .debug_macro   0x00017b96       0x58 ./Core/App/app_init.o
 .debug_macro   0x00017bee       0x8e ./Core/App/app_init.o
 .debug_macro   0x00017c7c       0x1c ./Core/App/app_init.o
 .debug_macro   0x00017c98      0x185 ./Core/App/app_init.o
 .debug_macro   0x00017e1d       0x10 ./Core/App/app_init.o
 .debug_macro   0x00017e2d       0x3c ./Core/App/app_init.o
 .debug_macro   0x00017e69       0x20 ./Core/App/app_init.o
 .debug_macro   0x00017e89       0x1c ./Core/App/app_init.o
 .debug_macro   0x00017ea5       0x10 ./Core/App/app_init.o
 .debug_macro   0x00017eb5       0x1c ./Core/App/app_init.o
 .debug_macro   0x00017ed1       0x16 ./Core/App/app_init.o
 .debug_macro   0x00017ee7      0x146 ./Core/App/app_init.o
 .debug_macro   0x0001802d       0x16 ./Core/App/app_init.o
 .debug_macro   0x00018043       0x16 ./Core/App/app_init.o
 .debug_macro   0x00018059       0x29 ./Core/App/app_init.o
 .debug_macro   0x00018082      0x19b ./Core/App/app_init.o
 .debug_macro   0x0001821d       0x16 ./Core/App/app_init.o
 .debug_macro   0x00018233       0x22 ./Core/App/app_init.o
 .debug_macro   0x00018255       0x1c ./Core/App/app_init.o
 .debug_macro   0x00018271       0xe6 ./Core/App/app_init.o
 .debug_macro   0x00018357      0x19a ./Core/App/uwb.o
 .debug_macro   0x000184f1       0x2e ./Core/App/uwb.o
 .debug_macro   0x0001851f      0x1b9 ./Core/Lib/decadriver/deca_device.o
 .debug_macro   0x000186d8       0x5b ./Core/Lib/decadriver/deca_device.o
 .debug_macro   0x00018733       0x94 ./Core/Lib/decadriver/deca_device.o
 .debug_macro   0x000187c7      0x11c ./Core/Lib/decadriver/deca_device.o
 .debug_macro   0x000188e3       0x9b ./Core/Lib/decadriver/deca_device.o
 .debug_macro   0x0001897e       0x57 ./Core/Lib/decadriver/deca_device.o
 .debug_macro   0x000189d5       0x2e ./Core/Lib/decadriver/deca_device.o
 .debug_macro   0x00018a03       0x94 ./Core/Lib/decadriver/deca_device.o
 .debug_macro   0x00018a97      0x2d2 ./Core/Lib/decadriver/deca_device.o
 .debug_macro   0x00018d69      0x17d ./Core/Lib/decadriver/deca_params_init.o
 .debug_macro   0x00018ee6       0x16 ./Core/Lib/decadriver/deca_params_init.o
 .debug_macro   0x00018efc       0x9e ./Core/Lib/decadriver/deca_params_init.o
 .debug_macro   0x00018f9a      0x112 ./Core/Lib/decadriver/deca_params_init.o
 .debug_macro   0x000190ac       0x16 ./Core/Lib/decadriver/deca_params_init.o
 .debug_macro   0x000190c2       0x8e ./Core/Lib/decadriver/deca_params_init.o
 .debug_macro   0x00019150      0x329 ./Core/Lib/platform/deca_mutex.o
 .debug_macro   0x00019479       0x22 ./Core/Lib/platform/deca_mutex.o
 .debug_macro   0x0001949b       0x50 ./Core/Lib/platform/deca_mutex.o
 .debug_macro   0x000194eb      0x333 ./Core/Lib/platform/deca_sleep.o
 .debug_macro   0x0001981e      0x35b ./Core/Lib/platform/deca_spi.o
 .debug_macro   0x00019b79       0x34 ./Core/Lib/platform/deca_spi.o
 .debug_macro   0x00019bad       0x3a ./Core/Lib/platform/deca_spi.o
 .debug_macro   0x00019be7      0x351 ./Core/Lib/platform/port.o
 .debug_macro   0x00019f38      0x1d8 ./Core/Src/main.o
 .debug_macro   0x0001a110       0x34 ./Core/Src/main.o
 .debug_macro   0x0001a144      0x1b2 ./Core/Src/stm32f1xx_hal_msp.o
 .debug_macro   0x0001a2f6      0x1bc ./Core/Src/stm32f1xx_it.o
 .debug_macro   0x0001a4b2      0x1a3 ./Core/Src/system_stm32f1xx.o
 .debug_macro   0x0001a655      0x1c7 ./Drivers/STM32F1xx_HAL_Driver/Src/stm32f1xx_hal.o
 .debug_macro   0x0001a81c      0x1a3 ./Drivers/STM32F1xx_HAL_Driver/Src/stm32f1xx_hal_cortex.o
 .debug_macro   0x0001a9bf      0x20e ./Drivers/STM32F1xx_HAL_Driver/Src/stm32f1xx_hal_gpio.o
 .debug_macro   0x0001abcd      0x1b5 ./Drivers/STM32F1xx_HAL_Driver/Src/stm32f1xx_hal_rcc.o
 .debug_macro   0x0001ad82      0x1ab ./Drivers/STM32F1xx_HAL_Driver/Src/stm32f1xx_hal_spi.o
 .debug_macro   0x0001af2d      0x1a4 ./Drivers/STM32F1xx_HAL_Driver/Src/stm32f1xx_hal_tim.o
 .debug_macro   0x0001b0d1      0x1a3 ./Drivers/STM32F1xx_HAL_Driver/Src/stm32f1xx_hal_tim_ex.o

.debug_line     0x00000000    0x11535
 .debug_line    0x00000000      0x9d4 ./Core/App/app_init.o
 .debug_line    0x000009d4      0x79c ./Core/App/uwb.o
 .debug_line    0x00001170     0x1cc3 ./Core/Lib/decadriver/deca_device.o
 .debug_line    0x00002e33      0x5b4 ./Core/Lib/decadriver/deca_params_init.o
 .debug_line    0x000033e7      0x95c ./Core/Lib/platform/deca_mutex.o
 .debug_line    0x00003d43      0x93c ./Core/Lib/platform/deca_sleep.o
 .debug_line    0x0000467f      0xaa0 ./Core/Lib/platform/deca_spi.o
 .debug_line    0x0000511f      0xc56 ./Core/Lib/platform/port.o
 .debug_line    0x00005d75      0x9c7 ./Core/Src/main.o
 .debug_line    0x0000673c      0x787 ./Core/Src/stm32f1xx_hal_msp.o
 .debug_line    0x00006ec3      0x7aa ./Core/Src/stm32f1xx_it.o
 .debug_line    0x0000766d      0x77a ./Core/Src/system_stm32f1xx.o
 .debug_line    0x00007de7       0x78 ./Core/Startup/startup_stm32f103c8tx.o
 .debug_line    0x00007e5f      0x9ab ./Drivers/STM32F1xx_HAL_Driver/Src/stm32f1xx_hal.o
 .debug_line    0x0000880a      0xb75 ./Drivers/STM32F1xx_HAL_Driver/Src/stm32f1xx_hal_cortex.o
 .debug_line    0x0000937f      0xa08 ./Drivers/STM32F1xx_HAL_Driver/Src/stm32f1xx_hal_gpio.o
 .debug_line    0x00009d87      0xe64 ./Drivers/STM32F1xx_HAL_Driver/Src/stm32f1xx_hal_rcc.o
 .debug_line    0x0000abeb     0x1c42 ./Drivers/STM32F1xx_HAL_Driver/Src/stm32f1xx_hal_spi.o
 .debug_line    0x0000c82d     0x3499 ./Drivers/STM32F1xx_HAL_Driver/Src/stm32f1xx_hal_tim.o
 .debug_line    0x0000fcc6     0x186f ./Drivers/STM32F1xx_HAL_Driver/Src/stm32f1xx_hal_tim_ex.o

.debug_str      0x00000000    0x91dd8
 .debug_str     0x00000000    0x91dd8 ./Core/App/app_init.o
                              0x8d933 (size before relaxing)
 .debug_str     0x00091dd8     0xdd83 ./Core/App/uwb.o
 .debug_str     0x00091dd8     0xdc87 ./Core/Lib/decadriver/deca_device.o
 .debug_str     0x00091dd8     0xd2ba ./Core/Lib/decadriver/deca_params_init.o
 .debug_str     0x00091dd8    0x88044 ./Core/Lib/platform/deca_mutex.o
 .debug_str     0x00091dd8    0x88002 ./Core/Lib/platform/deca_sleep.o
 .debug_str     0x00091dd8    0x88627 ./Core/Lib/platform/deca_spi.o
 .debug_str     0x00091dd8    0x88ca9 ./Core/Lib/platform/port.o
 .debug_str     0x00091dd8    0x84599 ./Core/Src/main.o
 .debug_str     0x00091dd8    0x8379f ./Core/Src/stm32f1xx_hal_msp.o
 .debug_str     0x00091dd8    0x83046 ./Core/Src/stm32f1xx_it.o
 .debug_str     0x00091dd8    0x82fa2 ./Core/Src/system_stm32f1xx.o
 .debug_str     0x00091dd8       0x80 ./Core/Startup/startup_stm32f103c8tx.o
 .debug_str     0x00091dd8    0x836d5 ./Drivers/STM32F1xx_HAL_Driver/Src/stm32f1xx_hal.o
 .debug_str     0x00091dd8    0x83621 ./Drivers/STM32F1xx_HAL_Driver/Src/stm32f1xx_hal_cortex.o
 .debug_str     0x00091dd8    0x83328 ./Drivers/STM32F1xx_HAL_Driver/Src/stm32f1xx_hal_gpio.o
 .debug_str     0x00091dd8    0x833d1 ./Drivers/STM32F1xx_HAL_Driver/Src/stm32f1xx_hal_rcc.o
 .debug_str     0x00091dd8    0x838c8 ./Drivers/STM32F1xx_HAL_Driver/Src/stm32f1xx_hal_spi.o
 .debug_str     0x00091dd8    0x843d3 ./Drivers/STM32F1xx_HAL_Driver/Src/stm32f1xx_hal_tim.o
 .debug_str     0x00091dd8    0x83bdf ./Drivers/STM32F1xx_HAL_Driver/Src/stm32f1xx_hal_tim_ex.o

.comment        0x00000000       0x43
 .comment       0x00000000       0x43 ./Core/App/app_init.o
                                 0x44 (size before relaxing)
 .comment       0x00000043       0x44 ./Core/App/uwb.o
 .comment       0x00000043       0x44 ./Core/Lib/decadriver/deca_device.o
 .comment       0x00000043       0x44 ./Core/Lib/decadriver/deca_params_init.o
 .comment       0x00000043       0x44 ./Core/Lib/platform/deca_mutex.o
 .comment       0x00000043       0x44 ./Core/Lib/platform/deca_sleep.o
 .comment       0x00000043       0x44 ./Core/Lib/platform/deca_spi.o
 .comment       0x00000043       0x44 ./Core/Lib/platform/port.o
 .comment       0x00000043       0x44 ./Core/Src/main.o
 .comment       0x00000043       0x44 ./Core/Src/stm32f1xx_hal_msp.o
 .comment       0x00000043       0x44 ./Core/Src/stm32f1xx_it.o
 .comment       0x00000043       0x44 ./Core/Src/system_stm32f1xx.o
 .comment       0x00000043       0x44 ./Drivers/STM32F1xx_HAL_Driver/Src/stm32f1xx_hal.o
 .comment       0x00000043       0x44 ./Drivers/STM32F1xx_HAL_Driver/Src/stm32f1xx_hal_cortex.o
 .comment       0x00000043       0x44 ./Drivers/STM32F1xx_HAL_Driver/Src/stm32f1xx_hal_gpio.o
 .comment       0x00000043       0x44 ./Drivers/STM32F1xx_HAL_Driver/Src/stm32f1xx_hal_rcc.o
 .comment       0x00000043       0x44 ./Drivers/STM32F1xx_HAL_Driver/Src/stm32f1xx_hal_spi.o
 .comment       0x00000043       0x44 ./Drivers/STM32F1xx_HAL_Driver/Src/stm32f1xx_hal_tim.o
 .comment       0x00000043       0x44 ./Drivers/STM32F1xx_HAL_Driver/Src/stm32f1xx_hal_tim_ex.o

.debug_frame    0x00000000     0x42c0
 .debug_frame   0x00000000       0x2c ./Core/App/app_init.o
 .debug_frame   0x0000002c       0xec ./Core/App/uwb.o
 .debug_frame   0x00000118      0xe40 ./Core/Lib/decadriver/deca_device.o
 .debug_frame   0x00000f58       0x58 ./Core/Lib/platform/deca_mutex.o
 .debug_frame   0x00000fb0       0x34 ./Core/Lib/platform/deca_sleep.o
 .debug_frame   0x00000fe4       0x98 ./Core/Lib/platform/deca_spi.o
 .debug_frame   0x0000107c      0x308 ./Core/Lib/platform/port.o
 .debug_frame   0x00001384       0xcc ./Core/Src/main.o
 .debug_frame   0x00001450       0xd0 ./Core/Src/stm32f1xx_hal_msp.o
 .debug_frame   0x00001520      0x104 ./Core/Src/stm32f1xx_it.o
 .debug_frame   0x00001624       0x58 ./Core/Src/system_stm32f1xx.o
 .debug_frame   0x0000167c      0x334 ./Drivers/STM32F1xx_HAL_Driver/Src/stm32f1xx_hal.o
 .debug_frame   0x000019b0      0x428 ./Drivers/STM32F1xx_HAL_Driver/Src/stm32f1xx_hal_cortex.o
 .debug_frame   0x00001dd8      0x14c ./Drivers/STM32F1xx_HAL_Driver/Src/stm32f1xx_hal_gpio.o
 .debug_frame   0x00001f24      0x218 ./Drivers/STM32F1xx_HAL_Driver/Src/stm32f1xx_hal_rcc.o
 .debug_frame   0x0000213c      0x824 ./Drivers/STM32F1xx_HAL_Driver/Src/stm32f1xx_hal_spi.o
 .debug_frame   0x00002960     0x11b8 ./Drivers/STM32F1xx_HAL_Driver/Src/stm32f1xx_hal_tim.o
 .debug_frame   0x00003b18      0x638 ./Drivers/STM32F1xx_HAL_Driver/Src/stm32f1xx_hal_tim_ex.o
 .debug_frame   0x00004150       0x28 C:/ST/STM32CubeIDE_1.18.0/STM32CubeIDE/plugins/com.st.stm32cube.ide.mcu.externaltools.gnu-tools-for-stm32.13.3.rel1.win32_1.0.0.202411081344/tools/bin/../lib/gcc/arm-none-eabi/13.3.1/../../../../arm-none-eabi/lib/thumb/v7-m/nofp\libc_nano.a(libc_a-memcmp.o)
 .debug_frame   0x00004178       0x20 C:/ST/STM32CubeIDE_1.18.0/STM32CubeIDE/plugins/com.st.stm32cube.ide.mcu.externaltools.gnu-tools-for-stm32.13.3.rel1.win32_1.0.0.202411081344/tools/bin/../lib/gcc/arm-none-eabi/13.3.1/../../../../arm-none-eabi/lib/thumb/v7-m/nofp\libc_nano.a(libc_a-memset.o)
 .debug_frame   0x00004198       0x2c C:/ST/STM32CubeIDE_1.18.0/STM32CubeIDE/plugins/com.st.stm32cube.ide.mcu.externaltools.gnu-tools-for-stm32.13.3.rel1.win32_1.0.0.202411081344/tools/bin/../lib/gcc/arm-none-eabi/13.3.1/../../../../arm-none-eabi/lib/thumb/v7-m/nofp\libc_nano.a(libc_a-init.o)
 .debug_frame   0x000041c4       0xac C:/ST/STM32CubeIDE_1.18.0/STM32CubeIDE/plugins/com.st.stm32cube.ide.mcu.externaltools.gnu-tools-for-stm32.13.3.rel1.win32_1.0.0.202411081344/tools/bin/../lib/gcc/arm-none-eabi/13.3.1/thumb/v7-m/nofp\libgcc.a(_arm_addsubdf3.o)
 .debug_frame   0x00004270       0x50 C:/ST/STM32CubeIDE_1.18.0/STM32CubeIDE/plugins/com.st.stm32cube.ide.mcu.externaltools.gnu-tools-for-stm32.13.3.rel1.win32_1.0.0.202411081344/tools/bin/../lib/gcc/arm-none-eabi/13.3.1/thumb/v7-m/nofp\libgcc.a(_arm_muldivdf3.o)

.debug_loclists
                0x00000000      0x156
 .debug_loclists
                0x00000000      0x156 ./Core/Lib/platform/deca_spi.o

.debug_line_str
                0x00000000       0x64
 .debug_line_str
                0x00000000       0x64 ./Core/Startup/startup_stm32f103c8tx.o
