../Drivers/Lib/decadriver/deca_device.c:101:7:dwt_apiversion	4	static
../Drivers/Lib/decadriver/deca_device.c:118:5:dwt_setlocaldataptr	16	static
../Drivers/Lib/decadriver/deca_device.c:173:5:dwt_initialise	40	static
../Drivers/Lib/decadriver/deca_device.c:343:7:dwt_otprevision	4	static
../Drivers/Lib/decadriver/deca_device.c:360:6:dwt_setfinegraintxseq	16	static
../Drivers/Lib/decadriver/deca_device.c:388:6:dwt_setlnapamode	24	static
../Drivers/Lib/decadriver/deca_device.c:414:6:dwt_enablegpioclocks	16	static
../Drivers/Lib/decadriver/deca_device.c:433:6:dwt_setgpiodirection	24	static
../Drivers/Lib/decadriver/deca_device.c:458:6:dwt_setgpiovalue	24	static
../Drivers/Lib/decadriver/deca_device.c:483:5:dwt_getgpiovalue	16	static
../Drivers/Lib/decadriver/deca_device.c:502:7:dwt_geticrefvolt	4	static
../Drivers/Lib/decadriver/deca_device.c:523:7:dwt_geticreftemp	4	static
../Drivers/Lib/decadriver/deca_device.c:544:8:dwt_getpartid	4	static
../Drivers/Lib/decadriver/deca_device.c:566:8:dwt_getlotid	4	static
../Drivers/Lib/decadriver/deca_device.c:586:8:dwt_readdevid	8	static
../Drivers/Lib/decadriver/deca_device.c:605:6:dwt_configuretxrf	16	static
../Drivers/Lib/decadriver/deca_device.c:631:6:dwt_configurefor64plen	16	static
../Drivers/Lib/decadriver/deca_device.c:661:6:dwt_configure	32	static
../Drivers/Lib/decadriver/deca_device.c:800:6:dwt_setrxantennadelay	16	static
../Drivers/Lib/decadriver/deca_device.c:819:6:dwt_settxantennadelay	16	static
../Drivers/Lib/decadriver/deca_device.c:845:5:dwt_writetxdata	16	static
../Drivers/Lib/decadriver/deca_device.c:882:6:dwt_writetxfctrl	24	static
../Drivers/Lib/decadriver/deca_device.c:912:6:dwt_readrxdata	16	static
../Drivers/Lib/decadriver/deca_device.c:934:6:dwt_readaccdata	16	static
../Drivers/Lib/decadriver/deca_device.c:961:7:dwt_readcarrierintegrator	24	static
../Drivers/Lib/decadriver/deca_device.c:994:6:dwt_readdiagnostics	16	static
../Drivers/Lib/decadriver/deca_device.c:1022:6:dwt_readtxtimestamp	16	static
../Drivers/Lib/decadriver/deca_device.c:1038:8:dwt_readtxtimestamphi32	8	static
../Drivers/Lib/decadriver/deca_device.c:1054:8:dwt_readtxtimestamplo32	8	static
../Drivers/Lib/decadriver/deca_device.c:1071:6:dwt_readrxtimestamp	16	static
../Drivers/Lib/decadriver/deca_device.c:1087:8:dwt_readrxtimestamphi32	8	static
../Drivers/Lib/decadriver/deca_device.c:1103:8:dwt_readrxtimestamplo32	8	static
../Drivers/Lib/decadriver/deca_device.c:1119:8:dwt_readsystimestamphi32	8	static
../Drivers/Lib/decadriver/deca_device.c:1137:6:dwt_readsystime	16	static
../Drivers/Lib/decadriver/deca_device.c:1165:6:dwt_writetodevice	32	static
../Drivers/Lib/decadriver/deca_device.c:1229:6:dwt_readfromdevice	32	static
../Drivers/Lib/decadriver/deca_device.c:1285:8:dwt_read32bitoffsetreg	32	static
../Drivers/Lib/decadriver/deca_device.c:1314:8:dwt_read16bitoffsetreg	24	static
../Drivers/Lib/decadriver/deca_device.c:1339:7:dwt_read8bitoffsetreg	24	static
../Drivers/Lib/decadriver/deca_device.c:1362:6:dwt_write8bitoffsetreg	24	static
../Drivers/Lib/decadriver/deca_device.c:1381:6:dwt_write16bitoffsetreg	32	static
../Drivers/Lib/decadriver/deca_device.c:1405:6:dwt_write32bitoffsetreg	32	static
../Drivers/Lib/decadriver/deca_device.c:1439:6:dwt_enableframefilter	24	static
../Drivers/Lib/decadriver/deca_device.c:1470:6:dwt_setpanid	16	static
../Drivers/Lib/decadriver/deca_device.c:1488:6:dwt_setaddress16	16	static
../Drivers/Lib/decadriver/deca_device.c:1506:6:dwt_seteui	16	static
../Drivers/Lib/decadriver/deca_device.c:1523:6:dwt_geteui	16	static
../Drivers/Lib/decadriver/deca_device.c:1542:6:dwt_otpread	32	static
../Drivers/Lib/decadriver/deca_device.c:1570:8:_dwt_otpread	24	static
../Drivers/Lib/decadriver/deca_device.c:1608:8:_dwt_otpsetmrregs	32	static
../Drivers/Lib/decadriver/deca_device.c:1749:8:_dwt_otpprogword32	24	static
../Drivers/Lib/decadriver/deca_device.c:1802:5:dwt_otpwriteandverify	24	static
../Drivers/Lib/decadriver/deca_device.c:1857:6:_dwt_aonconfigupload	8	static
../Drivers/Lib/decadriver/deca_device.c:1875:6:_dwt_aonarrayupload	8	static
../Drivers/Lib/decadriver/deca_device.c:1893:6:dwt_entersleep	8	static
../Drivers/Lib/decadriver/deca_device.c:1913:6:dwt_configuresleepcnt	16	static
../Drivers/Lib/decadriver/deca_device.c:1951:8:dwt_calibratesleepcnt	16	static
../Drivers/Lib/decadriver/deca_device.c:2038:6:dwt_configuresleep	16	static
../Drivers/Lib/decadriver/deca_device.c:2063:6:dwt_entersleepaftertx	24	static
../Drivers/Lib/decadriver/deca_device.c:2102:5:dwt_spicswakeup	16	static
../Drivers/Lib/decadriver/deca_device.c:2138:6:_dwt_configlde	16	static
../Drivers/Lib/decadriver/deca_device.c:2164:6:_dwt_loaducodefromrom	8	static
../Drivers/Lib/decadriver/deca_device.c:2193:6:dwt_loadopsettabfromotp	24	static
../Drivers/Lib/decadriver/deca_device.c:2219:6:dwt_setsmarttxpower	24	static
../Drivers/Lib/decadriver/deca_device.c:2252:6:dwt_enableautoack	16	static
../Drivers/Lib/decadriver/deca_device.c:2273:6:dwt_setdblrxbuffmode	16	static
../Drivers/Lib/decadriver/deca_device.c:2303:6:dwt_setrxaftertxdelay	24	static
../Drivers/Lib/decadriver/deca_device.c:2332:6:dwt_setcallbacks	24	static
../Drivers/Lib/decadriver/deca_device.c:2351:7:dwt_checkirq	8	static
../Drivers/Lib/decadriver/deca_device.c:2380:6:dwt_isr	32	static
../Drivers/Lib/decadriver/deca_device.c:2517:6:dwt_lowpowerlistenisr	32	static
../Drivers/Lib/decadriver/deca_device.c:2587:6:dwt_setleds	24	static
../Drivers/Lib/decadriver/deca_device.c:2640:6:_dwt_enableclocks	24	static
../Drivers/Lib/decadriver/deca_device.c:2720:6:_dwt_disablesequencing	8	static
../Drivers/Lib/decadriver/deca_device.c:2740:6:dwt_setdelayedtrxtime	16	static
../Drivers/Lib/decadriver/deca_device.c:2762:5:dwt_starttx	24	static
../Drivers/Lib/decadriver/deca_device.c:2813:6:dwt_forcetrxoff	16	static
../Drivers/Lib/decadriver/deca_device.c:2855:6:dwt_syncrxbufptrs	16	static
../Drivers/Lib/decadriver/deca_device.c:2887:6:dwt_setsniffmode	24	static
../Drivers/Lib/decadriver/deca_device.c:2939:6:dwt_setlowpowerlistening	24	static
../Drivers/Lib/decadriver/deca_device.c:2969:6:dwt_setsnoozetime	16	static
../Drivers/Lib/decadriver/deca_device.c:2993:5:dwt_rxenable	24	static
../Drivers/Lib/decadriver/deca_device.c:3044:6:dwt_setrxtimeout	24	static
../Drivers/Lib/decadriver/deca_device.c:3086:6:dwt_setpreambledetecttimeout	16	static
../Drivers/Lib/decadriver/deca_device.c:3116:6:dwt_setinterrupt	24	static
../Drivers/Lib/decadriver/deca_device.c:3156:6:dwt_configeventcounters	16	static
../Drivers/Lib/decadriver/deca_device.c:3179:6:dwt_readeventcounters	24	static
../Drivers/Lib/decadriver/deca_device.c:3220:6:dwt_rxreset	8	static
../Drivers/Lib/decadriver/deca_device.c:3240:6:dwt_softreset	8	static
../Drivers/Lib/decadriver/deca_device.c:3276:6:dwt_setxtaltrim	24	static
../Drivers/Lib/decadriver/deca_device.c:3295:7:dwt_getxtaltrim	8	static
../Drivers/Lib/decadriver/deca_device.c:3312:6:dwt_configcwmode	16	static
../Drivers/Lib/decadriver/deca_device.c:3364:6:dwt_configcontinuousframemode	16	static
../Drivers/Lib/decadriver/deca_device.c:3413:8:dwt_readtempvbat	24	static
../Drivers/Lib/decadriver/deca_device.c:3479:7:dwt_convertrawtemperature	24	static
../Drivers/Lib/decadriver/deca_device.c:3505:7:dwt_convertdegtemptoraw	24	static
../Drivers/Lib/decadriver/deca_device.c:3540:7:dwt_convertrawvoltage	24	static
../Drivers/Lib/decadriver/deca_device.c:3567:7:dwt_convertvoltstoraw	32	static
../Drivers/Lib/decadriver/deca_device.c:3592:7:dwt_readwakeuptemp	8	static
../Drivers/Lib/decadriver/deca_device.c:3610:7:dwt_readwakeupvbat	8	static
../Drivers/Lib/decadriver/deca_device.c:3631:8:dwt_calcbandwidthtempadj	48	static
../Drivers/Lib/decadriver/deca_device.c:3732:8:_dwt_computetxpowersetting	32	static
../Drivers/Lib/decadriver/deca_device.c:3805:9:dwt_calcpowertempadj	32	static
../Drivers/Lib/decadriver/deca_device.c:3857:8:dwt_calcpgcount	40	static
