../Core/Src/kalman_filter_real.c:3:8:create_matrix	48	static
../Core/Src/kalman_filter_real.c:16:6:free_matrix	32	static
../Core/Src/kalman_filter_real.c:25:8:matrix_multiply	64	static
../Core/Src/kalman_filter_real.c:48:8:matrix_transpose	56	static
../Core/Src/kalman_filter_real.c:61:8:matrix_inverse	120	static
../Core/Src/kalman_filter_real.c:121:8:matrix_add	56	static
../Core/Src/kalman_filter_real.c:140:8:matrix_subtract	56	static
../Core/Src/kalman_filter_real.c:159:8:scalar_multiply	72	static
../Core/Src/kalman_filter_real.c:172:8:eye	48	static
../Core/Src/kalman_filter_real.c:185:8:dot	56	static
../Core/Src/kalman_filter_real.c:204:8:ones	56	static
../Core/Src/kalman_filter_real.c:217:8:zeros	56	static
../Core/Src/kalman_filter_real.c:230:8:create_matrix_from_array	56	static
../Core/Src/kalman_filter_real.c:245:6:print_matrix	32	static
../Core/Src/kalman_filter_real.c:259:14:create_kalman_filter	232	static
../Core/Src/kalman_filter_real.c:325:6:updateDeltaT	32	static
../Core/Src/kalman_filter_real.c:342:8:kalman_filter_predict	136	static
../Core/Src/kalman_filter_real.c:357:8:kalman_filter_update	224	static
../Core/Src/kalman_filter_real.c:382:6:updateAcc	32	static
