Archive member included to satisfy reference by file (symbol)

E:/project/stm32/STM32CubeIDE_2.0.0/STM32CubeIDE/plugins/com.st.stm32cube.ide.mcu.externaltools.gnu-tools-for-stm32.13.3.rel1.win32_1.0.100.202509120712/tools/bin/../lib/gcc/arm-none-eabi/13.3.1/../../../../arm-none-eabi/lib/thumb/v7e-m+fp/hard\libc_nano.a(libc_a-exit.o)
                              E:/project/stm32/STM32CubeIDE_2.0.0/STM32CubeIDE/plugins/com.st.stm32cube.ide.mcu.externaltools.gnu-tools-for-stm32.13.3.rel1.win32_1.0.100.202509120712/tools/bin/../lib/gcc/arm-none-eabi/13.3.1/../../../../arm-none-eabi/lib/thumb/v7e-m+fp/hard/crt0.o (exit)
E:/project/stm32/STM32CubeIDE_2.0.0/STM32CubeIDE/plugins/com.st.stm32cube.ide.mcu.externaltools.gnu-tools-for-stm32.13.3.rel1.win32_1.0.100.202509120712/tools/bin/../lib/gcc/arm-none-eabi/13.3.1/../../../../arm-none-eabi/lib/thumb/v7e-m+fp/hard\libc_nano.a(libc_a-findfp.o)
                              E:/project/stm32/STM32CubeIDE_2.0.0/STM32CubeIDE/plugins/com.st.stm32cube.ide.mcu.externaltools.gnu-tools-for-stm32.13.3.rel1.win32_1.0.100.202509120712/tools/bin/../lib/gcc/arm-none-eabi/13.3.1/../../../../arm-none-eabi/lib/thumb/v7e-m+fp/hard\libc_nano.a(libc_a-exit.o) (__stdio_exit_handler)
E:/project/stm32/STM32CubeIDE_2.0.0/STM32CubeIDE/plugins/com.st.stm32cube.ide.mcu.externaltools.gnu-tools-for-stm32.13.3.rel1.win32_1.0.100.202509120712/tools/bin/../lib/gcc/arm-none-eabi/13.3.1/../../../../arm-none-eabi/lib/thumb/v7e-m+fp/hard\libc_nano.a(libc_a-fwalk.o)
                              E:/project/stm32/STM32CubeIDE_2.0.0/STM32CubeIDE/plugins/com.st.stm32cube.ide.mcu.externaltools.gnu-tools-for-stm32.13.3.rel1.win32_1.0.100.202509120712/tools/bin/../lib/gcc/arm-none-eabi/13.3.1/../../../../arm-none-eabi/lib/thumb/v7e-m+fp/hard\libc_nano.a(libc_a-findfp.o) (_fwalk_sglue)
E:/project/stm32/STM32CubeIDE_2.0.0/STM32CubeIDE/plugins/com.st.stm32cube.ide.mcu.externaltools.gnu-tools-for-stm32.13.3.rel1.win32_1.0.100.202509120712/tools/bin/../lib/gcc/arm-none-eabi/13.3.1/../../../../arm-none-eabi/lib/thumb/v7e-m+fp/hard\libc_nano.a(libc_a-snprintf.o)
                              ./Core/Src/ssd1306_tests.o (snprintf)
E:/project/stm32/STM32CubeIDE_2.0.0/STM32CubeIDE/plugins/com.st.stm32cube.ide.mcu.externaltools.gnu-tools-for-stm32.13.3.rel1.win32_1.0.100.202509120712/tools/bin/../lib/gcc/arm-none-eabi/13.3.1/../../../../arm-none-eabi/lib/thumb/v7e-m+fp/hard\libc_nano.a(libc_a-stdio.o)
                              E:/project/stm32/STM32CubeIDE_2.0.0/STM32CubeIDE/plugins/com.st.stm32cube.ide.mcu.externaltools.gnu-tools-for-stm32.13.3.rel1.win32_1.0.100.202509120712/tools/bin/../lib/gcc/arm-none-eabi/13.3.1/../../../../arm-none-eabi/lib/thumb/v7e-m+fp/hard\libc_nano.a(libc_a-findfp.o) (__sread)
E:/project/stm32/STM32CubeIDE_2.0.0/STM32CubeIDE/plugins/com.st.stm32cube.ide.mcu.externaltools.gnu-tools-for-stm32.13.3.rel1.win32_1.0.100.202509120712/tools/bin/../lib/gcc/arm-none-eabi/13.3.1/../../../../arm-none-eabi/lib/thumb/v7e-m+fp/hard\libc_nano.a(libc_a-memcmp.o)
                              ./Drivers/App/app_uwb.o (memcmp)
E:/project/stm32/STM32CubeIDE_2.0.0/STM32CubeIDE/plugins/com.st.stm32cube.ide.mcu.externaltools.gnu-tools-for-stm32.13.3.rel1.win32_1.0.100.202509120712/tools/bin/../lib/gcc/arm-none-eabi/13.3.1/../../../../arm-none-eabi/lib/thumb/v7e-m+fp/hard\libc_nano.a(libc_a-memmove.o)
                              ./Core/Src/ssd1306_tests.o (memmove)
E:/project/stm32/STM32CubeIDE_2.0.0/STM32CubeIDE/plugins/com.st.stm32cube.ide.mcu.externaltools.gnu-tools-for-stm32.13.3.rel1.win32_1.0.100.202509120712/tools/bin/../lib/gcc/arm-none-eabi/13.3.1/../../../../arm-none-eabi/lib/thumb/v7e-m+fp/hard\libc_nano.a(libc_a-memset.o)
                              E:/project/stm32/STM32CubeIDE_2.0.0/STM32CubeIDE/plugins/com.st.stm32cube.ide.mcu.externaltools.gnu-tools-for-stm32.13.3.rel1.win32_1.0.100.202509120712/tools/bin/../lib/gcc/arm-none-eabi/13.3.1/../../../../arm-none-eabi/lib/thumb/v7e-m+fp/hard/crt0.o (memset)
E:/project/stm32/STM32CubeIDE_2.0.0/STM32CubeIDE/plugins/com.st.stm32cube.ide.mcu.externaltools.gnu-tools-for-stm32.13.3.rel1.win32_1.0.100.202509120712/tools/bin/../lib/gcc/arm-none-eabi/13.3.1/../../../../arm-none-eabi/lib/thumb/v7e-m+fp/hard\libc_nano.a(libc_a-closer.o)
                              E:/project/stm32/STM32CubeIDE_2.0.0/STM32CubeIDE/plugins/com.st.stm32cube.ide.mcu.externaltools.gnu-tools-for-stm32.13.3.rel1.win32_1.0.100.202509120712/tools/bin/../lib/gcc/arm-none-eabi/13.3.1/../../../../arm-none-eabi/lib/thumb/v7e-m+fp/hard\libc_nano.a(libc_a-stdio.o) (_close_r)
E:/project/stm32/STM32CubeIDE_2.0.0/STM32CubeIDE/plugins/com.st.stm32cube.ide.mcu.externaltools.gnu-tools-for-stm32.13.3.rel1.win32_1.0.100.202509120712/tools/bin/../lib/gcc/arm-none-eabi/13.3.1/../../../../arm-none-eabi/lib/thumb/v7e-m+fp/hard\libc_nano.a(libc_a-reent.o)
[...]
Memory Configuration

Name             Origin             Length             Attributes
CCMRAM           0x10000000         0x00010000         xrw
RAM              0x20000000         0x00020000         xrw
FLASH            0x08000000         0x00100000         xr
*default*        0x00000000         0xffffffff

Linker script and memory map

LOAD E:/project/stm32/STM32CubeIDE_2.0.0/STM32CubeIDE/plugins/com.st.stm32cube.ide.mcu.externaltools.gnu-tools-for-stm32.13.3.rel1.win32_1.0.100.202509120712/tools/bin/../lib/gcc/arm-none-eabi/13.3.1/thumb/v7e-m+fp/hard/crti.o
LOAD E:/project/stm32/STM32CubeIDE_2.0.0/STM32CubeIDE/plugins/com.st.stm32cube.ide.mcu.externaltools.gnu-tools-for-stm32.13.3.rel1.win32_1.0.100.202509120712/tools/bin/../lib/gcc/arm-none-eabi/13.3.1/thumb/v7e-m+fp/hard/crtbegin.o
LOAD E:/project/stm32/STM32CubeIDE_2.0.0/STM32CubeIDE/plugins/com.st.stm32cube.ide.mcu.externaltools.gnu-tools-for-stm32.13.3.rel1.win32_1.0.100.202509120712/tools/bin/../lib/gcc/arm-none-eabi/13.3.1/../../../../arm-none-eabi/lib/thumb/v7e-m+fp/hard/crt0.o
LOAD ./Core/Src/gpio.o
LOAD ./Core/Src/i2c.o
LOAD ./Core/Src/icm20948.o
LOAD ./Core/Src/main.o
LOAD ./Core/Src/spi.o
LOAD ./Core/Src/ssd1306.o
LOAD ./Core/Src/ssd1306_fonts.o
LOAD ./Core/Src/ssd1306_tests.o
LOAD ./Core/Src/stm32f4xx_hal_msp.o
LOAD ./Core/Src/stm32f4xx_it.o
LOAD ./Core/Src/syscalls.o
LOAD ./Core/Src/sysmem.o
LOAD ./Core/Src/system_stm32f4xx.o
LOAD ./Core/Src/tim.o
LOAD ./Core/Src/usart.o
LOAD ./Core/Startup/startup_stm32f405rgtx.o
LOAD ./Drivers/App/app_uart.o
LOAD ./Drivers/App/app_uart_handler.o
LOAD ./Drivers/App/app_uwb.o
LOAD ./Drivers/Lib/decadriver/deca_device.o
LOAD ./Drivers/Lib/decadriver/deca_params_init.o
LOAD ./Drivers/Lib/platform/deca_mutex.o
LOAD ./Drivers/Lib/platform/deca_range_tables.o
LOAD ./Drivers/Lib/platform/deca_sleep.o
LOAD ./Drivers/Lib/platform/deca_spi.o
LOAD ./Drivers/Lib/platform/port.o
LOAD ./Drivers/STM32F4xx_HAL_Driver/Src/stm32f4xx_hal.o
LOAD ./Drivers/STM32F4xx_HAL_Driver/Src/stm32f4xx_hal_cortex.o
LOAD ./Drivers/STM32F4xx_HAL_Driver/Src/stm32f4xx_hal_dma.o
LOAD ./Drivers/STM32F4xx_HAL_Driver/Src/stm32f4xx_hal_dma_ex.o
LOAD ./Drivers/STM32F4xx_HAL_Driver/Src/stm32f4xx_hal_exti.o
LOAD ./Drivers/STM32F4xx_HAL_Driver/Src/stm32f4xx_hal_flash.o
LOAD ./Drivers/STM32F4xx_HAL_Driver/Src/stm32f4xx_hal_flash_ex.o
LOAD ./Drivers/STM32F4xx_HAL_Driver/Src/stm32f4xx_hal_flash_ramfunc.o
LOAD ./Drivers/STM32F4xx_HAL_Driver/Src/stm32f4xx_hal_gpio.o
LOAD ./Drivers/STM32F4xx_HAL_Driver/Src/stm32f4xx_hal_i2c.o
LOAD ./Drivers/STM32F4xx_HAL_Driver/Src/stm32f4xx_hal_i2c_ex.o
LOAD ./Drivers/STM32F4xx_HAL_Driver/Src/stm32f4xx_hal_pcd.o
LOAD ./Drivers/STM32F4xx_HAL_Driver/Src/stm32f4xx_hal_pcd_ex.o
LOAD ./Drivers/STM32F4xx_HAL_Driver/Src/stm32f4xx_hal_pwr.o
LOAD ./Drivers/STM32F4xx_HAL_Driver/Src/stm32f4xx_hal_pwr_ex.o
LOAD ./Drivers/STM32F4xx_HAL_Driver/Src/stm32f4xx_hal_rcc.o
LOAD ./Drivers/STM32F4xx_HAL_Driver/Src/stm32f4xx_hal_rcc_ex.o
LOAD ./Drivers/STM32F4xx_HAL_Driver/Src/stm32f4xx_hal_spi.o
LOAD ./Drivers/STM32F4xx_HAL_Driver/Src/stm32f4xx_hal_tim.o
LOAD ./Drivers/STM32F4xx_HAL_Driver/Src/stm32f4xx_hal_tim_ex.o
LOAD ./Drivers/STM32F4xx_HAL_Driver/Src/stm32f4xx_hal_uart.o
LOAD ./Drivers/STM32F4xx_HAL_Driver/Src/stm32f4xx_ll_usb.o
LOAD ./Middlewares/ST/STM32_USB_Device_Library/Class/CDC/Src/usbd_cdc.o
LOAD ./Middlewares/ST/STM32_USB_Device_Library/Core/Src/usbd_core.o
LOAD ./Middlewares/ST/STM32_USB_Device_Library/Core/Src/usbd_ctlreq.o
LOAD ./Middlewares/ST/STM32_USB_Device_Library/Core/Src/usbd_ioreq.o
LOAD ./USB_DEVICE/App/usb_device.o
LOAD ./USB_DEVICE/App/usbd_cdc_if.o
LOAD ./USB_DEVICE/App/usbd_desc.o
LOAD ./USB_DEVICE/Target/usbd_conf.o
START GROUP
LOAD E:/project/stm32/STM32CubeIDE_2.0.0/STM32CubeIDE/plugins/com.st.stm32cube.ide.mcu.externaltools.gnu-tools-for-stm32.13.3.rel1.win32_1.0.100.202509120712/tools/bin/../lib/gcc/arm-none-eabi/13.3.1/../../../../arm-none-eabi/lib/thumb/v7e-m+fp/hard\libc_nano.a
LOAD E:/project/stm32/STM32CubeIDE_2.0.0/STM32CubeIDE/plugins/com.st.stm32cube.ide.mcu.externaltools.gnu-tools-for-stm32.13.3.rel1.win32_1.0.100.202509120712/tools/bin/../lib/gcc/arm-none-eabi/13.3.1/../../../../arm-none-eabi/lib/thumb/v7e-m+fp/hard\libm.a
END GROUP
START GROUP
LOAD E:/project/stm32/STM32CubeIDE_2.0.0/STM32CubeIDE/plugins/com.st.stm32cube.ide.mcu.externaltools.gnu-tools-for-stm32.13.3.rel1.win32_1.0.100.202509120712/tools/bin/../lib/gcc/arm-none-eabi/13.3.1/thumb/v7e-m+fp/hard\libgcc.a
LOAD E:/project/stm32/STM32CubeIDE_2.0.0/STM32CubeIDE/plugins/com.st.stm32cube.ide.mcu.externaltools.gnu-tools-for-stm32.13.3.rel1.win32_1.0.100.202509120712/tools/bin/../lib/gcc/arm-none-eabi/13.3.1/../../../../arm-none-eabi/lib/thumb/v7e-m+fp/hard\libc_nano.a
END GROUP
START GROUP
LOAD E:/project/stm32/STM32CubeIDE_2.0.0/STM32CubeIDE/plugins/com.st.stm32cube.ide.mcu.externaltools.gnu-tools-for-stm32.13.3.rel1.win32_1.0.100.202509120712/tools/bin/../lib/gcc/arm-none-eabi/13.3.1/thumb/v7e-m+fp/hard\libgcc.a
LOAD E:/project/stm32/STM32CubeIDE_2.0.0/STM32CubeIDE/plugins/com.st.stm32cube.ide.mcu.externaltools.gnu-tools-for-stm32.13.3.rel1.win32_1.0.100.202509120712/tools/bin/../lib/gcc/arm-none-eabi/13.3.1/../../../../arm-none-eabi/lib/thumb/v7e-m+fp/hard\libc_nano.a
LOAD E:/project/stm32/STM32CubeIDE_2.0.0/STM32CubeIDE/plugins/com.st.stm32cube.ide.mcu.externaltools.gnu-tools-for-stm32.13.3.rel1.win32_1.0.100.202509120712/tools/bin/../lib/gcc/arm-none-eabi/13.3.1/../../../../arm-none-eabi/lib/thumb/v7e-m+fp/hard\libnosys.a
END GROUP
START GROUP
LOAD E:/project/stm32/STM32CubeIDE_2.0.0/STM32CubeIDE/plugins/com.st.stm32cube.ide.mcu.externaltools.gnu-tools-for-stm32.13.3.rel1.win32_1.0.100.202509120712/tools/bin/../lib/gcc/arm-none-eabi/13.3.1/thumb/v7e-m+fp/hard\libgcc.a
LOAD E:/project/stm32/STM32CubeIDE_2.0.0/STM32CubeIDE/plugins/com.st.stm32cube.ide.mcu.externaltools.gnu-tools-for-stm32.13.3.rel1.win32_1.0.100.202509120712/tools/bin/../lib/gcc/arm-none-eabi/13.3.1/../../../../arm-none-eabi/lib/thumb/v7e-m+fp/hard\libc_nano.a
LOAD E:/project/stm32/STM32CubeIDE_2.0.0/STM32CubeIDE/plugins/com.st.stm32cube.ide.mcu.externaltools.gnu-tools-for-stm32.13.3.rel1.win32_1.0.100.202509120712/tools/bin/../lib/gcc/arm-none-eabi/13.3.1/../../../../arm-none-eabi/lib/thumb/v7e-m+fp/hard\libnosys.a
END GROUP
LOAD E:/project/stm32/STM32CubeIDE_2.0.0/STM32CubeIDE/plugins/com.st.stm32cube.ide.mcu.externaltools.gnu-tools-for-stm32.13.3.rel1.win32_1.0.100.202509120712/tools/bin/../lib/gcc/arm-none-eabi/13.3.1/thumb/v7e-m+fp/hard/crtend.o
LOAD E:/project/stm32/STM32CubeIDE_2.0.0/STM32CubeIDE/plugins/com.st.stm32cube.ide.mcu.externaltools.gnu-tools-for-stm32.13.3.rel1.win32_1.0.100.202509120712/tools/bin/../lib/gcc/arm-none-eabi/13.3.1/thumb/v7e-m+fp/hard/crtn.o
                0x20020000                        _estack = (ORIGIN (RAM) + LENGTH (RAM))
                0x00000200                        _Min_Heap_Size = 0x200
                0x00000400                        _Min_Stack_Size = 0x400

.isr_vector     0x08000000      0x188
                0x08000000                        . = ALIGN (0x4)
 *(.isr_vector)
 .isr_vector    0x08000000      0x188 ./Core/Startup/startup_stm32f405rgtx.o
                0x08000000                g_pfnVectors
                0x08000188                        . = ALIGN (0x4)

.text           0x08000188     0x9c14
                0x08000188                        . = ALIGN (0x4)
 *(.text)
 .text          0x08000188       0x40 E:/project/stm32/STM32CubeIDE_2.0.0/STM32CubeIDE/plugins/com.st.stm32cube.ide.mcu.externaltools.gnu-tools-for-stm32.13.3.rel1.win32_1.0.100.202509120712/tools/bin/../lib/gcc/arm-none-eabi/13.3.1/thumb/v7e-m+fp/hard/crtbegin.o
 .text          0x080001c8      0x378 E:/project/stm32/STM32CubeIDE_2.0.0/STM32CubeIDE/plugins/com.st.stm32cube.ide.mcu.externaltools.gnu-tools-for-stm32.13.3.rel1.win32_1.0.100.202509120712/tools/bin/../lib/gcc/arm-none-eabi/13.3.1/thumb/v7e-m+fp/hard\libgcc.a(_arm_addsubdf3.o)
                0x080001c8                __aeabi_drsub
                0x080001d0                __aeabi_dsub
                0x080001d0                __subdf3
                0x080001d4                __aeabi_dadd
                0x080001d4                __adddf3
                0x0800044c                __floatunsidf
                0x0800044c                __aeabi_ui2d
                0x0800046c                __floatsidf
                0x0800046c                __aeabi_i2d
                0x08000490                __aeabi_f2d
                0x08000490                __extendsfdf2
                0x080004d4                __floatundidf
                0x080004d4                __aeabi_ul2d
                0x080004e4                __floatdidf
                0x080004e4                __aeabi_l2d
 .text          0x08000540      0x424 E:/project/stm32/STM32CubeIDE_2.0.0/STM32CubeIDE/plugins/com.st.stm32cube.ide.mcu.externaltools.gnu-tools-for-stm32.13.3.rel1.win32_1.0.100.202509120712/tools/bin/../lib/gcc/arm-none-eabi/13.3.1/thumb/v7e-m+fp/hard\libgcc.a(_arm_muldivdf3.o)
                0x08000540                __aeabi_dmul
                0x08000540                __muldf3
                0x08000794                __divdf3
                0x08000794                __aeabi_ddiv
 .text          0x08000964       0x40 E:/project/stm32/STM32CubeIDE_2.0.0/STM32CubeIDE/plugins/com.st.stm32cube.ide.mcu.externaltools.gnu-tools-for-stm32.13.3.rel1.win32_1.0.100.202509120712/tools/bin/../lib/gcc/arm-none-eabi/13.3.1/thumb/v7e-m+fp/hard\libgcc.a(_arm_fixunsdfsi.o)
                0x08000964                __aeabi_d2uiz
                0x08000964                __fixunsdfsi
 .text          0x080009a4       0xa0 E:/project/stm32/STM32CubeIDE_2.0.0/STM32CubeIDE/plugins/com.st.stm32cube.ide.mcu.externaltools.gnu-tools-for-stm32.13.3.rel1.win32_1.0.100.202509120712/tools/bin/../lib/gcc/arm-none-eabi/13.3.1/thumb/v7e-m+fp/hard\libgcc.a(_arm_truncdfsf2.o)
                0x080009a4                __truncdfsf2
                0x080009a4                __aeabi_d2f
 .text          0x08000a44       0x30 E:/project/stm32/STM32CubeIDE_2.0.0/STM32CubeIDE/plugins/com.st.stm32cube.ide.mcu.externaltools.gnu-tools-for-stm32.13.3.rel1.win32_1.0.100.202509120712/tools/bin/../lib/gcc/arm-none-eabi/13.3.1/thumb/v7e-m+fp/hard\libgcc.a(_aeabi_uldivmod.o)
                0x08000a44                __aeabi_uldivmod
 .text          0x08000a74      0x2f8 E:/project/stm32/STM32CubeIDE_2.0.0/STM32CubeIDE/plugins/com.st.stm32cube.ide.mcu.externaltools.gnu-tools-for-stm32.13.3.rel1.win32_1.0.100.202509120712/tools/bin/../lib/gcc/arm-none-eabi/13.3.1/thumb/v7e-m+fp/hard\libgcc.a(_udivmoddi4.o)
                0x08000a74                __udivmoddi4
 .text          0x08000d6c        0x4 E:/project/stm32/STM32CubeIDE_2.0.0/STM32CubeIDE/plugins/com.st.stm32cube.ide.mcu.externaltools.gnu-tools-for-stm32.13.3.rel1.win32_1.0.100.202509120712/tools/bin/../lib/gcc/arm-none-eabi/13.3.1/thumb/v7e-m+fp/hard\libgcc.a(_dvmd_tls.o)
                0x08000d6c                __aeabi_idiv0
                0x08000d6c                __aeabi_ldiv0
 *(.text*)
 .text.MX_GPIO_Init
                0x08000d70      0x1d4 ./Core/Src/gpio.o
                0x08000d70                MX_GPIO_Init
 .text.MX_I2C3_Init
                0x08000f44       0x5c ./Core/Src/i2c.o
                0x08000f44                MX_I2C3_Init
 .text.HAL_I2C_MspInit
                0x08000fa0       0xd4 ./Core/Src/i2c.o
                0x08000fa0                HAL_I2C_MspInit
 .text.main     0x08001074       0xb0 ./Core/Src/main.o
                0x08001074                main
 .text.SystemClock_Config
                0x08001124       0xd4 ./Core/Src/main.o
                0x08001124                SystemClock_Config
 .text.Error_Handler
                0x080011f8        0xc ./Core/Src/main.o
                0x080011f8                Error_Handler
 .text.MX_SPI1_Init
                0x08001204       0x6c ./Core/Src/spi.o
                0x08001204                MX_SPI1_Init
 .text.MX_SPI2_Init
                0x08001270       0x6c ./Core/Src/spi.o
                0x08001270                MX_SPI2_Init
 .text.MX_SPI3_Init
                0x080012dc       0x6c ./Core/Src/spi.o
                0x080012dc                MX_SPI3_Init
 .text.HAL_SPI_MspInit
                0x08001348      0x1a8 ./Core/Src/spi.o
                0x08001348                HAL_SPI_MspInit
 .text.HAL_MspInit
                0x080014f0       0x50 ./Core/Src/stm32f4xx_hal_msp.o
                0x080014f0                HAL_MspInit
 .text.NMI_Handler
                0x08001540        0x8 ./Core/Src/stm32f4xx_it.o
                0x08001540                NMI_Handler
 .text.HardFault_Handler
                0x08001548        0x8 ./Core/Src/stm32f4xx_it.o
                0x08001548                HardFault_Handler
 .text.MemManage_Handler
                0x08001550        0x8 ./Core/Src/stm32f4xx_it.o
                0x08001550                MemManage_Handler
 .text.BusFault_Handler
                0x08001558        0x8 ./Core/Src/stm32f4xx_it.o
                0x08001558                BusFault_Handler
 .text.UsageFault_Handler
                0x08001560        0x8 ./Core/Src/stm32f4xx_it.o
                0x08001560                UsageFault_Handler
 .text.SVC_Handler
                0x08001568        0xe ./Core/Src/stm32f4xx_it.o
                0x08001568                SVC_Handler
 .text.DebugMon_Handler
                0x08001576        0xe ./Core/Src/stm32f4xx_it.o
                0x08001576                DebugMon_Handler
 .text.PendSV_Handler
                0x08001584        0xe ./Core/Src/stm32f4xx_it.o
                0x08001584                PendSV_Handler
 .text.SysTick_Handler
                0x08001592        0xc ./Core/Src/stm32f4xx_it.o
                0x08001592                SysTick_Handler
 .text.EXTI0_IRQHandler
                0x0800159e        0xe ./Core/Src/stm32f4xx_it.o
                0x0800159e                EXTI0_IRQHandler
 .text.EXTI1_IRQHandler
                0x080015ac        0xe ./Core/Src/stm32f4xx_it.o
                0x080015ac                EXTI1_IRQHandler
 *fill*         0x080015ba        0x2 
 .text.USART1_IRQHandler
                0x080015bc       0x14 ./Core/Src/stm32f4xx_it.o
                0x080015bc                USART1_IRQHandler
 .text.OTG_FS_IRQHandler
                0x080015d0       0x14 ./Core/Src/stm32f4xx_it.o
                0x080015d0                OTG_FS_IRQHandler
 .text.SystemInit
                0x080015e4       0x24 ./Core/Src/system_stm32f4xx.o
                0x080015e4                SystemInit
 .text.MX_TIM1_Init
                0x08001608       0xa4 ./Core/Src/tim.o
                0x08001608                MX_TIM1_Init
 .text.HAL_TIM_Base_MspInit
                0x080016ac       0x44 ./Core/Src/tim.o
                0x080016ac                HAL_TIM_Base_MspInit
 .text.MX_USART1_UART_Init
                0x080016f0       0x54 ./Core/Src/usart.o
                0x080016f0                MX_USART1_UART_Init
 .text.HAL_UART_MspInit
                0x08001744       0xa0 ./Core/Src/usart.o
                0x08001744                HAL_UART_MspInit
 .text.Reset_Handler
                0x080017e4       0x50 ./Core/Startup/startup_stm32f405rgtx.o
                0x080017e4                Reset_Handler
 .text.Default_Handler
                0x08001834        0x2 ./Core/Startup/startup_stm32f405rgtx.o
                0x08001834                RTC_Alarm_IRQHandler
                0x08001834                HASH_RNG_IRQHandler
                0x08001834                EXTI2_IRQHandler
                0x08001834                TIM8_CC_IRQHandler
                0x08001834                TIM1_CC_IRQHandler
                0x08001834                DMA2_Stream5_IRQHandler
                0x08001834                DMA1_Stream5_IRQHandler
                0x08001834                PVD_IRQHandler
                0x08001834                SDIO_IRQHandler
                0x08001834                TAMP_STAMP_IRQHandler
                0x08001834                CAN2_RX1_IRQHandler
                0x08001834                EXTI3_IRQHandler
                0x08001834                TIM8_TRG_COM_TIM14_IRQHandler
                0x08001834                TIM1_UP_TIM10_IRQHandler
                0x08001834                TIM8_UP_TIM13_IRQHandler
                0x08001834                I2C3_ER_IRQHandler
                0x08001834                I2C2_EV_IRQHandler
                0x08001834                DMA1_Stream2_IRQHandler
                0x08001834                CAN1_RX0_IRQHandler
                0x08001834                FPU_IRQHandler
                0x08001834                OTG_HS_WKUP_IRQHandler
                0x08001834                CAN2_SCE_IRQHandler
                0x08001834                DMA2_Stream2_IRQHandler
                0x08001834                SPI1_IRQHandler
                0x08001834                TIM6_DAC_IRQHandler
                0x08001834                TIM1_BRK_TIM9_IRQHandler
                0x08001834                CAN2_RX0_IRQHandler
                0x08001834                DMA2_Stream3_IRQHandler
                0x08001834                USART6_IRQHandler
                0x08001834                USART3_IRQHandler
                0x08001834                CAN1_RX1_IRQHandler
                0x08001834                UART5_IRQHandler
                0x08001834                DMA2_Stream0_IRQHandler
                0x08001834                TIM4_IRQHandler
                0x08001834                I2C1_EV_IRQHandler
                0x08001834                DMA1_Stream6_IRQHandler
                0x08001834                DMA1_Stream1_IRQHandler
                0x08001834                UART4_IRQHandler
                0x08001834                TIM3_IRQHandler
                0x08001834                RCC_IRQHandler
                0x08001834                TIM8_BRK_TIM12_IRQHandler
                0x08001834                Default_Handler
                0x08001834                EXTI15_10_IRQHandler
                0x08001834                ADC_IRQHandler
                0x08001834                DMA1_Stream7_IRQHandler
                0x08001834                TIM7_IRQHandler
                0x08001834                CAN2_TX_IRQHandler
                0x08001834                TIM5_IRQHandler
                0x08001834                DMA2_Stream7_IRQHandler
                0x08001834                I2C3_EV_IRQHandler
                0x08001834                EXTI9_5_IRQHandler
                0x08001834                RTC_WKUP_IRQHandler
                0x08001834                SPI2_IRQHandler
                0x08001834                OTG_HS_EP1_IN_IRQHandler
                0x08001834                DMA1_Stream0_IRQHandler
                0x08001834                CAN1_TX_IRQHandler
                0x08001834                EXTI4_IRQHandler
                0x08001834                FSMC_IRQHandler
                0x08001834                OTG_HS_EP1_OUT_IRQHandler
                0x08001834                WWDG_IRQHandler
                0x08001834                TIM2_IRQHandler
                0x08001834                OTG_FS_WKUP_IRQHandler
                0x08001834                TIM1_TRG_COM_TIM11_IRQHandler
                0x08001834                OTG_HS_IRQHandler
                0x08001834                USART2_IRQHandler
                0x08001834                I2C2_ER_IRQHandler
                0x08001834                DMA2_Stream1_IRQHandler
                0x08001834                CAN1_SCE_IRQHandler
                0x08001834                FLASH_IRQHandler
                0x08001834                DMA2_Stream4_IRQHandler
                0x08001834                SPI3_IRQHandler
                0x08001834                DMA1_Stream4_IRQHandler
                0x08001834                I2C1_ER_IRQHandler
                0x08001834                DMA2_Stream6_IRQHandler
                0x08001834                DMA1_Stream3_IRQHandler
 *fill*         0x08001836        0x2 
 .text.HAL_UART_RxCpltCallback
                0x08001838       0x6c ./Drivers/App/app_uart_handler.o
                0x08001838                HAL_UART_RxCpltCallback
 .text.UART_HE_Receive_IT_Tag
                0x080018a4       0x1c ./Drivers/App/app_uart_handler.o
                0x080018a4                UART_HE_Receive_IT_Tag
 .text.app_uwb_init
                0x080018c0       0x40 ./Drivers/App/app_uwb.o
                0x080018c0                app_uwb_init
 .text.receive_beacon_and_sync
                0x08001900      0x138 ./Drivers/App/app_uwb.o
                0x08001900                receive_beacon_and_sync
 .text.twr_tag  0x08001a38      0x214 ./Drivers/App/app_uwb.o
                0x08001a38                twr_tag
 .text.distance_send
                0x08001c4c      0x128 ./Drivers/App/app_uwb.o
                0x08001c4c                distance_send
 .text.resp_msg_get_ts
                0x08001d74       0x4c ./Drivers/App/app_uwb.o
                0x08001d74                resp_msg_get_ts
 .text.dis_msg_set
                0x08001dc0       0x40 ./Drivers/App/app_uwb.o
                0x08001dc0                dis_msg_set
 .text.app_uwb_process_beacon_tag
                0x08001e00       0xa8 ./Drivers/App/app_uwb.o
                0x08001e00                app_uwb_process_beacon_tag
 .text.app_uwb_process_twr_tag
                0x08001ea8       0x8c ./Drivers/App/app_uwb.o
                0x08001ea8                app_uwb_process_twr_tag
 .text.app_uwb_process_dist_send
                0x08001f34       0x78 ./Drivers/App/app_uwb.o
                0x08001f34                app_uwb_process_dist_send
 .text.get_signal_quality
                0x08001fac       0x22 ./Drivers/App/app_uwb.o
                0x08001fac                get_signal_quality
 .text.get_signal_data
                0x08001fce       0x34 ./Drivers/App/app_uwb.o
                0x08001fce                get_signal_data
 *fill*         0x08002002        0x2 
 .text.calculate_rssi_formula
                0x08002004       0xb4 ./Drivers/App/app_uwb.o
 .text.get_rssi_dBm
                0x080020b8       0x78 ./Drivers/App/app_uwb.o
                0x080020b8                get_rssi_dBm
 .text.dwt_initialise
                0x08002130      0x2a4 ./Drivers/Lib/decadriver/deca_device.o
                0x08002130                dwt_initialise
 .text.dwt_readdevid
                0x080023d4       0x12 ./Drivers/Lib/decadriver/deca_device.o
                0x080023d4                dwt_readdevid
 *fill*         0x080023e6        0x2 
 .text.dwt_configure
                0x080023e8      0x2d4 ./Drivers/Lib/decadriver/deca_device.o
                0x080023e8                dwt_configure
 .text.dwt_setrxantennadelay
                0x080026bc       0x20 ./Drivers/Lib/decadriver/deca_device.o
                0x080026bc                dwt_setrxantennadelay
 .text.dwt_settxantennadelay
                0x080026dc       0x1e ./Drivers/Lib/decadriver/deca_device.o
                0x080026dc                dwt_settxantennadelay
 .text.dwt_writetxdata
                0x080026fa       0x3c ./Drivers/Lib/decadriver/deca_device.o
                0x080026fa                dwt_writetxdata
 *fill*         0x08002736        0x2 
 .text.dwt_writetxfctrl
                0x08002738       0x40 ./Drivers/Lib/decadriver/deca_device.o
                0x08002738                dwt_writetxfctrl
 .text.dwt_readrxdata
                0x08002778       0x24 ./Drivers/Lib/decadriver/deca_device.o
                0x08002778                dwt_readrxdata
 .text.dwt_readcarrierintegrator
                0x0800279c       0x62 ./Drivers/Lib/decadriver/deca_device.o
                0x0800279c                dwt_readcarrierintegrator
 .text.dwt_readdiagnostics
                0x080027fe       0x66 ./Drivers/Lib/decadriver/deca_device.o
                0x080027fe                dwt_readdiagnostics
 .text.dwt_readtxtimestamplo32
                0x08002864       0x12 ./Drivers/Lib/decadriver/deca_device.o
                0x08002864                dwt_readtxtimestamplo32
 .text.dwt_readrxtimestamplo32
                0x08002876       0x12 ./Drivers/Lib/decadriver/deca_device.o
                0x08002876                dwt_readrxtimestamplo32
 .text.dwt_writetodevice
                0x08002888       0xae ./Drivers/Lib/decadriver/deca_device.o
                0x08002888                dwt_writetodevice
 .text.dwt_readfromdevice
                0x08002936       0xa8 ./Drivers/Lib/decadriver/deca_device.o
                0x08002936                dwt_readfromdevice
 .text.dwt_read32bitoffsetreg
                0x080029de       0x4e ./Drivers/Lib/decadriver/deca_device.o
                0x080029de                dwt_read32bitoffsetreg
 .text.dwt_read16bitoffsetreg
                0x08002a2c       0x36 ./Drivers/Lib/decadriver/deca_device.o
                0x08002a2c                dwt_read16bitoffsetreg
 .text.dwt_read8bitoffsetreg
                0x08002a62       0x26 ./Drivers/Lib/decadriver/deca_device.o
                0x08002a62                dwt_read8bitoffsetreg
 .text.dwt_write8bitoffsetreg
                0x08002a88       0x26 ./Drivers/Lib/decadriver/deca_device.o
                0x08002a88                dwt_write8bitoffsetreg
 .text.dwt_write16bitoffsetreg
                0x08002aae       0x38 ./Drivers/Lib/decadriver/deca_device.o
                0x08002aae                dwt_write16bitoffsetreg
 .text.dwt_write32bitoffsetreg
                0x08002ae6       0x4e ./Drivers/Lib/decadriver/deca_device.o
                0x08002ae6                dwt_write32bitoffsetreg
 .text._dwt_otpread
                0x08002b34       0x3e ./Drivers/Lib/decadriver/deca_device.o
                0x08002b34                _dwt_otpread
 .text._dwt_aonarrayupload
                0x08002b72       0x1c ./Drivers/Lib/decadriver/deca_device.o
                0x08002b72                _dwt_aonarrayupload
 .text._dwt_configlde
                0x08002b8e       0x40 ./Drivers/Lib/decadriver/deca_device.o
                0x08002b8e                _dwt_configlde
 .text._dwt_loaducodefromrom
                0x08002bce       0x26 ./Drivers/Lib/decadriver/deca_device.o
                0x08002bce                _dwt_loaducodefromrom
 .text.dwt_setrxaftertxdelay
                0x08002bf4       0x38 ./Drivers/Lib/decadriver/deca_device.o
                0x08002bf4                dwt_setrxaftertxdelay
 .text._dwt_enableclocks
                0x08002c2c      0x134 ./Drivers/Lib/decadriver/deca_device.o
                0x08002c2c                _dwt_enableclocks
 .text._dwt_disablesequencing
                0x08002d60       0x18 ./Drivers/Lib/decadriver/deca_device.o
                0x08002d60                _dwt_disablesequencing
 .text.dwt_starttx
                0x08002d78       0x9c ./Drivers/Lib/decadriver/deca_device.o
                0x08002d78                dwt_starttx
 .text.dwt_forcetrxoff
                0x08002e14       0x60 ./Drivers/Lib/decadriver/deca_device.o
                0x08002e14                dwt_forcetrxoff
 .text.dwt_syncrxbufptrs
                0x08002e74       0x34 ./Drivers/Lib/decadriver/deca_device.o
                0x08002e74                dwt_syncrxbufptrs
 .text.dwt_rxenable
                0x08002ea8       0x84 ./Drivers/Lib/decadriver/deca_device.o
                0x08002ea8                dwt_rxenable
 .text.dwt_setrxtimeout
                0x08002f2c       0x80 ./Drivers/Lib/decadriver/deca_device.o
                0x08002f2c                dwt_setrxtimeout
 .text.dwt_rxreset
                0x08002fac       0x1c ./Drivers/Lib/decadriver/deca_device.o
                0x08002fac                dwt_rxreset
 .text.dwt_softreset
                0x08002fc8       0x4c ./Drivers/Lib/decadriver/deca_device.o
                0x08002fc8                dwt_softreset
 .text.dwt_setxtaltrim
                0x08003014       0x30 ./Drivers/Lib/decadriver/deca_device.o
                0x08003014                dwt_setxtaltrim
 .text.decamutexon
                0x08003044       0x22 ./Drivers/Lib/platform/deca_mutex.o
                0x08003044                decamutexon
 .text.decamutexoff
                0x08003066       0x1a ./Drivers/Lib/platform/deca_mutex.o
                0x08003066                decamutexoff
 .text.deca_sleep
                0x08003080       0x16 ./Drivers/Lib/platform/deca_sleep.o
                0x08003080                deca_sleep
 *fill*         0x08003096        0x2 
 .text.writetospi
                0x08003098       0x68 ./Drivers/Lib/platform/deca_spi.o
                0x08003098                writetospi
 .text.readfromspi
                0x08003100       0x94 ./Drivers/Lib/platform/deca_spi.o
                0x08003100                readfromspi
 .text.__NVIC_EnableIRQ
                0x08003194       0x3c ./Drivers/Lib/platform/port.o
 .text.__NVIC_DisableIRQ
                0x080031d0       0x48 ./Drivers/Lib/platform/port.o
 .text.Sleep    0x08003218       0x16 ./Drivers/Lib/platform/port.o
                0x08003218                Sleep
 *fill*         0x0800322e        0x2 
 .text.EXTI_GetITEnStatus
                0x08003230       0x3c ./Drivers/Lib/platform/port.o
                0x08003230                EXTI_GetITEnStatus
 .text.reset_DW1000
                0x0800326c       0x5c ./Drivers/Lib/platform/port.o
                0x0800326c                reset_DW1000
 .text.port_set_dw1000_slowrate
                0x080032c8       0x18 ./Drivers/Lib/platform/port.o
                0x080032c8                port_set_dw1000_slowrate
 .text.port_set_dw1000_fastrate
                0x080032e0       0x18 ./Drivers/Lib/platform/port.o
                0x080032e0                port_set_dw1000_fastrate
 .text.HAL_GPIO_EXTI_Callback
                0x080032f8       0x30 ./Drivers/Lib/platform/port.o
                0x080032f8                HAL_GPIO_EXTI_Callback
 .text.process_deca_irq
                0x08003328       0x20 ./Drivers/Lib/platform/port.o
                0x08003328                process_deca_irq
 .text.port_DisableEXT_IRQ
                0x08003348        0xe ./Drivers/Lib/platform/port.o
                0x08003348                port_DisableEXT_IRQ
 .text.port_EnableEXT_IRQ
                0x08003356        0xe ./Drivers/Lib/platform/port.o
                0x08003356                port_EnableEXT_IRQ
 .text.port_GetEXT_IRQStatus
                0x08003364       0x10 ./Drivers/Lib/platform/port.o
                0x08003364                port_GetEXT_IRQStatus
 .text.port_CheckEXT_IRQ
                0x08003374       0x18 ./Drivers/Lib/platform/port.o
                0x08003374                port_CheckEXT_IRQ
 .text.HAL_Init
                0x0800338c       0x44 ./Drivers/STM32F4xx_HAL_Driver/Src/stm32f4xx_hal.o
                0x0800338c                HAL_Init
 .text.HAL_InitTick
                0x080033d0       0x60 ./Drivers/STM32F4xx_HAL_Driver/Src/stm32f4xx_hal.o
                0x080033d0                HAL_InitTick
 .text.HAL_IncTick
                0x08003430       0x28 ./Drivers/STM32F4xx_HAL_Driver/Src/stm32f4xx_hal.o
                0x08003430                HAL_IncTick
 .text.HAL_GetTick
                0x08003458       0x18 ./Drivers/STM32F4xx_HAL_Driver/Src/stm32f4xx_hal.o
                0x08003458                HAL_GetTick
 .text.HAL_Delay
                0x08003470       0x48 ./Drivers/STM32F4xx_HAL_Driver/Src/stm32f4xx_hal.o
                0x08003470                HAL_Delay
 .text.__NVIC_SetPriorityGrouping
                0x080034b8       0x48 ./Drivers/STM32F4xx_HAL_Driver/Src/stm32f4xx_hal_cortex.o
 .text.__NVIC_GetPriorityGrouping
                0x08003500       0x1c ./Drivers/STM32F4xx_HAL_Driver/Src/stm32f4xx_hal_cortex.o
 .text.__NVIC_EnableIRQ
                0x0800351c       0x3c ./Drivers/STM32F4xx_HAL_Driver/Src/stm32f4xx_hal_cortex.o
 .text.__NVIC_SetPriority
                0x08003558       0x54 ./Drivers/STM32F4xx_HAL_Driver/Src/stm32f4xx_hal_cortex.o
 .text.NVIC_EncodePriority
                0x080035ac       0x66 ./Drivers/STM32F4xx_HAL_Driver/Src/stm32f4xx_hal_cortex.o
 *fill*         0x08003612        0x2 
 .text.SysTick_Config
                0x08003614       0x44 ./Drivers/STM32F4xx_HAL_Driver/Src/stm32f4xx_hal_cortex.o
 .text.HAL_NVIC_SetPriorityGrouping
                0x08003658       0x16 ./Drivers/STM32F4xx_HAL_Driver/Src/stm32f4xx_hal_cortex.o
                0x08003658                HAL_NVIC_SetPriorityGrouping
 .text.HAL_NVIC_SetPriority
                0x0800366e       0x38 ./Drivers/STM32F4xx_HAL_Driver/Src/stm32f4xx_hal_cortex.o
                0x0800366e                HAL_NVIC_SetPriority
 .text.HAL_NVIC_EnableIRQ
                0x080036a6       0x1c ./Drivers/STM32F4xx_HAL_Driver/Src/stm32f4xx_hal_cortex.o
                0x080036a6                HAL_NVIC_EnableIRQ
 .text.HAL_SYSTICK_Config
                0x080036c2       0x18 ./Drivers/STM32F4xx_HAL_Driver/Src/stm32f4xx_hal_cortex.o
                0x080036c2                HAL_SYSTICK_Config
 .text.HAL_DMA_Abort
                0x080036da       0xe0 ./Drivers/STM32F4xx_HAL_Driver/Src/stm32f4xx_hal_dma.o
                0x080036da                HAL_DMA_Abort
 .text.HAL_DMA_Abort_IT
                0x080037ba       0x44 ./Drivers/STM32F4xx_HAL_Driver/Src/stm32f4xx_hal_dma.o
                0x080037ba                HAL_DMA_Abort_IT
 *fill*         0x080037fe        0x2 
 .text.HAL_GPIO_Init
                0x08003800      0x338 ./Drivers/STM32F4xx_HAL_Driver/Src/stm32f4xx_hal_gpio.o
                0x08003800                HAL_GPIO_Init
 .text.HAL_GPIO_ReadPin
                0x08003b38       0x30 ./Drivers/STM32F4xx_HAL_Driver/Src/stm32f4xx_hal_gpio.o
                0x08003b38                HAL_GPIO_ReadPin
 .text.HAL_GPIO_WritePin
                0x08003b68       0x32 ./Drivers/STM32F4xx_HAL_Driver/Src/stm32f4xx_hal_gpio.o
                0x08003b68                HAL_GPIO_WritePin
 .text.HAL_GPIO_TogglePin
                0x08003b9a       0x34 ./Drivers/STM32F4xx_HAL_Driver/Src/stm32f4xx_hal_gpio.o
                0x08003b9a                HAL_GPIO_TogglePin
 *fill*         0x08003bce        0x2 
 .text.HAL_GPIO_EXTI_IRQHandler
                0x08003bd0       0x30 ./Drivers/STM32F4xx_HAL_Driver/Src/stm32f4xx_hal_gpio.o
                0x08003bd0                HAL_GPIO_EXTI_IRQHandler
 .text.HAL_I2C_Init
                0x08003c00      0x288 ./Drivers/STM32F4xx_HAL_Driver/Src/stm32f4xx_hal_i2c.o
                0x08003c00                HAL_I2C_Init
 .text.HAL_PCD_IRQHandler
                0x08003e88      0x942 ./Drivers/STM32F4xx_HAL_Driver/Src/stm32f4xx_hal_pcd.o
                0x08003e88                HAL_PCD_IRQHandler
 .text.HAL_PCD_SetAddress
                0x080047ca       0x48 ./Drivers/STM32F4xx_HAL_Driver/Src/stm32f4xx_hal_pcd.o
                0x080047ca                HAL_PCD_SetAddress
 .text.HAL_PCD_EP_Open
                0x08004812       0xd4 ./Drivers/STM32F4xx_HAL_Driver/Src/stm32f4xx_hal_pcd.o
                0x08004812                HAL_PCD_EP_Open
 .text.HAL_PCD_EP_Receive
                0x080048e6       0x76 ./Drivers/STM32F4xx_HAL_Driver/Src/stm32f4xx_hal_pcd.o
                0x080048e6                HAL_PCD_EP_Receive
 .text.HAL_PCD_EP_Transmit
                0x0800495c       0x74 ./Drivers/STM32F4xx_HAL_Driver/Src/stm32f4xx_hal_pcd.o
                0x0800495c                HAL_PCD_EP_Transmit
 .text.HAL_PCD_EP_SetStall
                0x080049d0       0xc6 ./Drivers/STM32F4xx_HAL_Driver/Src/stm32f4xx_hal_pcd.o
                0x080049d0                HAL_PCD_EP_SetStall
 .text.HAL_PCD_EP_ClrStall
                0x08004a96       0xac ./Drivers/STM32F4xx_HAL_Driver/Src/stm32f4xx_hal_pcd.o
                0x08004a96                HAL_PCD_EP_ClrStall
 .text.HAL_PCD_EP_Abort
                0x08004b42       0x62 ./Drivers/STM32F4xx_HAL_Driver/Src/stm32f4xx_hal_pcd.o
                0x08004b42                HAL_PCD_EP_Abort
 .text.PCD_WriteEmptyTxFifo
                0x08004ba4      0x118 ./Drivers/STM32F4xx_HAL_Driver/Src/stm32f4xx_hal_pcd.o
 .text.PCD_EP_OutXfrComplete_int
                0x08004cbc      0x1d0 ./Drivers/STM32F4xx_HAL_Driver/Src/stm32f4xx_hal_pcd.o
 .text.PCD_EP_OutSetupPacket_int
                0x08004e8c       0x8c ./Drivers/STM32F4xx_HAL_Driver/Src/stm32f4xx_hal_pcd.o
 .text.HAL_PCDEx_LPM_Callback
                0x08004f18       0x18 ./Drivers/STM32F4xx_HAL_Driver/Src/stm32f4xx_hal_pcd_ex.o
                0x08004f18                HAL_PCDEx_LPM_Callback
 .text.HAL_RCC_OscConfig
                0x08004f30      0x4f0 ./Drivers/STM32F4xx_HAL_Driver/Src/stm32f4xx_hal_rcc.o
                0x08004f30                HAL_RCC_OscConfig
 .text.HAL_RCC_ClockConfig
                0x08005420      0x1cc ./Drivers/STM32F4xx_HAL_Driver/Src/stm32f4xx_hal_rcc.o
                0x08005420                HAL_RCC_ClockConfig
 .text.HAL_RCC_GetSysClockFreq
                0x080055ec      0x20c ./Drivers/STM32F4xx_HAL_Driver/Src/stm32f4xx_hal_rcc.o
                0x080055ec                HAL_RCC_GetSysClockFreq
 .text.HAL_RCC_GetHCLKFreq
                0x080057f8       0x18 ./Drivers/STM32F4xx_HAL_Driver/Src/stm32f4xx_hal_rcc.o
                0x080057f8                HAL_RCC_GetHCLKFreq
 .text.HAL_RCC_GetPCLK1Freq
                0x08005810       0x28 ./Drivers/STM32F4xx_HAL_Driver/Src/stm32f4xx_hal_rcc.o
                0x08005810                HAL_RCC_GetPCLK1Freq
 .text.HAL_RCC_GetPCLK2Freq
                0x08005838       0x28 ./Drivers/STM32F4xx_HAL_Driver/Src/stm32f4xx_hal_rcc.o
                0x08005838                HAL_RCC_GetPCLK2Freq
 .text.HAL_SPI_Init
                0x08005860      0x112 ./Drivers/STM32F4xx_HAL_Driver/Src/stm32f4xx_hal_spi.o
                0x08005860                HAL_SPI_Init
 .text.HAL_SPI_Transmit
                0x08005972      0x288 ./Drivers/STM32F4xx_HAL_Driver/Src/stm32f4xx_hal_spi.o
                0x08005972                HAL_SPI_Transmit
 .text.HAL_SPI_GetState
                0x08005bfa       0x1c ./Drivers/STM32F4xx_HAL_Driver/Src/stm32f4xx_hal_spi.o
                0x08005bfa                HAL_SPI_GetState
 *fill*         0x08005c16        0x2 
 .text.SPI_WaitFlagStateUntilTimeout
                0x08005c18      0x110 ./Drivers/STM32F4xx_HAL_Driver/Src/stm32f4xx_hal_spi.o
 .text.SPI_EndRxTxTransaction
                0x08005d28       0xa8 ./Drivers/STM32F4xx_HAL_Driver/Src/stm32f4xx_hal_spi.o
 .text.HAL_TIM_Base_Init
                0x08005dd0       0x9e ./Drivers/STM32F4xx_HAL_Driver/Src/stm32f4xx_hal_tim.o
                0x08005dd0                HAL_TIM_Base_Init
 *fill*         0x08005e6e        0x2 
 .text.HAL_TIM_Base_Start
                0x08005e70       0xd0 ./Drivers/STM32F4xx_HAL_Driver/Src/stm32f4xx_hal_tim.o
                0x08005e70                HAL_TIM_Base_Start
 .text.HAL_TIM_ConfigClockSource
                0x08005f40      0x18e ./Drivers/STM32F4xx_HAL_Driver/Src/stm32f4xx_hal_tim.o
                0x08005f40                HAL_TIM_ConfigClockSource
 *fill*         0x080060ce        0x2 
 .text.TIM_Base_SetConfig
                0x080060d0      0x14c ./Drivers/STM32F4xx_HAL_Driver/Src/stm32f4xx_hal_tim.o
                0x080060d0                TIM_Base_SetConfig
 .text.TIM_TI1_ConfigInputStage
                0x0800621c       0x5e ./Drivers/STM32F4xx_HAL_Driver/Src/stm32f4xx_hal_tim.o
 .text.TIM_TI2_ConfigInputStage
                0x0800627a       0x60 ./Drivers/STM32F4xx_HAL_Driver/Src/stm32f4xx_hal_tim.o
 .text.TIM_ITRx_SetConfig
                0x080062da       0x36 ./Drivers/STM32F4xx_HAL_Driver/Src/stm32f4xx_hal_tim.o
 .text.TIM_ETR_SetConfig
                0x08006310       0x40 ./Drivers/STM32F4xx_HAL_Driver/Src/stm32f4xx_hal_tim.o
                0x08006310                TIM_ETR_SetConfig
 .text.HAL_TIMEx_MasterConfigSynchronization
                0x08006350       0xf8 ./Drivers/STM32F4xx_HAL_Driver/Src/stm32f4xx_hal_tim_ex.o
                0x08006350                HAL_TIMEx_MasterConfigSynchronization
 .text.HAL_UART_Init
                0x08006448       0xa0 ./Drivers/STM32F4xx_HAL_Driver/Src/stm32f4xx_hal_uart.o
                0x08006448                HAL_UART_Init
 .text.HAL_UART_Receive_IT
                0x080064e8       0x4a ./Drivers/STM32F4xx_HAL_Driver/Src/stm32f4xx_hal_uart.o
                0x080064e8                HAL_UART_Receive_IT
 *fill*         0x08006532        0x2 
 .text.HAL_UART_IRQHandler
                0x08006534      0x554 ./Drivers/STM32F4xx_HAL_Driver/Src/stm32f4xx_hal_uart.o
                0x08006534                HAL_UART_IRQHandler
 .text.HAL_UART_TxCpltCallback
                0x08006a88       0x14 ./Drivers/STM32F4xx_HAL_Driver/Src/stm32f4xx_hal_uart.o
                0x08006a88                HAL_UART_TxCpltCallback
 .text.HAL_UART_ErrorCallback
                0x08006a9c       0x14 ./Drivers/STM32F4xx_HAL_Driver/Src/stm32f4xx_hal_uart.o
                0x08006a9c                HAL_UART_ErrorCallback
 .text.HAL_UARTEx_RxEventCallback
                0x08006ab0       0x18 ./Drivers/STM32F4xx_HAL_Driver/Src/stm32f4xx_hal_uart.o
                0x08006ab0                HAL_UARTEx_RxEventCallback
 .text.UART_Start_Receive_IT
                0x08006ac8       0x74 ./Drivers/STM32F4xx_HAL_Driver/Src/stm32f4xx_hal_uart.o
                0x08006ac8                UART_Start_Receive_IT
 .text.UART_EndRxTransfer
                0x08006b3c       0xc6 ./Drivers/STM32F4xx_HAL_Driver/Src/stm32f4xx_hal_uart.o
 .text.UART_DMAAbortOnError
                0x08006c02       0x22 ./Drivers/STM32F4xx_HAL_Driver/Src/stm32f4xx_hal_uart.o
 .text.UART_Transmit_IT
                0x08006c24       0xa0 ./Drivers/STM32F4xx_HAL_Driver/Src/stm32f4xx_hal_uart.o
 .text.UART_EndTransmit_IT
                0x08006cc4       0x30 ./Drivers/STM32F4xx_HAL_Driver/Src/stm32f4xx_hal_uart.o
 .text.UART_Receive_IT
                0x08006cf4      0x17c ./Drivers/STM32F4xx_HAL_Driver/Src/stm32f4xx_hal_uart.o
 .text.UART_SetConfig
                0x08006e70      0x4e8 ./Drivers/STM32F4xx_HAL_Driver/Src/stm32f4xx_hal_uart.o
 .text.USB_SetTurnaroundTime
                0x08007358      0x144 ./Drivers/STM32F4xx_HAL_Driver/Src/stm32f4xx_ll_usb.o
                0x08007358                USB_SetTurnaroundTime
 .text.USB_FlushTxFifo
                0x0800749c       0x64 ./Drivers/STM32F4xx_HAL_Driver/Src/stm32f4xx_ll_usb.o
                0x0800749c                USB_FlushTxFifo
 .text.USB_GetDevSpeed
                0x08007500       0x4a ./Drivers/STM32F4xx_HAL_Driver/Src/stm32f4xx_ll_usb.o
                0x08007500                USB_GetDevSpeed
 .text.USB_ActivateEndpoint
                0x0800754a      0x10e ./Drivers/STM32F4xx_HAL_Driver/Src/stm32f4xx_ll_usb.o
                0x0800754a                USB_ActivateEndpoint
 .text.USB_EPStartXfer
                0x08007658      0x53c ./Drivers/STM32F4xx_HAL_Driver/Src/stm32f4xx_ll_usb.o
                0x08007658                USB_EPStartXfer
 .text.USB_EPStopXfer
                0x08007b94      0x154 ./Drivers/STM32F4xx_HAL_Driver/Src/stm32f4xx_ll_usb.o
                0x08007b94                USB_EPStopXfer
 .text.USB_WritePacket
                0x08007ce8       0x7c ./Drivers/STM32F4xx_HAL_Driver/Src/stm32f4xx_ll_usb.o
                0x08007ce8                USB_WritePacket
 .text.USB_ReadPacket
                0x08007d64       0xb0 ./Drivers/STM32F4xx_HAL_Driver/Src/stm32f4xx_ll_usb.o
                0x08007d64                USB_ReadPacket
 .text.USB_EPSetStall
                0x08007e14       0xdc ./Drivers/STM32F4xx_HAL_Driver/Src/stm32f4xx_ll_usb.o
                0x08007e14                USB_EPSetStall
 .text.USB_EPClearStall
                0x08007ef0       0xcc ./Drivers/STM32F4xx_HAL_Driver/Src/stm32f4xx_ll_usb.o
                0x08007ef0                USB_EPClearStall
 .text.USB_SetDevAddress
                0x08007fbc       0x4c ./Drivers/STM32F4xx_HAL_Driver/Src/stm32f4xx_ll_usb.o
                0x08007fbc                USB_SetDevAddress
 .text.USB_ReadInterrupts
                0x08008008       0x26 ./Drivers/STM32F4xx_HAL_Driver/Src/stm32f4xx_ll_usb.o
                0x08008008                USB_ReadInterrupts
 .text.USB_ReadDevAllOutEpInterrupt
                0x0800802e       0x34 ./Drivers/STM32F4xx_HAL_Driver/Src/stm32f4xx_ll_usb.o
                0x0800802e                USB_ReadDevAllOutEpInterrupt
 .text.USB_ReadDevAllInEpInterrupt
                0x08008062       0x34 ./Drivers/STM32F4xx_HAL_Driver/Src/stm32f4xx_ll_usb.o
                0x08008062                USB_ReadDevAllInEpInterrupt
 .text.USB_ReadDevOutEPInterrupt
                0x08008096       0x3c ./Drivers/STM32F4xx_HAL_Driver/Src/stm32f4xx_ll_usb.o
                0x08008096                USB_ReadDevOutEPInterrupt
 .text.USB_ReadDevInEPInterrupt
                0x080080d2       0x5c ./Drivers/STM32F4xx_HAL_Driver/Src/stm32f4xx_ll_usb.o
                0x080080d2                USB_ReadDevInEPInterrupt
 .text.USB_GetMode
                0x0800812e       0x1c ./Drivers/STM32F4xx_HAL_Driver/Src/stm32f4xx_ll_usb.o
                0x0800812e                USB_GetMode
 .text.USB_ActivateSetup
                0x0800814a       0x46 ./Drivers/STM32F4xx_HAL_Driver/Src/stm32f4xx_ll_usb.o
                0x0800814a                USB_ActivateSetup
 .text.USB_EP0_OutStart
                0x08008190       0xbc ./Drivers/STM32F4xx_HAL_Driver/Src/stm32f4xx_ll_usb.o
                0x08008190                USB_EP0_OutStart
 .text.USBD_RunTestMode
                0x0800824c       0x16 ./Middlewares/ST/STM32_USB_Device_Library/Core/Src/usbd_core.o
                0x0800824c                USBD_RunTestMode
 .text.USBD_SetClassConfig
                0x08008262       0x38 ./Middlewares/ST/STM32_USB_Device_Library/Core/Src/usbd_core.o
                0x08008262                USBD_SetClassConfig
 .text.USBD_ClrClassConfig
                0x0800829a       0x34 ./Middlewares/ST/STM32_USB_Device_Library/Core/Src/usbd_core.o
                0x0800829a                USBD_ClrClassConfig
 .text.USBD_LL_SetupStage
                0x080082ce       0xaa ./Middlewares/ST/STM32_USB_Device_Library/Core/Src/usbd_core.o
                0x080082ce                USBD_LL_SetupStage
 .text.USBD_LL_DataOutStage
                0x08008378      0x178 ./Middlewares/ST/STM32_USB_Device_Library/Core/Src/usbd_core.o
                0x08008378                USBD_LL_DataOutStage
 .text.USBD_LL_DataInStage
                0x080084f0      0x176 ./Middlewares/ST/STM32_USB_Device_Library/Core/Src/usbd_core.o
                0x080084f0                USBD_LL_DataInStage
 .text.USBD_LL_Reset
                0x08008666       0xa6 ./Middlewares/ST/STM32_USB_Device_Library/Core/Src/usbd_core.o
                0x08008666                USBD_LL_Reset
 .text.USBD_LL_SetSpeed
                0x0800870c       0x20 ./Middlewares/ST/STM32_USB_Device_Library/Core/Src/usbd_core.o
                0x0800870c                USBD_LL_SetSpeed
 .text.USBD_LL_Suspend
                0x0800872c       0x38 ./Middlewares/ST/STM32_USB_Device_Library/Core/Src/usbd_core.o
                0x0800872c                USBD_LL_Suspend
 .text.USBD_LL_Resume
                0x08008764       0x30 ./Middlewares/ST/STM32_USB_Device_Library/Core/Src/usbd_core.o
                0x08008764                USBD_LL_Resume
 .text.USBD_LL_SOF
                0x08008794       0x40 ./Middlewares/ST/STM32_USB_Device_Library/Core/Src/usbd_core.o
                0x08008794                USBD_LL_SOF
 .text.USBD_LL_IsoINIncomplete
                0x080087d4       0x64 ./Middlewares/ST/STM32_USB_Device_Library/Core/Src/usbd_core.o
                0x080087d4                USBD_LL_IsoINIncomplete
 .text.USBD_LL_IsoOUTIncomplete
                0x08008838       0x64 ./Middlewares/ST/STM32_USB_Device_Library/Core/Src/usbd_core.o
                0x08008838                USBD_LL_IsoOUTIncomplete
 .text.USBD_LL_DevConnected
                0x0800889c       0x16 ./Middlewares/ST/STM32_USB_Device_Library/Core/Src/usbd_core.o
                0x0800889c                USBD_LL_DevConnected
 .text.USBD_LL_DevDisconnected
                0x080088b2       0x46 ./Middlewares/ST/STM32_USB_Device_Library/Core/Src/usbd_core.o
                0x080088b2                USBD_LL_DevDisconnected
 .text.USBD_CoreFindIF
                0x080088f8       0x1a ./Middlewares/ST/STM32_USB_Device_Library/Core/Src/usbd_core.o
                0x080088f8                USBD_CoreFindIF
 .text.USBD_CoreFindEP
                0x08008912       0x1a ./Middlewares/ST/STM32_USB_Device_Library/Core/Src/usbd_core.o
                0x08008912                USBD_CoreFindEP
 .text.SWAPBYTE
                0x0800892c       0x3e ./Middlewares/ST/STM32_USB_Device_Library/Core/Src/usbd_ctlreq.o
 *fill*         0x0800896a        0x2 
 .text.USBD_StdDevReq
                0x0800896c       0xe4 ./Middlewares/ST/STM32_USB_Device_Library/Core/Src/usbd_ctlreq.o
                0x0800896c                USBD_StdDevReq
 .text.USBD_StdItfReq
                0x08008a50       0xd8 ./Middlewares/ST/STM32_USB_Device_Library/Core/Src/usbd_ctlreq.o
                0x08008a50                USBD_StdItfReq
 .text.USBD_StdEPReq
                0x08008b28      0x33e ./Middlewares/ST/STM32_USB_Device_Library/Core/Src/usbd_ctlreq.o
                0x08008b28                USBD_StdEPReq
 *fill*         0x08008e66        0x2 
 .text.USBD_GetDescriptor
                0x08008e68      0x2d4 ./Middlewares/ST/STM32_USB_Device_Library/Core/Src/usbd_ctlreq.o
 .text.USBD_SetAddress
                0x0800913c       0x88 ./Middlewares/ST/STM32_USB_Device_Library/Core/Src/usbd_ctlreq.o
 .text.USBD_SetConfig
                0x080091c4      0x154 ./Middlewares/ST/STM32_USB_Device_Library/Core/Src/usbd_ctlreq.o
 .text.USBD_GetConfig
                0x08009318       0x6c ./Middlewares/ST/STM32_USB_Device_Library/Core/Src/usbd_ctlreq.o
 .text.USBD_GetStatus
                0x08009384       0x68 ./Middlewares/ST/STM32_USB_Device_Library/Core/Src/usbd_ctlreq.o
 .text.USBD_SetFeature
                0x080093ec       0x52 ./Middlewares/ST/STM32_USB_Device_Library/Core/Src/usbd_ctlreq.o
 .text.USBD_ClrFeature
                0x0800943e       0x44 ./Middlewares/ST/STM32_USB_Device_Library/Core/Src/usbd_ctlreq.o
 .text.USBD_ParseSetupRequest
                0x08009482       0x74 ./Middlewares/ST/STM32_USB_Device_Library/Core/Src/usbd_ctlreq.o
                0x08009482                USBD_ParseSetupRequest
 .text.USBD_CtlError
                0x080094f6       0x22 ./Middlewares/ST/STM32_USB_Device_Library/Core/Src/usbd_ctlreq.o
                0x080094f6                USBD_CtlError
 .text.USBD_CtlSendData
                0x08009518       0x3c ./Middlewares/ST/STM32_USB_Device_Library/Core/Src/usbd_ioreq.o
                0x08009518                USBD_CtlSendData
 .text.USBD_CtlContinueSendData
                0x08009554       0x22 ./Middlewares/ST/STM32_USB_Device_Library/Core/Src/usbd_ioreq.o
                0x08009554                USBD_CtlContinueSendData
 .text.USBD_CtlContinueRx
                0x08009576       0x22 ./Middlewares/ST/STM32_USB_Device_Library/Core/Src/usbd_ioreq.o
                0x08009576                USBD_CtlContinueRx
 .text.USBD_CtlSendStatus
                0x08009598       0x26 ./Middlewares/ST/STM32_USB_Device_Library/Core/Src/usbd_ioreq.o
                0x08009598                USBD_CtlSendStatus
 .text.USBD_CtlReceiveStatus
                0x080095be       0x26 ./Middlewares/ST/STM32_USB_Device_Library/Core/Src/usbd_ioreq.o
                0x080095be                USBD_CtlReceiveStatus
 .text.HAL_PCD_SetupStageCallback
                0x080095e4       0x24 ./USB_DEVICE/Target/usbd_conf.o
                0x080095e4                HAL_PCD_SetupStageCallback
 .text.HAL_PCD_DataOutStageCallback
                0x08009608       0x36 ./USB_DEVICE/Target/usbd_conf.o
                0x08009608                HAL_PCD_DataOutStageCallback
 .text.HAL_PCD_DataInStageCallback
                0x0800963e       0x34 ./USB_DEVICE/Target/usbd_conf.o
                0x0800963e                HAL_PCD_DataInStageCallback
 .text.HAL_PCD_SOFCallback
                0x08009672       0x1c ./USB_DEVICE/Target/usbd_conf.o
                0x08009672                HAL_PCD_SOFCallback
 .text.HAL_PCD_ResetCallback
                0x0800968e       0x50 ./USB_DEVICE/Target/usbd_conf.o
                0x0800968e                HAL_PCD_ResetCallback
 *fill*         0x080096de        0x2 
 .text.HAL_PCD_SuspendCallback
                0x080096e0       0x4c ./USB_DEVICE/Target/usbd_conf.o
                0x080096e0                HAL_PCD_SuspendCallback
 .text.HAL_PCD_ResumeCallback
                0x0800972c       0x1c ./USB_DEVICE/Target/usbd_conf.o
                0x0800972c                HAL_PCD_ResumeCallback
 .text.HAL_PCD_ISOOUTIncompleteCallback
                0x08009748       0x24 ./USB_DEVICE/Target/usbd_conf.o
                0x08009748                HAL_PCD_ISOOUTIncompleteCallback
 .text.HAL_PCD_ISOINIncompleteCallback
                0x0800976c       0x24 ./USB_DEVICE/Target/usbd_conf.o
                0x0800976c                HAL_PCD_ISOINIncompleteCallback
 .text.HAL_PCD_ConnectCallback
                0x08009790       0x1c ./USB_DEVICE/Target/usbd_conf.o
                0x08009790                HAL_PCD_ConnectCallback
 .text.HAL_PCD_DisconnectCallback
                0x080097ac       0x1c ./USB_DEVICE/Target/usbd_conf.o
                0x080097ac                HAL_PCD_DisconnectCallback
 .text.USBD_LL_OpenEP
                0x080097c8       0x4c ./USB_DEVICE/Target/usbd_conf.o
                0x080097c8                USBD_LL_OpenEP
 .text.USBD_LL_StallEP
                0x08009814       0x3e ./USB_DEVICE/Target/usbd_conf.o
                0x08009814                USBD_LL_StallEP
 .text.USBD_LL_ClearStallEP
                0x08009852       0x3e ./USB_DEVICE/Target/usbd_conf.o
                0x08009852                USBD_LL_ClearStallEP
 .text.USBD_LL_IsStallEP
                0x08009890       0x58 ./USB_DEVICE/Target/usbd_conf.o
                0x08009890                USBD_LL_IsStallEP
 .text.USBD_LL_SetUSBAddress
                0x080098e8       0x3e ./USB_DEVICE/Target/usbd_conf.o
                0x080098e8                USBD_LL_SetUSBAddress
 .text.USBD_LL_Transmit
                0x08009926       0x42 ./USB_DEVICE/Target/usbd_conf.o
                0x08009926                USBD_LL_Transmit
 .text.USBD_LL_PrepareReceive
                0x08009968       0x42 ./USB_DEVICE/Target/usbd_conf.o
                0x08009968                USBD_LL_PrepareReceive
 *fill*         0x080099aa        0x2 
 .text.USBD_Get_USB_Status
                0x080099ac       0x58 ./USB_DEVICE/Target/usbd_conf.o
                0x080099ac                USBD_Get_USB_Status
 .text.memcmp   0x08009a04       0x20 E:/project/stm32/STM32CubeIDE_2.0.0/STM32CubeIDE/plugins/com.st.stm32cube.ide.mcu.externaltools.gnu-tools-for-stm32.13.3.rel1.win32_1.0.100.202509120712/tools/bin/../lib/gcc/arm-none-eabi/13.3.1/../../../../arm-none-eabi/lib/thumb/v7e-m+fp/hard\libc_nano.a(libc_a-memcmp.o)
                0x08009a04                memcmp
 .text.memset   0x08009a24       0x10 E:/project/stm32/STM32CubeIDE_2.0.0/STM32CubeIDE/plugins/com.st.stm32cube.ide.mcu.externaltools.gnu-tools-for-stm32.13.3.rel1.win32_1.0.100.202509120712/tools/bin/../lib/gcc/arm-none-eabi/13.3.1/../../../../arm-none-eabi/lib/thumb/v7e-m+fp/hard\libc_nano.a(libc_a-memset.o)
                0x08009a24                memset
 .text.__errno  0x08009a34        0xc E:/project/stm32/STM32CubeIDE_2.0.0/STM32CubeIDE/plugins/com.st.stm32cube.ide.mcu.externaltools.gnu-tools-for-stm32.13.3.rel1.win32_1.0.100.202509120712/tools/bin/../lib/gcc/arm-none-eabi/13.3.1/../../../../arm-none-eabi/lib/thumb/v7e-m+fp/hard\libc_nano.a(libc_a-errno.o)
                0x08009a34                __errno
 .text.__libc_init_array
                0x08009a40       0x48 E:/project/stm32/STM32CubeIDE_2.0.0/STM32CubeIDE/plugins/com.st.stm32cube.ide.mcu.externaltools.gnu-tools-for-stm32.13.3.rel1.win32_1.0.100.202509120712/tools/bin/../lib/gcc/arm-none-eabi/13.3.1/../../../../arm-none-eabi/lib/thumb/v7e-m+fp/hard\libc_nano.a(libc_a-init.o)
                0x08009a40                __libc_init_array
 .text.log10f   0x08009a88       0x5c E:/project/stm32/STM32CubeIDE_2.0.0/STM32CubeIDE/plugins/com.st.stm32cube.ide.mcu.externaltools.gnu-tools-for-stm32.13.3.rel1.win32_1.0.100.202509120712/tools/bin/../lib/gcc/arm-none-eabi/13.3.1/../../../../arm-none-eabi/lib/thumb/v7e-m+fp/hard\libm.a(libm_a-wf_log10.o)
                0x08009a88                log10f
 .text.nanf     0x08009ae4        0xc E:/project/stm32/STM32CubeIDE_2.0.0/STM32CubeIDE/plugins/com.st.stm32cube.ide.mcu.externaltools.gnu-tools-for-stm32.13.3.rel1.win32_1.0.100.202509120712/tools/bin/../lib/gcc/arm-none-eabi/13.3.1/../../../../arm-none-eabi/lib/thumb/v7e-m+fp/hard\libm.a(libm_a-sf_nan.o)
                0x08009ae4                nanf
 .text.__ieee754_log10f
                0x08009af0       0xb0 E:/project/stm32/STM32CubeIDE_2.0.0/STM32CubeIDE/plugins/com.st.stm32cube.ide.mcu.externaltools.gnu-tools-for-stm32.13.3.rel1.win32_1.0.100.202509120712/tools/bin/../lib/gcc/arm-none-eabi/13.3.1/../../../../arm-none-eabi/lib/thumb/v7e-m+fp/hard\libm.a(libm_a-ef_log10.o)
                0x08009af0                __ieee754_log10f
 .text.__ieee754_logf
                0x08009ba0      0x1e4 E:/project/stm32/STM32CubeIDE_2.0.0/STM32CubeIDE/plugins/com.st.stm32cube.ide.mcu.externaltools.gnu-tools-for-stm32.13.3.rel1.win32_1.0.100.202509120712/tools/bin/../lib/gcc/arm-none-eabi/13.3.1/../../../../arm-none-eabi/lib/thumb/v7e-m+fp/hard\libm.a(libm_a-ef_log.o)
                0x08009ba0                __ieee754_logf
 *(.glue_7)
 .glue_7        0x08009d84        0x0 linker stubs
 *(.glue_7t)
 .glue_7t       0x08009d84        0x0 linker stubs
 *(.eh_frame)
 .eh_frame      0x08009d84        0x0 E:/project/stm32/STM32CubeIDE_2.0.0/STM32CubeIDE/plugins/com.st.stm32cube.ide.mcu.externaltools.gnu-tools-for-stm32.13.3.rel1.win32_1.0.100.202509120712/tools/bin/../lib/gcc/arm-none-eabi/13.3.1/thumb/v7e-m+fp/hard/crtbegin.o
 *(.init)
 .init          0x08009d84        0x4 E:/project/stm32/STM32CubeIDE_2.0.0/STM32CubeIDE/plugins/com.st.stm32cube.ide.mcu.externaltools.gnu-tools-for-stm32.13.3.rel1.win32_1.0.100.202509120712/tools/bin/../lib/gcc/arm-none-eabi/13.3.1/thumb/v7e-m+fp/hard/crti.o
                0x08009d84                _init
 .init          0x08009d88        0x8 E:/project/stm32/STM32CubeIDE_2.0.0/STM32CubeIDE/plugins/com.st.stm32cube.ide.mcu.externaltools.gnu-tools-for-stm32.13.3.rel1.win32_1.0.100.202509120712/tools/bin/../lib/gcc/arm-none-eabi/13.3.1/thumb/v7e-m+fp/hard/crtn.o
 *(.fini)
 .fini          0x08009d90        0x4 E:/project/stm32/STM32CubeIDE_2.0.0/STM32CubeIDE/plugins/com.st.stm32cube.ide.mcu.externaltools.gnu-tools-for-stm32.13.3.rel1.win32_1.0.100.202509120712/tools/bin/../lib/gcc/arm-none-eabi/13.3.1/thumb/v7e-m+fp/hard/crti.o
                0x08009d90                _fini
 .fini          0x08009d94        0x8 E:/project/stm32/STM32CubeIDE_2.0.0/STM32CubeIDE/plugins/com.st.stm32cube.ide.mcu.externaltools.gnu-tools-for-stm32.13.3.rel1.win32_1.0.100.202509120712/tools/bin/../lib/gcc/arm-none-eabi/13.3.1/thumb/v7e-m+fp/hard/crtn.o
                0x08009d9c                        . = ALIGN (0x4)
                0x08009d9c                        _etext = .

.vfp11_veneer   0x08009d9c        0x0
 .vfp11_veneer  0x08009d9c        0x0 linker stubs

.v4_bx          0x08009d9c        0x0
 .v4_bx         0x08009d9c        0x0 linker stubs

.iplt           0x08009d9c        0x0
 .iplt          0x08009d9c        0x0 E:/project/stm32/STM32CubeIDE_2.0.0/STM32CubeIDE/plugins/com.st.stm32cube.ide.mcu.externaltools.gnu-tools-for-stm32.13.3.rel1.win32_1.0.100.202509120712/tools/bin/../lib/gcc/arm-none-eabi/13.3.1/thumb/v7e-m+fp/hard/crtbegin.o

.rodata         0x08009d9c       0xcc
                0x08009d9c                        . = ALIGN (0x4)
 *(.rodata)
 *(.rodata*)
 .rodata.AHBPrescTable
                0x08009d9c       0x10 ./Core/Src/system_stm32f4xx.o
                0x08009d9c                AHBPrescTable
 .rodata.APBPrescTable
                0x08009dac        0x8 ./Core/Src/system_stm32f4xx.o
                0x08009dac                APBPrescTable
 .rodata.chan_idx
                0x08009db4        0x8 ./Drivers/Lib/decadriver/deca_params_init.o
                0x08009db4                chan_idx
 .rodata.tx_config
                0x08009dbc       0x18 ./Drivers/Lib/decadriver/deca_params_init.o
                0x08009dbc                tx_config
 .rodata.fs_pll_cfg
                0x08009dd4       0x18 ./Drivers/Lib/decadriver/deca_params_init.o
                0x08009dd4                fs_pll_cfg
 .rodata.fs_pll_tune
                0x08009dec        0x6 ./Drivers/Lib/decadriver/deca_params_init.o
                0x08009dec                fs_pll_tune
 *fill*         0x08009df2        0x2 
 .rodata.rx_config
                0x08009df4        0x2 ./Drivers/Lib/decadriver/deca_params_init.o
                0x08009df4                rx_config
 *fill*         0x08009df6        0x2 
 .rodata.agc_config
                0x08009df8        0x8 ./Drivers/Lib/decadriver/deca_params_init.o
                0x08009df8                agc_config
 .rodata.dwnsSFDlen
                0x08009e00        0x3 ./Drivers/Lib/decadriver/deca_params_init.o
                0x08009e00                dwnsSFDlen
 *fill*         0x08009e03        0x1 
 .rodata.sftsh  0x08009e04        0xc ./Drivers/Lib/decadriver/deca_params_init.o
                0x08009e04                sftsh
 .rodata.dtune1
                0x08009e10        0x4 ./Drivers/Lib/decadriver/deca_params_init.o
                0x08009e10                dtune1
 .rodata.digital_bb_config
                0x08009e14       0x20 ./Drivers/Lib/decadriver/deca_params_init.o
                0x08009e14                digital_bb_config
 .rodata.lde_replicaCoeff
                0x08009e34       0x32 ./Drivers/Lib/decadriver/deca_params_init.o
                0x08009e34                lde_replicaCoeff
 .rodata.log10f.str1.1
                0x08009e66        0x1 E:/project/stm32/STM32CubeIDE_2.0.0/STM32CubeIDE/plugins/com.st.stm32cube.ide.mcu.externaltools.gnu-tools-for-stm32.13.3.rel1.win32_1.0.100.202509120712/tools/bin/../lib/gcc/arm-none-eabi/13.3.1/../../../../arm-none-eabi/lib/thumb/v7e-m+fp/hard\libm.a(libm_a-wf_log10.o)
                0x08009e68                        . = ALIGN (0x4)
 *fill*         0x08009e67        0x1 

.ARM.extab      0x08009e68        0x0
                0x08009e68                        . = ALIGN (0x4)
 *(.ARM.extab* .gnu.linkonce.armextab.*)
                0x08009e68                        . = ALIGN (0x4)

.ARM            0x08009e68        0x8
                0x08009e68                        . = ALIGN (0x4)
                0x08009e68                        __exidx_start = .
 *(.ARM.exidx*)
 .ARM.exidx     0x08009e68        0x8 E:/project/stm32/STM32CubeIDE_2.0.0/STM32CubeIDE/plugins/com.st.stm32cube.ide.mcu.externaltools.gnu-tools-for-stm32.13.3.rel1.win32_1.0.100.202509120712/tools/bin/../lib/gcc/arm-none-eabi/13.3.1/thumb/v7e-m+fp/hard\libgcc.a(_udivmoddi4.o)
                0x08009e70                        __exidx_end = .
                0x08009e70                        . = ALIGN (0x4)

.preinit_array  0x08009e70        0x0
                0x08009e70                        . = ALIGN (0x4)
                0x08009e70                        PROVIDE (__preinit_array_start = .)
 *(.preinit_array*)
                0x08009e70                        PROVIDE (__preinit_array_end = .)
                0x08009e70                        . = ALIGN (0x4)

.init_array     0x08009e70        0x4
                0x08009e70                        . = ALIGN (0x4)
                0x08009e70                        PROVIDE (__init_array_start = .)
 *(SORT_BY_NAME(.init_array.*))
 *(.init_array*)
 .init_array    0x08009e70        0x4 E:/project/stm32/STM32CubeIDE_2.0.0/STM32CubeIDE/plugins/com.st.stm32cube.ide.mcu.externaltools.gnu-tools-for-stm32.13.3.rel1.win32_1.0.100.202509120712/tools/bin/../lib/gcc/arm-none-eabi/13.3.1/thumb/v7e-m+fp/hard/crtbegin.o
                0x08009e74                        PROVIDE (__init_array_end = .)
                0x08009e74                        . = ALIGN (0x4)

.fini_array     0x08009e74        0x4
                0x08009e74                        . = ALIGN (0x4)
                [!provide]                        PROVIDE (__fini_array_start = .)
 *(SORT_BY_NAME(.fini_array.*))
 *(.fini_array*)
 .fini_array    0x08009e74        0x4 E:/project/stm32/STM32CubeIDE_2.0.0/STM32CubeIDE/plugins/com.st.stm32cube.ide.mcu.externaltools.gnu-tools-for-stm32.13.3.rel1.win32_1.0.100.202509120712/tools/bin/../lib/gcc/arm-none-eabi/13.3.1/thumb/v7e-m+fp/hard/crtbegin.o
                [!provide]                        PROVIDE (__fini_array_end = .)
                0x08009e78                        . = ALIGN (0x4)
                0x08009e78                        _sidata = LOADADDR (.data)

.rel.dyn        0x08009e78        0x0
 .rel.iplt      0x08009e78        0x0 E:/project/stm32/STM32CubeIDE_2.0.0/STM32CubeIDE/plugins/com.st.stm32cube.ide.mcu.externaltools.gnu-tools-for-stm32.13.3.rel1.win32_1.0.100.202509120712/tools/bin/../lib/gcc/arm-none-eabi/13.3.1/thumb/v7e-m+fp/hard/crtbegin.o

.data           0x20000000       0xb4 load address 0x08009e78
                0x20000000                        . = ALIGN (0x4)
                0x20000000                        _sdata = .
 *(.data)
 *(.data*)
 .data.SystemCoreClock
                0x20000000        0x4 ./Core/Src/system_stm32f4xx.o
                0x20000000                SystemCoreClock
 .data.beacon_msg
                0x20000004        0xd ./Drivers/App/app_uwb.o
 *fill*         0x20000011        0x3 
 .data.tx_poll_msg
                0x20000014        0xc ./Drivers/App/app_uwb.o
 .data.rx_resp_msg
                0x20000020       0x14 ./Drivers/App/app_uwb.o
 .data.dis_msg  0x20000034       0x14 ./Drivers/App/app_uwb.o
 .data.config   0x20000048        0xc ./Drivers/App/app_uwb.o
 .data.prev_slot_index
                0x20000054        0x1 ./Drivers/App/app_uwb.o
                0x20000054                prev_slot_index
 *fill*         0x20000055        0x3 
 .data.pdw1000local
                0x20000058        0x4 ./Drivers/Lib/decadriver/deca_device.o
 .data.uwTickPrio
                0x2000005c        0x4 ./Drivers/STM32F4xx_HAL_Driver/Src/stm32f4xx_hal.o
                0x2000005c                uwTickPrio
 .data.uwTickFreq
                0x20000060        0x1 ./Drivers/STM32F4xx_HAL_Driver/Src/stm32f4xx_hal.o
                0x20000060                uwTickFreq
 *fill*         0x20000061        0x3 
 .data._impure_ptr
                0x20000064        0x4 E:/project/stm32/STM32CubeIDE_2.0.0/STM32CubeIDE/plugins/com.st.stm32cube.ide.mcu.externaltools.gnu-tools-for-stm32.13.3.rel1.win32_1.0.100.202509120712/tools/bin/../lib/gcc/arm-none-eabi/13.3.1/../../../../arm-none-eabi/lib/thumb/v7e-m+fp/hard\libc_nano.a(libc_a-impure.o)
                0x20000064                _impure_ptr
 .data._impure_data
                0x20000068       0x4c E:/project/stm32/STM32CubeIDE_2.0.0/STM32CubeIDE/plugins/com.st.stm32cube.ide.mcu.externaltools.gnu-tools-for-stm32.13.3.rel1.win32_1.0.100.202509120712/tools/bin/../lib/gcc/arm-none-eabi/13.3.1/../../../../arm-none-eabi/lib/thumb/v7e-m+fp/hard\libc_nano.a(libc_a-impure.o)
                0x20000068                _impure_data
 *(.RamFunc)
 *(.RamFunc*)
                0x200000b4                        . = ALIGN (0x4)
                0x200000b4                        _edata = .
                0x08009f2c                        _siccmram = LOADADDR (.ccmram)

.igot.plt       0x200000b4        0x0 load address 0x08009f2c
 .igot.plt      0x200000b4        0x0 E:/project/stm32/STM32CubeIDE_2.0.0/STM32CubeIDE/plugins/com.st.stm32cube.ide.mcu.externaltools.gnu-tools-for-stm32.13.3.rel1.win32_1.0.100.202509120712/tools/bin/../lib/gcc/arm-none-eabi/13.3.1/thumb/v7e-m+fp/hard/crtbegin.o

.ccmram         0x10000000        0x0 load address 0x08009f2c
                0x10000000                        . = ALIGN (0x4)
                0x10000000                        _sccmram = .
 *(.ccmram)
 *(.ccmram*)
                0x10000000                        . = ALIGN (0x4)
                0x10000000                        _eccmram = .
                0x10000000                        . = ALIGN (0x4)

.bss            0x200000b8      0x8d8
                0x200000b8                        _sbss = .
                0x200000b8                        __bss_start__ = _sbss
 *(.bss)
 .bss           0x200000b8       0x1c E:/project/stm32/STM32CubeIDE_2.0.0/STM32CubeIDE/plugins/com.st.stm32cube.ide.mcu.externaltools.gnu-tools-for-stm32.13.3.rel1.win32_1.0.100.202509120712/tools/bin/../lib/gcc/arm-none-eabi/13.3.1/thumb/v7e-m+fp/hard/crtbegin.o
 *(.bss*)
 .bss.hi2c3     0x200000d4       0x54 ./Core/Src/i2c.o
                0x200000d4                hi2c3
 .bss.dis0      0x20000128        0x8 ./Core/Src/main.o
                0x20000128                dis0
 .bss.dis1      0x20000130        0x8 ./Core/Src/main.o
                0x20000130                dis1
 .bss.dis2      0x20000138        0x8 ./Core/Src/main.o
                0x20000138                dis2
 .bss.dis3      0x20000140        0x8 ./Core/Src/main.o
                0x20000140                dis3
 .bss.hspi1     0x20000148       0x58 ./Core/Src/spi.o
                0x20000148                hspi1
 .bss.hspi2     0x200001a0       0x58 ./Core/Src/spi.o
                0x200001a0                hspi2
 .bss.hspi3     0x200001f8       0x58 ./Core/Src/spi.o
                0x200001f8                hspi3
 .bss.htim1     0x20000250       0x48 ./Core/Src/tim.o
                0x20000250                htim1
 .bss.huart1    0x20000298       0x48 ./Core/Src/usart.o
                0x20000298                huart1
 .bss.rx_buf    0x200002e0        0xe ./Drivers/App/app_uart_handler.o
                0x200002e0                rx_buf
 .bss.rx_byte   0x200002ee        0x1 ./Drivers/App/app_uart_handler.o
 *fill*         0x200002ef        0x1 
 .bss.rx_index  0x200002f0        0x2 ./Drivers/App/app_uart_handler.o
 .bss.missed_beacon_count
                0x200002f2        0x1 ./Drivers/App/app_uwb.o
 *fill*         0x200002f3        0x1 
 .bss.rx_buffer
                0x200002f4       0x14 ./Drivers/App/app_uwb.o
 .bss.rx_buffer_new
                0x20000308       0x14 ./Drivers/App/app_uwb.o
 .bss.is_synced
                0x2000031c        0x1 ./Drivers/App/app_uwb.o
                0x2000031c                is_synced
 *fill*         0x2000031d        0x3 
 .bss.rssi_dbm  0x20000320        0x4 ./Drivers/App/app_uwb.o
                0x20000320                rssi_dbm
 .bss.chat_luong
                0x20000324        0x4 ./Drivers/App/app_uwb.o
                0x20000324                chat_luong
 .bss.dwm_id    0x20000328        0x4 ./Drivers/Lib/decadriver/deca_device.o
                0x20000328                dwm_id
 .bss.dw1000local
                0x2000032c       0x38 ./Drivers/Lib/decadriver/deca_device.o
 .bss.signalResetDone
                0x20000364        0x4 ./Drivers/Lib/platform/port.o
 .bss.port_deca_isr
                0x20000368        0x4 ./Drivers/Lib/platform/port.o
                0x20000368                port_deca_isr
 .bss.uwTick    0x2000036c        0x4 ./Drivers/STM32F4xx_HAL_Driver/Src/stm32f4xx_hal.o
                0x2000036c                uwTick
 .bss.cfgidx.0  0x20000370        0x1 ./Middlewares/ST/STM32_USB_Device_Library/Core/Src/usbd_ctlreq.o
 *fill*         0x20000371        0x3 
 .bss.hpcd_USB_OTG_FS
                0x20000374      0x4e4 ./USB_DEVICE/Target/usbd_conf.o
                0x20000374                hpcd_USB_OTG_FS
 .bss.__sf      0x20000858      0x138 E:/project/stm32/STM32CubeIDE_2.0.0/STM32CubeIDE/plugins/com.st.stm32cube.ide.mcu.externaltools.gnu-tools-for-stm32.13.3.rel1.win32_1.0.100.202509120712/tools/bin/../lib/gcc/arm-none-eabi/13.3.1/../../../../arm-none-eabi/lib/thumb/v7e-m+fp/hard\libc_nano.a(libc_a-findfp.o)
                0x20000858                __sf
 *(COMMON)
                0x20000990                        . = ALIGN (0x4)
                0x20000990                        _ebss = .
                0x20000990                        __bss_end__ = _ebss

._user_heap_stack
                0x20000990      0x600
                0x20000990                        . = ALIGN (0x8)
                [!provide]                        PROVIDE (end = .)
                0x20000990                        PROVIDE (_end = .)
                0x20000b90                        . = (. + _Min_Heap_Size)
 *fill*         0x20000990      0x200 
                0x20000f90                        . = (. + _Min_Stack_Size)
 *fill*         0x20000b90      0x400 
                0x20000f90                        . = ALIGN (0x8)

/DISCARD/
 libc.a(*)
 libm.a(*)
 libgcc.a(*)

.ARM.attributes
                0x00000000       0x30
 *(.ARM.attributes)
 .ARM.attributes
                0x00000000       0x22 E:/project/stm32/STM32CubeIDE_2.0.0/STM32CubeIDE/plugins/com.st.stm32cube.ide.mcu.externaltools.gnu-tools-for-stm32.13.3.rel1.win32_1.0.100.202509120712/tools/bin/../lib/gcc/arm-none-eabi/13.3.1/thumb/v7e-m+fp/hard/crti.o
 .ARM.attributes
                0x00000022       0x34 E:/project/stm32/STM32CubeIDE_2.0.0/STM32CubeIDE/plugins/com.st.stm32cube.ide.mcu.externaltools.gnu-tools-for-stm32.13.3.rel1.win32_1.0.100.202509120712/tools/bin/../lib/gcc/arm-none-eabi/13.3.1/thumb/v7e-m+fp/hard/crtbegin.o
 .ARM.attributes
                0x00000056       0x34 ./Core/Src/gpio.o
 .ARM.attributes
                0x0000008a       0x34 ./Core/Src/i2c.o
 .ARM.attributes
                0x000000be       0x34 ./Core/Src/main.o
 .ARM.attributes
                0x000000f2       0x34 ./Core/Src/spi.o
 .ARM.attributes
                0x00000126       0x34 ./Core/Src/stm32f4xx_hal_msp.o
 .ARM.attributes
                0x0000015a       0x34 ./Core/Src/stm32f4xx_it.o
 .ARM.attributes
                0x0000018e       0x34 ./Core/Src/system_stm32f4xx.o
 .ARM.attributes
                0x000001c2       0x34 ./Core/Src/tim.o
 .ARM.attributes
                0x000001f6       0x34 ./Core/Src/usart.o
 .ARM.attributes
                0x0000022a       0x21 ./Core/Startup/startup_stm32f405rgtx.o
 .ARM.attributes
                0x0000024b       0x34 ./Drivers/App/app_uart_handler.o
 .ARM.attributes
                0x0000027f       0x34 ./Drivers/App/app_uwb.o
 .ARM.attributes
                0x000002b3       0x34 ./Drivers/Lib/decadriver/deca_device.o
 .ARM.attributes
                0x000002e7       0x34 ./Drivers/Lib/decadriver/deca_params_init.o
 .ARM.attributes
                0x0000031b       0x34 ./Drivers/Lib/platform/deca_mutex.o
 .ARM.attributes
                0x0000034f       0x34 ./Drivers/Lib/platform/deca_sleep.o
 .ARM.attributes
                0x00000383       0x34 ./Drivers/Lib/platform/deca_spi.o
 .ARM.attributes
                0x000003b7       0x34 ./Drivers/Lib/platform/port.o
 .ARM.attributes
                0x000003eb       0x34 ./Drivers/STM32F4xx_HAL_Driver/Src/stm32f4xx_hal.o
 .ARM.attributes
                0x0000041f       0x34 ./Drivers/STM32F4xx_HAL_Driver/Src/stm32f4xx_hal_cortex.o
 .ARM.attributes
                0x00000453       0x34 ./Drivers/STM32F4xx_HAL_Driver/Src/stm32f4xx_hal_dma.o
 .ARM.attributes
                0x00000487       0x34 ./Drivers/STM32F4xx_HAL_Driver/Src/stm32f4xx_hal_gpio.o
 .ARM.attributes
                0x000004bb       0x34 ./Drivers/STM32F4xx_HAL_Driver/Src/stm32f4xx_hal_i2c.o
 .ARM.attributes
                0x000004ef       0x34 ./Drivers/STM32F4xx_HAL_Driver/Src/stm32f4xx_hal_pcd.o
 .ARM.attributes
                0x00000523       0x34 ./Drivers/STM32F4xx_HAL_Driver/Src/stm32f4xx_hal_pcd_ex.o
 .ARM.attributes
                0x00000557       0x34 ./Drivers/STM32F4xx_HAL_Driver/Src/stm32f4xx_hal_rcc.o
 .ARM.attributes
                0x0000058b       0x34 ./Drivers/STM32F4xx_HAL_Driver/Src/stm32f4xx_hal_spi.o
 .ARM.attributes
                0x000005bf       0x34 ./Drivers/STM32F4xx_HAL_Driver/Src/stm32f4xx_hal_tim.o
 .ARM.attributes
                0x000005f3       0x34 ./Drivers/STM32F4xx_HAL_Driver/Src/stm32f4xx_hal_tim_ex.o
 .ARM.attributes
                0x00000627       0x34 ./Drivers/STM32F4xx_HAL_Driver/Src/stm32f4xx_hal_uart.o
 .ARM.attributes
                0x0000065b       0x34 ./Drivers/STM32F4xx_HAL_Driver/Src/stm32f4xx_ll_usb.o
 .ARM.attributes
                0x0000068f       0x34 ./Middlewares/ST/STM32_USB_Device_Library/Core/Src/usbd_core.o
 .ARM.attributes
                0x000006c3       0x34 ./Middlewares/ST/STM32_USB_Device_Library/Core/Src/usbd_ctlreq.o
 .ARM.attributes
                0x000006f7       0x34 ./Middlewares/ST/STM32_USB_Device_Library/Core/Src/usbd_ioreq.o
 .ARM.attributes
                0x0000072b       0x34 ./USB_DEVICE/Target/usbd_conf.o
 .ARM.attributes
                0x0000075f       0x34 E:/project/stm32/STM32CubeIDE_2.0.0/STM32CubeIDE/plugins/com.st.stm32cube.ide.mcu.externaltools.gnu-tools-for-stm32.13.3.rel1.win32_1.0.100.202509120712/tools/bin/../lib/gcc/arm-none-eabi/13.3.1/../../../../arm-none-eabi/lib/thumb/v7e-m+fp/hard\libc_nano.a(libc_a-findfp.o)
 .ARM.attributes
                0x00000793       0x34 E:/project/stm32/STM32CubeIDE_2.0.0/STM32CubeIDE/plugins/com.st.stm32cube.ide.mcu.externaltools.gnu-tools-for-stm32.13.3.rel1.win32_1.0.100.202509120712/tools/bin/../lib/gcc/arm-none-eabi/13.3.1/../../../../arm-none-eabi/lib/thumb/v7e-m+fp/hard\libc_nano.a(libc_a-memcmp.o)
 .ARM.attributes
                0x000007c7       0x34 E:/project/stm32/STM32CubeIDE_2.0.0/STM32CubeIDE/plugins/com.st.stm32cube.ide.mcu.externaltools.gnu-tools-for-stm32.13.3.rel1.win32_1.0.100.202509120712/tools/bin/../lib/gcc/arm-none-eabi/13.3.1/../../../../arm-none-eabi/lib/thumb/v7e-m+fp/hard\libc_nano.a(libc_a-memset.o)
 .ARM.attributes
                0x000007fb       0x34 E:/project/stm32/STM32CubeIDE_2.0.0/STM32CubeIDE/plugins/com.st.stm32cube.ide.mcu.externaltools.gnu-tools-for-stm32.13.3.rel1.win32_1.0.100.202509120712/tools/bin/../lib/gcc/arm-none-eabi/13.3.1/../../../../arm-none-eabi/lib/thumb/v7e-m+fp/hard\libc_nano.a(libc_a-impure.o)
 .ARM.attributes
                0x0000082f       0x34 E:/project/stm32/STM32CubeIDE_2.0.0/STM32CubeIDE/plugins/com.st.stm32cube.ide.mcu.externaltools.gnu-tools-for-stm32.13.3.rel1.win32_1.0.100.202509120712/tools/bin/../lib/gcc/arm-none-eabi/13.3.1/../../../../arm-none-eabi/lib/thumb/v7e-m+fp/hard\libc_nano.a(libc_a-errno.o)
 .ARM.attributes
                0x00000863       0x34 E:/project/stm32/STM32CubeIDE_2.0.0/STM32CubeIDE/plugins/com.st.stm32cube.ide.mcu.externaltools.gnu-tools-for-stm32.13.3.rel1.win32_1.0.100.202509120712/tools/bin/../lib/gcc/arm-none-eabi/13.3.1/../../../../arm-none-eabi/lib/thumb/v7e-m+fp/hard\libc_nano.a(libc_a-init.o)
 .ARM.attributes
                0x00000897       0x34 E:/project/stm32/STM32CubeIDE_2.0.0/STM32CubeIDE/plugins/com.st.stm32cube.ide.mcu.externaltools.gnu-tools-for-stm32.13.3.rel1.win32_1.0.100.202509120712/tools/bin/../lib/gcc/arm-none-eabi/13.3.1/../../../../arm-none-eabi/lib/thumb/v7e-m+fp/hard\libm.a(libm_a-wf_log10.o)
 .ARM.attributes
                0x000008cb       0x34 E:/project/stm32/STM32CubeIDE_2.0.0/STM32CubeIDE/plugins/com.st.stm32cube.ide.mcu.externaltools.gnu-tools-for-stm32.13.3.rel1.win32_1.0.100.202509120712/tools/bin/../lib/gcc/arm-none-eabi/13.3.1/../../../../arm-none-eabi/lib/thumb/v7e-m+fp/hard\libm.a(libm_a-sf_nan.o)
 .ARM.attributes
                0x000008ff       0x34 E:/project/stm32/STM32CubeIDE_2.0.0/STM32CubeIDE/plugins/com.st.stm32cube.ide.mcu.externaltools.gnu-tools-for-stm32.13.3.rel1.win32_1.0.100.202509120712/tools/bin/../lib/gcc/arm-none-eabi/13.3.1/../../../../arm-none-eabi/lib/thumb/v7e-m+fp/hard\libm.a(libm_a-ef_log10.o)
 .ARM.attributes
                0x00000933       0x34 E:/project/stm32/STM32CubeIDE_2.0.0/STM32CubeIDE/plugins/com.st.stm32cube.ide.mcu.externaltools.gnu-tools-for-stm32.13.3.rel1.win32_1.0.100.202509120712/tools/bin/../lib/gcc/arm-none-eabi/13.3.1/../../../../arm-none-eabi/lib/thumb/v7e-m+fp/hard\libm.a(libm_a-ef_log.o)
 .ARM.attributes
                0x00000967       0x22 E:/project/stm32/STM32CubeIDE_2.0.0/STM32CubeIDE/plugins/com.st.stm32cube.ide.mcu.externaltools.gnu-tools-for-stm32.13.3.rel1.win32_1.0.100.202509120712/tools/bin/../lib/gcc/arm-none-eabi/13.3.1/thumb/v7e-m+fp/hard\libgcc.a(_arm_addsubdf3.o)
 .ARM.attributes
                0x00000989       0x22 E:/project/stm32/STM32CubeIDE_2.0.0/STM32CubeIDE/plugins/com.st.stm32cube.ide.mcu.externaltools.gnu-tools-for-stm32.13.3.rel1.win32_1.0.100.202509120712/tools/bin/../lib/gcc/arm-none-eabi/13.3.1/thumb/v7e-m+fp/hard\libgcc.a(_arm_muldivdf3.o)
 .ARM.attributes
                0x000009ab       0x22 E:/project/stm32/STM32CubeIDE_2.0.0/STM32CubeIDE/plugins/com.st.stm32cube.ide.mcu.externaltools.gnu-tools-for-stm32.13.3.rel1.win32_1.0.100.202509120712/tools/bin/../lib/gcc/arm-none-eabi/13.3.1/thumb/v7e-m+fp/hard\libgcc.a(_arm_fixunsdfsi.o)
 .ARM.attributes
                0x000009cd       0x22 E:/project/stm32/STM32CubeIDE_2.0.0/STM32CubeIDE/plugins/com.st.stm32cube.ide.mcu.externaltools.gnu-tools-for-stm32.13.3.rel1.win32_1.0.100.202509120712/tools/bin/../lib/gcc/arm-none-eabi/13.3.1/thumb/v7e-m+fp/hard\libgcc.a(_arm_truncdfsf2.o)
 .ARM.attributes
                0x000009ef       0x22 E:/project/stm32/STM32CubeIDE_2.0.0/STM32CubeIDE/plugins/com.st.stm32cube.ide.mcu.externaltools.gnu-tools-for-stm32.13.3.rel1.win32_1.0.100.202509120712/tools/bin/../lib/gcc/arm-none-eabi/13.3.1/thumb/v7e-m+fp/hard\libgcc.a(_aeabi_uldivmod.o)
 .ARM.attributes
                0x00000a11       0x34 E:/project/stm32/STM32CubeIDE_2.0.0/STM32CubeIDE/plugins/com.st.stm32cube.ide.mcu.externaltools.gnu-tools-for-stm32.13.3.rel1.win32_1.0.100.202509120712/tools/bin/../lib/gcc/arm-none-eabi/13.3.1/thumb/v7e-m+fp/hard\libgcc.a(_udivmoddi4.o)
 .ARM.attributes
                0x00000a45       0x22 E:/project/stm32/STM32CubeIDE_2.0.0/STM32CubeIDE/plugins/com.st.stm32cube.ide.mcu.externaltools.gnu-tools-for-stm32.13.3.rel1.win32_1.0.100.202509120712/tools/bin/../lib/gcc/arm-none-eabi/13.3.1/thumb/v7e-m+fp/hard\libgcc.a(_dvmd_tls.o)
 .ARM.attributes
                0x00000a67       0x22 E:/project/stm32/STM32CubeIDE_2.0.0/STM32CubeIDE/plugins/com.st.stm32cube.ide.mcu.externaltools.gnu-tools-for-stm32.13.3.rel1.win32_1.0.100.202509120712/tools/bin/../lib/gcc/arm-none-eabi/13.3.1/thumb/v7e-m+fp/hard/crtn.o
OUTPUT(uwb_1tag.elf elf32-littlearm)
LOAD linker stubs
LOAD E:/project/stm32/STM32CubeIDE_2.0.0/STM32CubeIDE/plugins/com.st.stm32cube.ide.mcu.externaltools.gnu-tools-for-stm32.13.3.rel1.win32_1.0.100.202509120712/tools/bin/../lib/gcc/arm-none-eabi/13.3.1/../../../../arm-none-eabi/lib/thumb/v7e-m+fp/hard\libc.a
LOAD E:/project/stm32/STM32CubeIDE_2.0.0/STM32CubeIDE/plugins/com.st.stm32cube.ide.mcu.externaltools.gnu-tools-for-stm32.13.3.rel1.win32_1.0.100.202509120712/tools/bin/../lib/gcc/arm-none-eabi/13.3.1/../../../../arm-none-eabi/lib/thumb/v7e-m+fp/hard\libm.a
LOAD E:/project/stm32/STM32CubeIDE_2.0.0/STM32CubeIDE/plugins/com.st.stm32cube.ide.mcu.externaltools.gnu-tools-for-stm32.13.3.rel1.win32_1.0.100.202509120712/tools/bin/../lib/gcc/arm-none-eabi/13.3.1/thumb/v7e-m+fp/hard\libgcc.a

.debug_info     0x00000000    0x1f07c
 .debug_info    0x00000000      0x66c ./Core/Src/gpio.o
 .debug_info    0x0000066c      0x984 ./Core/Src/i2c.o
 .debug_info    0x00000ff0      0xd3d ./Core/Src/main.o
 .debug_info    0x00001d2d      0xa1f ./Core/Src/spi.o
 .debug_info    0x0000274c      0x269 ./Core/Src/stm32f4xx_hal_msp.o
 .debug_info    0x000029b5      0xb08 ./Core/Src/stm32f4xx_it.o
 .debug_info    0x000034bd      0x512 ./Core/Src/system_stm32f4xx.o
 .debug_info    0x000039cf      0x994 ./Core/Src/tim.o
 .debug_info    0x00004363      0xb7b ./Core/Src/usart.o
 .debug_info    0x00004ede       0x30 ./Core/Startup/startup_stm32f405rgtx.o
 .debug_info    0x00004f0e      0x6d0 ./Drivers/App/app_uart_handler.o
 .debug_info    0x000055de     0x170b ./Drivers/App/app_uwb.o
 .debug_info    0x00006ce9     0x1d3d ./Drivers/Lib/decadriver/deca_device.o
 .debug_info    0x00008a26      0x2bc ./Drivers/Lib/decadriver/deca_params_init.o
 .debug_info    0x00008ce2      0x112 ./Drivers/Lib/platform/deca_mutex.o
 .debug_info    0x00008df4       0xd9 ./Drivers/Lib/platform/deca_sleep.o
 .debug_info    0x00008ecd      0x9ab ./Drivers/Lib/platform/deca_spi.o
 .debug_info    0x00009878      0xf3a ./Drivers/Lib/platform/port.o
 .debug_info    0x0000a7b2      0x932 ./Drivers/STM32F4xx_HAL_Driver/Src/stm32f4xx_hal.o
 .debug_info    0x0000b0e4      0xd7a ./Drivers/STM32F4xx_HAL_Driver/Src/stm32f4xx_hal_cortex.o
 .debug_info    0x0000be5e      0x8e7 ./Drivers/STM32F4xx_HAL_Driver/Src/stm32f4xx_hal_dma.o
 .debug_info    0x0000c745      0x6c3 ./Drivers/STM32F4xx_HAL_Driver/Src/stm32f4xx_hal_gpio.o
 .debug_info    0x0000ce08     0x2415 ./Drivers/STM32F4xx_HAL_Driver/Src/stm32f4xx_hal_i2c.o
 .debug_info    0x0000f21d     0x156f ./Drivers/STM32F4xx_HAL_Driver/Src/stm32f4xx_hal_pcd.o
 .debug_info    0x0001078c      0x6ea ./Drivers/STM32F4xx_HAL_Driver/Src/stm32f4xx_hal_pcd_ex.o
 .debug_info    0x00010e76      0x8c3 ./Drivers/STM32F4xx_HAL_Driver/Src/stm32f4xx_hal_rcc.o
 .debug_info    0x00011739     0x1525 ./Drivers/STM32F4xx_HAL_Driver/Src/stm32f4xx_hal_spi.o
 .debug_info    0x00012c5e     0x299d ./Drivers/STM32F4xx_HAL_Driver/Src/stm32f4xx_hal_tim.o
 .debug_info    0x000155fb     0x14db ./Drivers/STM32F4xx_HAL_Driver/Src/stm32f4xx_hal_tim_ex.o
 .debug_info    0x00016ad6     0x2f4f ./Drivers/STM32F4xx_HAL_Driver/Src/stm32f4xx_hal_uart.o
 .debug_info    0x00019a25     0x1993 ./Drivers/STM32F4xx_HAL_Driver/Src/stm32f4xx_ll_usb.o
 .debug_info    0x0001b3b8      0xe12 ./Middlewares/ST/STM32_USB_Device_Library/Core/Src/usbd_core.o
 .debug_info    0x0001c1ca      0xaeb ./Middlewares/ST/STM32_USB_Device_Library/Core/Src/usbd_ctlreq.o
 .debug_info    0x0001ccb5      0x762 ./Middlewares/ST/STM32_USB_Device_Library/Core/Src/usbd_ioreq.o
 .debug_info    0x0001d417     0x1c65 ./USB_DEVICE/Target/usbd_conf.o

.debug_abbrev   0x00000000     0x4a2f
 .debug_abbrev  0x00000000      0x174 ./Core/Src/gpio.o
 .debug_abbrev  0x00000174      0x1f1 ./Core/Src/i2c.o
 .debug_abbrev  0x00000365      0x263 ./Core/Src/main.o
 .debug_abbrev  0x000005c8      0x200 ./Core/Src/spi.o
 .debug_abbrev  0x000007c8       0xd8 ./Core/Src/stm32f4xx_hal_msp.o
 .debug_abbrev  0x000008a0      0x1f1 ./Core/Src/stm32f4xx_it.o
 .debug_abbrev  0x00000a91      0x11a ./Core/Src/system_stm32f4xx.o
 .debug_abbrev  0x00000bab      0x1d8 ./Core/Src/tim.o
 .debug_abbrev  0x00000d83      0x218 ./Core/Src/usart.o
 .debug_abbrev  0x00000f9b       0x24 ./Core/Startup/startup_stm32f405rgtx.o
 .debug_abbrev  0x00000fbf      0x208 ./Drivers/App/app_uart_handler.o
 .debug_abbrev  0x000011c7      0x378 ./Drivers/App/app_uwb.o
 .debug_abbrev  0x0000153f      0x2e3 ./Drivers/Lib/decadriver/deca_device.o
 .debug_abbrev  0x00001822       0x96 ./Drivers/Lib/decadriver/deca_params_init.o
 .debug_abbrev  0x000018b8       0xcc ./Drivers/Lib/platform/deca_mutex.o
 .debug_abbrev  0x00001984       0x81 ./Drivers/Lib/platform/deca_sleep.o
 .debug_abbrev  0x00001a05      0x230 ./Drivers/Lib/platform/deca_spi.o
 .debug_abbrev  0x00001c35      0x3a0 ./Drivers/Lib/platform/port.o
 .debug_abbrev  0x00001fd5      0x214 ./Drivers/STM32F4xx_HAL_Driver/Src/stm32f4xx_hal.o
 .debug_abbrev  0x000021e9      0x31d ./Drivers/STM32F4xx_HAL_Driver/Src/stm32f4xx_hal_cortex.o
 .debug_abbrev  0x00002506      0x264 ./Drivers/STM32F4xx_HAL_Driver/Src/stm32f4xx_hal_dma.o
 .debug_abbrev  0x0000276a      0x1d4 ./Drivers/STM32F4xx_HAL_Driver/Src/stm32f4xx_hal_gpio.o
 .debug_abbrev  0x0000293e      0x2ad ./Drivers/STM32F4xx_HAL_Driver/Src/stm32f4xx_hal_i2c.o
 .debug_abbrev  0x00002beb      0x2b9 ./Drivers/STM32F4xx_HAL_Driver/Src/stm32f4xx_hal_pcd.o
 .debug_abbrev  0x00002ea4      0x1da ./Drivers/STM32F4xx_HAL_Driver/Src/stm32f4xx_hal_pcd_ex.o
 .debug_abbrev  0x0000307e      0x2b7 ./Drivers/STM32F4xx_HAL_Driver/Src/stm32f4xx_hal_rcc.o
 .debug_abbrev  0x00003335      0x27a ./Drivers/STM32F4xx_HAL_Driver/Src/stm32f4xx_hal_spi.o
 .debug_abbrev  0x000035af      0x278 ./Drivers/STM32F4xx_HAL_Driver/Src/stm32f4xx_hal_tim.o
 .debug_abbrev  0x00003827      0x283 ./Drivers/STM32F4xx_HAL_Driver/Src/stm32f4xx_hal_tim_ex.o
 .debug_abbrev  0x00003aaa      0x30e ./Drivers/STM32F4xx_HAL_Driver/Src/stm32f4xx_hal_uart.o
 .debug_abbrev  0x00003db8      0x2b3 ./Drivers/STM32F4xx_HAL_Driver/Src/stm32f4xx_ll_usb.o
 .debug_abbrev  0x0000406b      0x27c ./Middlewares/ST/STM32_USB_Device_Library/Core/Src/usbd_core.o
 .debug_abbrev  0x000042e7      0x26f ./Middlewares/ST/STM32_USB_Device_Library/Core/Src/usbd_ctlreq.o
 .debug_abbrev  0x00004556      0x19a ./Middlewares/ST/STM32_USB_Device_Library/Core/Src/usbd_ioreq.o
 .debug_abbrev  0x000046f0      0x33f ./USB_DEVICE/Target/usbd_conf.o

.debug_aranges  0x00000000     0x1d50
 .debug_aranges
                0x00000000       0x20 ./Core/Src/gpio.o
 .debug_aranges
                0x00000020       0x30 ./Core/Src/i2c.o
 .debug_aranges
                0x00000050       0x30 ./Core/Src/main.o
 .debug_aranges
                0x00000080       0x40 ./Core/Src/spi.o
 .debug_aranges
                0x000000c0       0x20 ./Core/Src/stm32f4xx_hal_msp.o
 .debug_aranges
                0x000000e0       0x80 ./Core/Src/stm32f4xx_it.o
 .debug_aranges
                0x00000160       0x28 ./Core/Src/system_stm32f4xx.o
 .debug_aranges
                0x00000188       0x30 ./Core/Src/tim.o
 .debug_aranges
                0x000001b8       0x30 ./Core/Src/usart.o
 .debug_aranges
                0x000001e8       0x28 ./Core/Startup/startup_stm32f405rgtx.o
 .debug_aranges
                0x00000210       0x38 ./Drivers/App/app_uart_handler.o
 .debug_aranges
                0x00000248      0x118 ./Drivers/App/app_uwb.o
 .debug_aranges
                0x00000360      0x358 ./Drivers/Lib/decadriver/deca_device.o
 .debug_aranges
                0x000006b8       0x18 ./Drivers/Lib/decadriver/deca_params_init.o
 .debug_aranges
                0x000006d0       0x28 ./Drivers/Lib/platform/deca_mutex.o
 .debug_aranges
                0x000006f8       0x20 ./Drivers/Lib/platform/deca_sleep.o
 .debug_aranges
                0x00000718       0x38 ./Drivers/Lib/platform/deca_spi.o
 .debug_aranges
                0x00000750       0xd0 ./Drivers/Lib/platform/port.o
 .debug_aranges
                0x00000820       0xf0 ./Drivers/STM32F4xx_HAL_Driver/Src/stm32f4xx_hal.o
 .debug_aranges
                0x00000910      0x130 ./Drivers/STM32F4xx_HAL_Driver/Src/stm32f4xx_hal_cortex.o
 .debug_aranges
                0x00000a40       0x90 ./Drivers/STM32F4xx_HAL_Driver/Src/stm32f4xx_hal_dma.o
 .debug_aranges
                0x00000ad0       0x58 ./Drivers/STM32F4xx_HAL_Driver/Src/stm32f4xx_hal_gpio.o
 .debug_aranges
                0x00000b28      0x2a8 ./Drivers/STM32F4xx_HAL_Driver/Src/stm32f4xx_hal_i2c.o
 .debug_aranges
                0x00000dd0      0x148 ./Drivers/STM32F4xx_HAL_Driver/Src/stm32f4xx_hal_pcd.o
 .debug_aranges
                0x00000f18       0x38 ./Drivers/STM32F4xx_HAL_Driver/Src/stm32f4xx_hal_pcd_ex.o
 .debug_aranges
                0x00000f50       0x88 ./Drivers/STM32F4xx_HAL_Driver/Src/stm32f4xx_hal_rcc.o
 .debug_aranges
                0x00000fd8      0x1d0 ./Drivers/STM32F4xx_HAL_Driver/Src/stm32f4xx_hal_spi.o
 .debug_aranges
                0x000011a8      0x3d0 ./Drivers/STM32F4xx_HAL_Driver/Src/stm32f4xx_hal_tim.o
 .debug_aranges
                0x00001578      0x168 ./Drivers/STM32F4xx_HAL_Driver/Src/stm32f4xx_hal_tim_ex.o
 .debug_aranges
                0x000016e0      0x208 ./Drivers/STM32F4xx_HAL_Driver/Src/stm32f4xx_hal_uart.o
 .debug_aranges
                0x000018e8      0x1a0 ./Drivers/STM32F4xx_HAL_Driver/Src/stm32f4xx_ll_usb.o
 .debug_aranges
                0x00001a88       0xd8 ./Middlewares/ST/STM32_USB_Device_Library/Core/Src/usbd_core.o
 .debug_aranges
                0x00001b60       0x90 ./Middlewares/ST/STM32_USB_Device_Library/Core/Src/usbd_ctlreq.o
 .debug_aranges
                0x00001bf0       0x50 ./Middlewares/ST/STM32_USB_Device_Library/Core/Src/usbd_ioreq.o
 .debug_aranges
                0x00001c40      0x110 ./USB_DEVICE/Target/usbd_conf.o

.debug_rnglists
                0x00000000     0x169f
 .debug_rnglists
                0x00000000       0x14 ./Core/Src/gpio.o
 .debug_rnglists
                0x00000014       0x20 ./Core/Src/i2c.o
 .debug_rnglists
                0x00000034       0x21 ./Core/Src/main.o
 .debug_rnglists
                0x00000055       0x2d ./Core/Src/spi.o
 .debug_rnglists
                0x00000082       0x13 ./Core/Src/stm32f4xx_hal_msp.o
 .debug_rnglists
                0x00000095       0x5b ./Core/Src/stm32f4xx_it.o
 .debug_rnglists
                0x000000f0       0x1a ./Core/Src/system_stm32f4xx.o
 .debug_rnglists
                0x0000010a       0x20 ./Core/Src/tim.o
 .debug_rnglists
                0x0000012a       0x20 ./Core/Src/usart.o
 .debug_rnglists
                0x0000014a       0x19 ./Core/Startup/startup_stm32f405rgtx.o
 .debug_rnglists
                0x00000163       0x26 ./Drivers/App/app_uart_handler.o
 .debug_rnglists
                0x00000189       0xda ./Drivers/App/app_uwb.o
 .debug_rnglists
                0x00000263      0x293 ./Drivers/Lib/decadriver/deca_device.o
 .debug_rnglists
                0x000004f6       0x19 ./Drivers/Lib/platform/deca_mutex.o
 .debug_rnglists
                0x0000050f       0x13 ./Drivers/Lib/platform/deca_sleep.o
 .debug_rnglists
                0x00000522       0x26 ./Drivers/Lib/platform/deca_spi.o
 .debug_rnglists
                0x00000548       0x97 ./Drivers/Lib/platform/port.o
 .debug_rnglists
                0x000005df       0xaf ./Drivers/STM32F4xx_HAL_Driver/Src/stm32f4xx_hal.o
 .debug_rnglists
                0x0000068e       0xe0 ./Drivers/STM32F4xx_HAL_Driver/Src/stm32f4xx_hal_cortex.o
 .debug_rnglists
                0x0000076e       0x70 ./Drivers/STM32F4xx_HAL_Driver/Src/stm32f4xx_hal_dma.o
 .debug_rnglists
                0x000007de       0x3f ./Drivers/STM32F4xx_HAL_Driver/Src/stm32f4xx_hal_gpio.o
 .debug_rnglists
                0x0000081d      0x23c ./Drivers/STM32F4xx_HAL_Driver/Src/stm32f4xx_hal_i2c.o
 .debug_rnglists
                0x00000a59       0xfa ./Drivers/STM32F4xx_HAL_Driver/Src/stm32f4xx_hal_pcd.o
 .debug_rnglists