../Drivers/App/app_uwb.c:90:6:app_uwb_init	8	static
../Drivers/App/app_uwb.c:107:6:transmit_beacon	24	static
../Drivers/App/app_uwb.c:126:9:receive_beacon_and_sync	48	static
../Drivers/App/app_uwb.c:177:6:twr_tag	72	static
../Drivers/App/app_uwb.c:240:6:twr_anchor	80	static
../Drivers/App/app_uwb.c:304:6:distance_send	48	static
../Drivers/App/app_uwb.c:328:6:distance_revc	40	static
../Drivers/App/app_uwb.c:363:6:item_orientation_send	16	static
../Drivers/App/app_uwb.c:386:6:item_orientation_revc	24	static
../Drivers/App/app_uwb.c:422:6:guide_revc	24	static
../Drivers/App/app_uwb.c:461:6:guide_send	16	static
../Drivers/App/app_uwb.c:482:8:get_rx_timestamp_u64	48	static
../Drivers/App/app_uwb.c:496:6:resp_msg_set_ts	40	static
../Drivers/App/app_uwb.c:503:6:resp_msg_get_ts	24	static
../Drivers/App/app_uwb.c:514:6:dis_msg_set	24	static
../Drivers/App/app_uwb.c:523:6:dis_msg_get	24	static
../Drivers/App/app_uwb.c:575:6:app_uwb_process_beacon_tag	16	static
../Drivers/App/app_uwb.c:622:6:app_uwb_process_beacon_anchor	24	static
../Drivers/App/app_uwb.c:671:9:is_system_synchronized	4	static
../Drivers/App/app_uwb.c:676:9:get_missed_beacon_count	4	static
../Drivers/App/app_uwb.c:681:6:app_uwb_process_twr_tag	32	static
../Drivers/App/app_uwb.c:706:6:app_uwb_process_twr_anchor	24	static
../Drivers/App/app_uwb.c:731:6:app_uwb_process_dist_send	48	static
../Drivers/App/app_uwb.c:742:6:app_uwb_process_dist_revc	32	static
../Drivers/App/app_uwb.c:757:6:app_uwb_process_item_orientation_send	16	static
../Drivers/App/app_uwb.c:769:6:app_uwb_process_item_orientation_revc	24	static
../Drivers/App/app_uwb.c:785:6:app_uwb_process_guide_revc	16	static
../Drivers/App/app_uwb.c:798:6:app_uwb_process_guide_send	24	static
../Drivers/App/app_uwb.c:808:10:get_signal_quality	32	static
../Drivers/App/app_uwb.c:814:7:get_signal_data	24	static
../Drivers/App/app_uwb.c:821:14:calculate_rssi_formula	40	static
../Drivers/App/app_uwb.c:842:7:get_rssi_dBm	32	static
