../Drivers/CMSIS/Include/core_cm4.h:1684:22:__NVIC_EnableIRQ	16	static,ignoring_inline_asm
../Drivers/CMSIS/Include/core_cm4.h:1722:22:__NVIC_DisableIRQ	16	static,ignoring_inline_asm
../Drivers/Lib/platform/port.c:63:1:portGetTickCnt	8	static
../Drivers/Lib/platform/port.c:73:5:usleep	24	static
../Drivers/Lib/platform/port.c:84:1:Sleep	16	static
../Drivers/Lib/platform/port.c:103:5:peripherals_init	4	static
../Drivers/Lib/platform/port.c:131:10:EXTI_GetITEnStatus	16	static
../Drivers/Lib/platform/port.c:154:6:reset_DW1000	32	static
../Drivers/Lib/platform/port.c:183:6:setup_DW1000RSTnIRQ	40	static
../Drivers/Lib/platform/port.c:218:5:port_is_boot1_low	8	static
../Drivers/Lib/platform/port.c:227:5:port_is_boot1_on	16	static
../Drivers/Lib/platform/port.c:237:5:port_is_switch_on	16	static
../Drivers/Lib/platform/port.c:309:6:port_wakeup_dw1000	8	static
../Drivers/Lib/platform/port.c:322:6:port_wakeup_dw1000_fast	16	static
../Drivers/Lib/platform/port.c:354:6:port_set_dw1000_slowrate	8	static
../Drivers/Lib/platform/port.c:364:6:port_set_dw1000_fastrate	8	static
../Drivers/Lib/platform/port.c:420:6:HAL_GPIO_EXTI_Callback	16	static
../Drivers/Lib/platform/port.c:440:15:process_deca_irq	8	static
../Drivers/Lib/platform/port.c:455:15:port_DisableEXT_IRQ	8	static
../Drivers/Lib/platform/port.c:464:15:port_EnableEXT_IRQ	8	static
../Drivers/Lib/platform/port.c:473:19:port_GetEXT_IRQStatus	8	static
../Drivers/Lib/platform/port.c:482:19:port_CheckEXT_IRQ	8	static
../Drivers/Lib/platform/port.c:637:6:port_set_deca_isr	24	static
